../USB_LIB/Src/usb_core.c:39:20:USB_OTG_CoreReset.isra	24	static
../USB_LIB/Src/usb_core.c:76:13:USB_OTG_WritePacket	8	static
../USB_LIB/Src/usb_core.c:99:7:USB_OTG_ReadPacket	12	static
../USB_LIB/Src/usb_core.c:132:13:USB_OTG_SelectCore	16	static
../USB_LIB/Src/usb_core.c:203:13:USB_OTG_CoreInit	16	static
../USB_LIB/Src/usb_core.c:331:13:USB_OTG_EnableGlobalInt	0	static
../USB_LIB/Src/usb_core.c:344:13:USB_OTG_DisableGlobalInt	0	static
../USB_LIB/Src/usb_core.c:356:13:USB_OTG_FlushTxFifo	16	static
../USB_LIB/Src/usb_core.c:382:13:USB_OTG_FlushRxFifo	16	static
../USB_LIB/Src/usb_core.c:407:13:USB_OTG_SetCurrentMode	8	static
../USB_LIB/Src/usb_core.c:433:10:USB_OTG_GetMode	0	static
../USB_LIB/Src/usb_core.c:440:9:USB_OTG_IsDeviceMode	0	static
../USB_LIB/Src/usb_core.c:447:9:USB_OTG_IsHostMode	0	static
../USB_LIB/Src/usb_core.c:454:10:USB_OTG_ReadCoreItr	0	static
../USB_LIB/Src/usb_core.c:464:10:USB_OTG_ReadOtgItr	0	static
../USB_LIB/Src/usb_core.c:472:6:USB_OTG_InitDevSpeed	0	static
../USB_LIB/Src/usb_core.c:678:13:USB_OTG_EnableDevInt	0	static
../USB_LIB/Src/usb_core.c:483:13:USB_OTG_CoreInitDev	24	static
../USB_LIB/Src/usb_core.c:722:20:USB_OTG_GetDeviceSpeed	0	static
../USB_LIB/Src/usb_core.c:750:14:USB_OTG_EP0Activate	0	static
../USB_LIB/Src/usb_core.c:781:13:USB_OTG_EPActivate	16	static
../USB_LIB/Src/usb_core.c:822:13:USB_OTG_EPDeactivate	8	static
../USB_LIB/Src/usb_core.c:853:13:USB_OTG_EPStartXfer	24	static
../USB_LIB/Src/usb_core.c:980:13:USB_OTG_EP0StartXfer	24	static
../USB_LIB/Src/usb_core.c:1077:13:USB_OTG_EPSetStall	0	static
../USB_LIB/Src/usb_core.c:1109:13:USB_OTG_EPClearStall	0	static
../USB_LIB/Src/usb_core.c:1138:10:USB_OTG_ReadDevAllOutEp_itr	0	static
../USB_LIB/Src/usb_core.c:1148:10:USB_OTG_ReadDevOutEP_itr	0	static
../USB_LIB/Src/usb_core.c:1158:10:USB_OTG_ReadDevAllInEPItr	0	static
../USB_LIB/Src/usb_core.c:1167:6:USB_OTG_EP0_OutStart	0	static
../USB_LIB/Src/usb_core.c:1192:6:USB_OTG_ActiveRemoteWakeup	8	static
../USB_LIB/Src/usb_core.c:1224:6:USB_OTG_UngateClock	0	static
../USB_LIB/Src/usb_core.c:1247:6:USB_OTG_StopDevice	16	static
../USB_LIB/Src/usb_core.c:1271:10:USB_OTG_GetEPStatus	0	static
../USB_LIB/Src/usb_core.c:1308:6:USB_OTG_SetEPStatus	12	static
../USB_LIB/Src/usb_core.c:1373:14:USB_OTG_DevConnect	0	static
../USB_LIB/Src/usb_core.c:1383:13:USB_OTG_Start	8	static
