Archive member included to satisfy reference by file (symbol)

C:/ST/STM32CubeIDE_1.13.2/STM32CubeIDE/plugins/com.st.stm32cube.ide.mcu.externaltools.gnu-tools-for-stm32.11.3.rel1.win32_1.1.1.202309131626/tools/bin/../lib/gcc/arm-none-eabi/11.3.1/../../../../arm-none-eabi/lib/thumb/v7e-m+fp/hard\libc_nano.a(libc_a-exit.o)
                              C:/ST/STM32CubeIDE_1.13.2/STM32CubeIDE/plugins/com.st.stm32cube.ide.mcu.externaltools.gnu-tools-for-stm32.11.3.rel1.win32_1.1.1.202309131626/tools/bin/../lib/gcc/arm-none-eabi/11.3.1/../../../../arm-none-eabi/lib/thumb/v7e-m+fp/hard/crt0.o (exit)
C:/ST/STM32CubeIDE_1.13.2/STM32CubeIDE/plugins/com.st.stm32cube.ide.mcu.externaltools.gnu-tools-for-stm32.11.3.rel1.win32_1.1.1.202309131626/tools/bin/../lib/gcc/arm-none-eabi/11.3.1/../../../../arm-none-eabi/lib/thumb/v7e-m+fp/hard\libc_nano.a(libc_a-findfp.o)
                              C:/ST/STM32CubeIDE_1.13.2/STM32CubeIDE/plugins/com.st.stm32cube.ide.mcu.externaltools.gnu-tools-for-stm32.11.3.rel1.win32_1.1.1.202309131626/tools/bin/../lib/gcc/arm-none-eabi/11.3.1/../../../../arm-none-eabi/lib/thumb/v7e-m+fp/hard\libc_nano.a(libc_a-exit.o) (__stdio_exit_handler)
C:/ST/STM32CubeIDE_1.13.2/STM32CubeIDE/plugins/com.st.stm32cube.ide.mcu.externaltools.gnu-tools-for-stm32.11.3.rel1.win32_1.1.1.202309131626/tools/bin/../lib/gcc/arm-none-eabi/11.3.1/../../../../arm-none-eabi/lib/thumb/v7e-m+fp/hard\libc_nano.a(libc_a-fwalk.o)
                              C:/ST/STM32CubeIDE_1.13.2/STM32CubeIDE/plugins/com.st.stm32cube.ide.mcu.externaltools.gnu-tools-for-stm32.11.3.rel1.win32_1.1.1.202309131626/tools/bin/../lib/gcc/arm-none-eabi/11.3.1/../../../../arm-none-eabi/lib/thumb/v7e-m+fp/hard\libc_nano.a(libc_a-findfp.o) (_fwalk_sglue)
C:/ST/STM32CubeIDE_1.13.2/STM32CubeIDE/plugins/com.st.stm32cube.ide.mcu.externaltools.gnu-tools-for-stm32.11.3.rel1.win32_1.1.1.202309131626/tools/bin/../lib/gcc/arm-none-eabi/11.3.1/../../../../arm-none-eabi/lib/thumb/v7e-m+fp/hard\libc_nano.a(libc_a-stdio.o)
                              C:/ST/STM32CubeIDE_1.13.2/STM32CubeIDE/plugins/com.st.stm32cube.ide.mcu.externaltools.gnu-tools-for-stm32.11.3.rel1.win32_1.1.1.202309131626/tools/bin/../lib/gcc/arm-none-eabi/11.3.1/../../../../arm-none-eabi/lib/thumb/v7e-m+fp/hard\libc_nano.a(libc_a-findfp.o) (__sread)
C:/ST/STM32CubeIDE_1.13.2/STM32CubeIDE/plugins/com.st.stm32cube.ide.mcu.externaltools.gnu-tools-for-stm32.11.3.rel1.win32_1.1.1.202309131626/tools/bin/../lib/gcc/arm-none-eabi/11.3.1/../../../../arm-none-eabi/lib/thumb/v7e-m+fp/hard\libc_nano.a(libc_a-memset.o)
                              C:/ST/STM32CubeIDE_1.13.2/STM32CubeIDE/plugins/com.st.stm32cube.ide.mcu.externaltools.gnu-tools-for-stm32.11.3.rel1.win32_1.1.1.202309131626/tools/bin/../lib/gcc/arm-none-eabi/11.3.1/../../../../arm-none-eabi/lib/thumb/v7e-m+fp/hard/crt0.o (memset)
C:/ST/STM32CubeIDE_1.13.2/STM32CubeIDE/plugins/com.st.stm32cube.ide.mcu.externaltools.gnu-tools-for-stm32.11.3.rel1.win32_1.1.1.202309131626/tools/bin/../lib/gcc/arm-none-eabi/11.3.1/../../../../arm-none-eabi/lib/thumb/v7e-m+fp/hard\libc_nano.a(libc_a-closer.o)
                              C:/ST/STM32CubeIDE_1.13.2/STM32CubeIDE/plugins/com.st.stm32cube.ide.mcu.externaltools.gnu-tools-for-stm32.11.3.rel1.win32_1.1.1.202309131626/tools/bin/../lib/gcc/arm-none-eabi/11.3.1/../../../../arm-none-eabi/lib/thumb/v7e-m+fp/hard\libc_nano.a(libc_a-stdio.o) (_close_r)
C:/ST/STM32CubeIDE_1.13.2/STM32CubeIDE/plugins/com.st.stm32cube.ide.mcu.externaltools.gnu-tools-for-stm32.11.3.rel1.win32_1.1.1.202309131626/tools/bin/../lib/gcc/arm-none-eabi/11.3.1/../../../../arm-none-eabi/lib/thumb/v7e-m+fp/hard\libc_nano.a(libc_a-reent.o)
                              C:/ST/STM32CubeIDE_1.13.2/STM32CubeIDE/plugins/com.st.stm32cube.ide.mcu.externaltools.gnu-tools-for-stm32.11.3.rel1.win32_1.1.1.202309131626/tools/bin/../lib/gcc/arm-none-eabi/11.3.1/../../../../arm-none-eabi/lib/thumb/v7e-m+fp/hard\libc_nano.a(libc_a-closer.o) (errno)
C:/ST/STM32CubeIDE_1.13.2/STM32CubeIDE/plugins/com.st.stm32cube.ide.mcu.externaltools.gnu-tools-for-stm32.11.3.rel1.win32_1.1.1.202309131626/tools/bin/../lib/gcc/arm-none-eabi/11.3.1/../../../../arm-none-eabi/lib/thumb/v7e-m+fp/hard\libc_nano.a(libc_a-impure.o)
                              C:/ST/STM32CubeIDE_1.13.2/STM32CubeIDE/plugins/com.st.stm32cube.ide.mcu.externaltools.gnu-tools-for-stm32.11.3.rel1.win32_1.1.1.202309131626/tools/bin/../lib/gcc/arm-none-eabi/11.3.1/../../../../arm-none-eabi/lib/thumb/v7e-m+fp/hard\libc_nano.a(libc_a-reent.o) (_impure_ptr)
C:/ST/STM32CubeIDE_1.13.2/STM32CubeIDE/plugins/com.st.stm32cube.ide.mcu.externaltools.gnu-tools-for-stm32.11.3.rel1.win32_1.1.1.202309131626/tools/bin/../lib/gcc/arm-none-eabi/11.3.1/../../../../arm-none-eabi/lib/thumb/v7e-m+fp/hard\libc_nano.a(libc_a-lseekr.o)
[...]
Memory Configuration

Name             Origin             Length             Attributes
CCMRAM           0x0000000010000000 0x0000000000010000 xrw
RAM              0x0000000020000000 0x0000000000030000 xrw
FLASH            0x0000000008000000 0x0000000000200000 xr
*default*        0x0000000000000000 0xffffffffffffffff

Linker script and memory map

LOAD C:/ST/STM32CubeIDE_1.13.2/STM32CubeIDE/plugins/com.st.stm32cube.ide.mcu.externaltools.gnu-tools-for-stm32.11.3.rel1.win32_1.1.1.202309131626/tools/bin/../lib/gcc/arm-none-eabi/11.3.1/thumb/v7e-m+fp/hard/crti.o
LOAD C:/ST/STM32CubeIDE_1.13.2/STM32CubeIDE/plugins/com.st.stm32cube.ide.mcu.externaltools.gnu-tools-for-stm32.11.3.rel1.win32_1.1.1.202309131626/tools/bin/../lib/gcc/arm-none-eabi/11.3.1/thumb/v7e-m+fp/hard/crtbegin.o
LOAD C:/ST/STM32CubeIDE_1.13.2/STM32CubeIDE/plugins/com.st.stm32cube.ide.mcu.externaltools.gnu-tools-for-stm32.11.3.rel1.win32_1.1.1.202309131626/tools/bin/../lib/gcc/arm-none-eabi/11.3.1/../../../../arm-none-eabi/lib/thumb/v7e-m+fp/hard/crt0.o
LOAD ./Driver/STM32F4xx_HAL_Driver/Inc/stm32f4xx_ll_fmc.o
LOAD ./Driver/STM32F4xx_HAL_Driver/Src/stm32f4xx_hal.o
LOAD ./Driver/STM32F4xx_HAL_Driver/Src/stm32f4xx_hal_cortex.o
LOAD ./Driver/STM32F4xx_HAL_Driver/Src/stm32f4xx_hal_dcmi.o
LOAD ./Driver/STM32F4xx_HAL_Driver/Src/stm32f4xx_hal_dma.o
LOAD ./Driver/STM32F4xx_HAL_Driver/Src/stm32f4xx_hal_dma_ex.o
LOAD ./Driver/STM32F4xx_HAL_Driver/Src/stm32f4xx_hal_exti.o
LOAD ./Driver/STM32F4xx_HAL_Driver/Src/stm32f4xx_hal_flash.o
LOAD ./Driver/STM32F4xx_HAL_Driver/Src/stm32f4xx_hal_flash_ex.o
LOAD ./Driver/STM32F4xx_HAL_Driver/Src/stm32f4xx_hal_flash_ramfunc.o
LOAD ./Driver/STM32F4xx_HAL_Driver/Src/stm32f4xx_hal_gpio.o
LOAD ./Driver/STM32F4xx_HAL_Driver/Src/stm32f4xx_hal_pwr.o
LOAD ./Driver/STM32F4xx_HAL_Driver/Src/stm32f4xx_hal_pwr_ex.o
LOAD ./Driver/STM32F4xx_HAL_Driver/Src/stm32f4xx_hal_rcc.o
LOAD ./Driver/STM32F4xx_HAL_Driver/Src/stm32f4xx_hal_rcc_ex.o
LOAD ./Driver/STM32F4xx_HAL_Driver/Src/stm32f4xx_hal_sdram.o
LOAD ./Driver/STM32F4xx_HAL_Driver/Src/stm32f4xx_hal_tim.o
LOAD ./Driver/STM32F4xx_HAL_Driver/Src/stm32f4xx_hal_tim_ex.o
LOAD ./Driver/STM32F4xx_HAL_Driver/Src/stm32f4xx_hal_uart.o
LOAD ./Middlewares/Class/CDC/Src/usbd_cdc.o
LOAD ./Middlewares/Class/Composite/Src/usbd_composite.o
LOAD ./Middlewares/Class/UVC/Src/usbd_uvc.o
LOAD ./Startup/startup_stm32f429iitx.o
LOAD ./USB_LIB/Inc/usb_dcd_int.o
LOAD ./USB_LIB/Src/usb_bsp.o
LOAD ./USB_LIB/Src/usb_core.o
LOAD ./USB_LIB/Src/usb_dcd.o
LOAD ./USB_LIB/Src/usbd_cdc_if.o
LOAD ./USB_LIB/Src/usbd_core.o
LOAD ./USB_LIB/Src/usbd_desc.o
LOAD ./USB_LIB/Src/usbd_ioreq.o
LOAD ./USB_LIB/Src/usbd_req.o
LOAD ./USB_LIB/Src/usbd_usr.o
LOAD ./User/Src/camera.o
LOAD ./User/Src/dcmi.o
LOAD ./User/Src/err.o
LOAD ./User/Src/gpio.o
LOAD ./User/Src/main.o
LOAD ./User/Src/sdram.o
LOAD ./User/Src/stm32f4xx_hal_msp.o
LOAD ./User/Src/stm32f4xx_it.o
LOAD ./User/Src/syscalls.o
LOAD ./User/Src/sysmem.o
LOAD ./User/Src/system_stm32f4xx.o
LOAD ./User/Src/uart.o
LOAD ./User/Src/usb_device.o
START GROUP
LOAD C:/ST/STM32CubeIDE_1.13.2/STM32CubeIDE/plugins/com.st.stm32cube.ide.mcu.externaltools.gnu-tools-for-stm32.11.3.rel1.win32_1.1.1.202309131626/tools/bin/../lib/gcc/arm-none-eabi/11.3.1/../../../../arm-none-eabi/lib/thumb/v7e-m+fp/hard\libc_nano.a
LOAD C:/ST/STM32CubeIDE_1.13.2/STM32CubeIDE/plugins/com.st.stm32cube.ide.mcu.externaltools.gnu-tools-for-stm32.11.3.rel1.win32_1.1.1.202309131626/tools/bin/../lib/gcc/arm-none-eabi/11.3.1/../../../../arm-none-eabi/lib/thumb/v7e-m+fp/hard\libm.a
END GROUP
START GROUP
LOAD C:/ST/STM32CubeIDE_1.13.2/STM32CubeIDE/plugins/com.st.stm32cube.ide.mcu.externaltools.gnu-tools-for-stm32.11.3.rel1.win32_1.1.1.202309131626/tools/bin/../lib/gcc/arm-none-eabi/11.3.1/thumb/v7e-m+fp/hard\libgcc.a
LOAD C:/ST/STM32CubeIDE_1.13.2/STM32CubeIDE/plugins/com.st.stm32cube.ide.mcu.externaltools.gnu-tools-for-stm32.11.3.rel1.win32_1.1.1.202309131626/tools/bin/../lib/gcc/arm-none-eabi/11.3.1/../../../../arm-none-eabi/lib/thumb/v7e-m+fp/hard\libc_nano.a
END GROUP
START GROUP
LOAD C:/ST/STM32CubeIDE_1.13.2/STM32CubeIDE/plugins/com.st.stm32cube.ide.mcu.externaltools.gnu-tools-for-stm32.11.3.rel1.win32_1.1.1.202309131626/tools/bin/../lib/gcc/arm-none-eabi/11.3.1/thumb/v7e-m+fp/hard\libgcc.a
LOAD C:/ST/STM32CubeIDE_1.13.2/STM32CubeIDE/plugins/com.st.stm32cube.ide.mcu.externaltools.gnu-tools-for-stm32.11.3.rel1.win32_1.1.1.202309131626/tools/bin/../lib/gcc/arm-none-eabi/11.3.1/../../../../arm-none-eabi/lib/thumb/v7e-m+fp/hard\libc_nano.a
LOAD C:/ST/STM32CubeIDE_1.13.2/STM32CubeIDE/plugins/com.st.stm32cube.ide.mcu.externaltools.gnu-tools-for-stm32.11.3.rel1.win32_1.1.1.202309131626/tools/bin/../lib/gcc/arm-none-eabi/11.3.1/../../../../arm-none-eabi/lib/thumb/v7e-m+fp/hard\libnosys.a
END GROUP
START GROUP
LOAD C:/ST/STM32CubeIDE_1.13.2/STM32CubeIDE/plugins/com.st.stm32cube.ide.mcu.externaltools.gnu-tools-for-stm32.11.3.rel1.win32_1.1.1.202309131626/tools/bin/../lib/gcc/arm-none-eabi/11.3.1/thumb/v7e-m+fp/hard\libgcc.a
LOAD C:/ST/STM32CubeIDE_1.13.2/STM32CubeIDE/plugins/com.st.stm32cube.ide.mcu.externaltools.gnu-tools-for-stm32.11.3.rel1.win32_1.1.1.202309131626/tools/bin/../lib/gcc/arm-none-eabi/11.3.1/../../../../arm-none-eabi/lib/thumb/v7e-m+fp/hard\libc_nano.a
LOAD C:/ST/STM32CubeIDE_1.13.2/STM32CubeIDE/plugins/com.st.stm32cube.ide.mcu.externaltools.gnu-tools-for-stm32.11.3.rel1.win32_1.1.1.202309131626/tools/bin/../lib/gcc/arm-none-eabi/11.3.1/../../../../arm-none-eabi/lib/thumb/v7e-m+fp/hard\libnosys.a
END GROUP
LOAD C:/ST/STM32CubeIDE_1.13.2/STM32CubeIDE/plugins/com.st.stm32cube.ide.mcu.externaltools.gnu-tools-for-stm32.11.3.rel1.win32_1.1.1.202309131626/tools/bin/../lib/gcc/arm-none-eabi/11.3.1/thumb/v7e-m+fp/hard/crtend.o
LOAD C:/ST/STM32CubeIDE_1.13.2/STM32CubeIDE/plugins/com.st.stm32cube.ide.mcu.externaltools.gnu-tools-for-stm32.11.3.rel1.win32_1.1.1.202309131626/tools/bin/../lib/gcc/arm-none-eabi/11.3.1/thumb/v7e-m+fp/hard/crtn.o
                0x0000000020030000                _estack = (ORIGIN (RAM) + LENGTH (RAM))
                0x0000000000000200                _Min_Heap_Size = 0x200
                0x0000000000000400                _Min_Stack_Size = 0x400

.isr_vector     0x0000000008000000      0x1ac
                0x0000000008000000                . = ALIGN (0x4)
 *(.isr_vector)
 .isr_vector    0x0000000008000000      0x1ac ./Startup/startup_stm32f429iitx.o
                0x0000000008000000                g_pfnVectors
                0x00000000080001ac                . = ALIGN (0x4)

.text           0x00000000080001b0     0x5ca0
                0x00000000080001b0                . = ALIGN (0x4)
 *(.text)
 .text          0x00000000080001b0       0x40 C:/ST/STM32CubeIDE_1.13.2/STM32CubeIDE/plugins/com.st.stm32cube.ide.mcu.externaltools.gnu-tools-for-stm32.11.3.rel1.win32_1.1.1.202309131626/tools/bin/../lib/gcc/arm-none-eabi/11.3.1/thumb/v7e-m+fp/hard/crtbegin.o
 .text          0x00000000080001f0       0x14 C:/ST/STM32CubeIDE_1.13.2/STM32CubeIDE/plugins/com.st.stm32cube.ide.mcu.externaltools.gnu-tools-for-stm32.11.3.rel1.win32_1.1.1.202309131626/tools/bin/../lib/gcc/arm-none-eabi/11.3.1/../../../../arm-none-eabi/lib/thumb/v7e-m+fp/hard\libc_nano.a(libc_a-strcmp.o)
                0x00000000080001f0                strcmp
 .text          0x0000000008000204       0x10 C:/ST/STM32CubeIDE_1.13.2/STM32CubeIDE/plugins/com.st.stm32cube.ide.mcu.externaltools.gnu-tools-for-stm32.11.3.rel1.win32_1.1.1.202309131626/tools/bin/../lib/gcc/arm-none-eabi/11.3.1/../../../../arm-none-eabi/lib/thumb/v7e-m+fp/hard\libc_nano.a(libc_a-strlen.o)
                0x0000000008000204                strlen
 .text          0x0000000008000214       0x30 C:/ST/STM32CubeIDE_1.13.2/STM32CubeIDE/plugins/com.st.stm32cube.ide.mcu.externaltools.gnu-tools-for-stm32.11.3.rel1.win32_1.1.1.202309131626/tools/bin/../lib/gcc/arm-none-eabi/11.3.1/thumb/v7e-m+fp/hard\libgcc.a(_aeabi_uldivmod.o)
                0x0000000008000214                __aeabi_uldivmod
 .text          0x0000000008000244      0x2c8 C:/ST/STM32CubeIDE_1.13.2/STM32CubeIDE/plugins/com.st.stm32cube.ide.mcu.externaltools.gnu-tools-for-stm32.11.3.rel1.win32_1.1.1.202309131626/tools/bin/../lib/gcc/arm-none-eabi/11.3.1/thumb/v7e-m+fp/hard\libgcc.a(_udivmoddi4.o)
                0x0000000008000244                __udivmoddi4
 .text          0x000000000800050c        0x4 C:/ST/STM32CubeIDE_1.13.2/STM32CubeIDE/plugins/com.st.stm32cube.ide.mcu.externaltools.gnu-tools-for-stm32.11.3.rel1.win32_1.1.1.202309131626/tools/bin/../lib/gcc/arm-none-eabi/11.3.1/thumb/v7e-m+fp/hard\libgcc.a(_dvmd_tls.o)
                0x000000000800050c                __aeabi_idiv0
                0x000000000800050c                __aeabi_ldiv0
 *(.text*)
 .text.FMC_SDRAM_Init
                0x0000000008000510       0x7c ./Driver/STM32F4xx_HAL_Driver/Inc/stm32f4xx_ll_fmc.o
                0x0000000008000510                FMC_SDRAM_Init
 .text.FMC_SDRAM_Timing_Init
                0x000000000800058c       0x98 ./Driver/STM32F4xx_HAL_Driver/Inc/stm32f4xx_ll_fmc.o
                0x000000000800058c                FMC_SDRAM_Timing_Init
 .text.FMC_SDRAM_SendCommand
                0x0000000008000624       0x54 ./Driver/STM32F4xx_HAL_Driver/Inc/stm32f4xx_ll_fmc.o
                0x0000000008000624                FMC_SDRAM_SendCommand
 .text.FMC_SDRAM_ProgramRefreshRate
                0x0000000008000678       0x18 ./Driver/STM32F4xx_HAL_Driver/Inc/stm32f4xx_ll_fmc.o
                0x0000000008000678                FMC_SDRAM_ProgramRefreshRate
 .text.HAL_InitTick
                0x0000000008000690       0x48 ./Driver/STM32F4xx_HAL_Driver/Src/stm32f4xx_hal.o
                0x0000000008000690                HAL_InitTick
 .text.HAL_Init
                0x00000000080006d8       0x34 ./Driver/STM32F4xx_HAL_Driver/Src/stm32f4xx_hal.o
                0x00000000080006d8                HAL_Init
 .text.HAL_IncTick
                0x000000000800070c       0x18 ./Driver/STM32F4xx_HAL_Driver/Src/stm32f4xx_hal.o
                0x000000000800070c                HAL_IncTick
 .text.HAL_GetTick
                0x0000000008000724        0xc ./Driver/STM32F4xx_HAL_Driver/Src/stm32f4xx_hal.o
                0x0000000008000724                HAL_GetTick
 .text.HAL_Delay
                0x0000000008000730       0x24 ./Driver/STM32F4xx_HAL_Driver/Src/stm32f4xx_hal.o
                0x0000000008000730                HAL_Delay
 .text.HAL_NVIC_SetPriorityGrouping
                0x0000000008000754       0x24 ./Driver/STM32F4xx_HAL_Driver/Src/stm32f4xx_hal_cortex.o
                0x0000000008000754                HAL_NVIC_SetPriorityGrouping
 .text.HAL_NVIC_SetPriority
                0x0000000008000778       0x7c ./Driver/STM32F4xx_HAL_Driver/Src/stm32f4xx_hal_cortex.o
                0x0000000008000778                HAL_NVIC_SetPriority
 .text.HAL_NVIC_EnableIRQ
                0x00000000080007f4       0x1c ./Driver/STM32F4xx_HAL_Driver/Src/stm32f4xx_hal_cortex.o
                0x00000000080007f4                HAL_NVIC_EnableIRQ
 .text.HAL_SYSTICK_Config
                0x0000000008000810       0x34 ./Driver/STM32F4xx_HAL_Driver/Src/stm32f4xx_hal_cortex.o
                0x0000000008000810                HAL_SYSTICK_Config
 .text.DCMI_DMAXferCplt
                0x0000000008000844       0x8c ./Driver/STM32F4xx_HAL_Driver/Src/stm32f4xx_hal_dcmi.o
 .text.HAL_DCMI_Init
                0x00000000080008d0       0x78 ./Driver/STM32F4xx_HAL_Driver/Src/stm32f4xx_hal_dcmi.o
                0x00000000080008d0                HAL_DCMI_Init
 .text.HAL_DCMI_Start_DMA
                0x0000000008000948       0xd4 ./Driver/STM32F4xx_HAL_Driver/Src/stm32f4xx_hal_dcmi.o
                0x0000000008000948                HAL_DCMI_Start_DMA
 .text.HAL_DCMI_ErrorCallback
                0x0000000008000a1c        0x4 ./Driver/STM32F4xx_HAL_Driver/Src/stm32f4xx_hal_dcmi.o
                0x0000000008000a1c                HAL_DCMI_ErrorCallback
 .text.DCMI_DMAError
                0x0000000008000a20       0x18 ./Driver/STM32F4xx_HAL_Driver/Src/stm32f4xx_hal_dcmi.o
 .text.HAL_DCMI_VsyncEventCallback
                0x0000000008000a38        0x4 ./Driver/STM32F4xx_HAL_Driver/Src/stm32f4xx_hal_dcmi.o
                0x0000000008000a38                HAL_DCMI_VsyncEventCallback
 .text.HAL_DCMI_FrameEventCallback
                0x0000000008000a3c        0x4 ./Driver/STM32F4xx_HAL_Driver/Src/stm32f4xx_hal_dcmi.o
                0x0000000008000a3c                HAL_DCMI_FrameEventCallback
 .text.HAL_DCMI_IRQHandler
                0x0000000008000a40       0xa8 ./Driver/STM32F4xx_HAL_Driver/Src/stm32f4xx_hal_dcmi.o
                0x0000000008000a40                HAL_DCMI_IRQHandler
 .text.HAL_DCMI_ConfigSyncUnmask
                0x0000000008000ae8       0x30 ./Driver/STM32F4xx_HAL_Driver/Src/stm32f4xx_hal_dcmi.o
                0x0000000008000ae8                HAL_DCMI_ConfigSyncUnmask
 .text.HAL_DMA_Init
                0x0000000008000b18      0x130 ./Driver/STM32F4xx_HAL_Driver/Src/stm32f4xx_hal_dma.o
                0x0000000008000b18                HAL_DMA_Init
 .text.HAL_DMA_Start_IT
                0x0000000008000c48       0x80 ./Driver/STM32F4xx_HAL_Driver/Src/stm32f4xx_hal_dma.o
                0x0000000008000c48                HAL_DMA_Start_IT
 .text.HAL_DMA_Abort
                0x0000000008000cc8       0x94 ./Driver/STM32F4xx_HAL_Driver/Src/stm32f4xx_hal_dma.o
                0x0000000008000cc8                HAL_DMA_Abort
 .text.HAL_DMA_Abort_IT
                0x0000000008000d5c       0x24 ./Driver/STM32F4xx_HAL_Driver/Src/stm32f4xx_hal_dma.o
                0x0000000008000d5c                HAL_DMA_Abort_IT
 .text.HAL_DMA_IRQHandler
                0x0000000008000d80      0x1ac ./Driver/STM32F4xx_HAL_Driver/Src/stm32f4xx_hal_dma.o
                0x0000000008000d80                HAL_DMA_IRQHandler
 .text.HAL_DMAEx_MultiBufferStart_IT
                0x0000000008000f2c      0x47c ./Driver/STM32F4xx_HAL_Driver/Src/stm32f4xx_hal_dma_ex.o
                0x0000000008000f2c                HAL_DMAEx_MultiBufferStart_IT
 .text.HAL_DMAEx_ChangeMemory
                0x00000000080013a8       0x10 ./Driver/STM32F4xx_HAL_Driver/Src/stm32f4xx_hal_dma_ex.o
                0x00000000080013a8                HAL_DMAEx_ChangeMemory
 .text.HAL_GPIO_Init
                0x00000000080013b8      0x27c ./Driver/STM32F4xx_HAL_Driver/Src/stm32f4xx_hal_gpio.o
                0x00000000080013b8                HAL_GPIO_Init
 .text.HAL_GPIO_WritePin
                0x0000000008001634        0x8 ./Driver/STM32F4xx_HAL_Driver/Src/stm32f4xx_hal_gpio.o
                0x0000000008001634                HAL_GPIO_WritePin
 .text.HAL_PWREx_EnableOverDrive
                0x000000000800163c       0x78 ./Driver/STM32F4xx_HAL_Driver/Src/stm32f4xx_hal_pwr_ex.o
                0x000000000800163c                HAL_PWREx_EnableOverDrive
 .text.HAL_RCC_OscConfig
                0x00000000080016b4      0x3c8 ./Driver/STM32F4xx_HAL_Driver/Src/stm32f4xx_hal_rcc.o
                0x00000000080016b4                HAL_RCC_OscConfig
 .text.HAL_RCC_GetSysClockFreq
                0x0000000008001a7c       0x68 ./Driver/STM32F4xx_HAL_Driver/Src/stm32f4xx_hal_rcc.o
                0x0000000008001a7c                HAL_RCC_GetSysClockFreq
 .text.HAL_RCC_ClockConfig
                0x0000000008001ae4      0x13c ./Driver/STM32F4xx_HAL_Driver/Src/stm32f4xx_hal_rcc.o
                0x0000000008001ae4                HAL_RCC_ClockConfig
 .text.HAL_RCC_GetPCLK1Freq
                0x0000000008001c20       0x20 ./Driver/STM32F4xx_HAL_Driver/Src/stm32f4xx_hal_rcc.o
                0x0000000008001c20                HAL_RCC_GetPCLK1Freq
 .text.HAL_RCC_GetPCLK2Freq
                0x0000000008001c40       0x20 ./Driver/STM32F4xx_HAL_Driver/Src/stm32f4xx_hal_rcc.o
                0x0000000008001c40                HAL_RCC_GetPCLK2Freq
 .text.HAL_SDRAM_Init
                0x0000000008001c60       0x44 ./Driver/STM32F4xx_HAL_Driver/Src/stm32f4xx_hal_sdram.o
                0x0000000008001c60                HAL_SDRAM_Init
 .text.HAL_SDRAM_SendCommand
                0x0000000008001ca4       0x3c ./Driver/STM32F4xx_HAL_Driver/Src/stm32f4xx_hal_sdram.o
                0x0000000008001ca4                HAL_SDRAM_SendCommand
 .text.HAL_SDRAM_ProgramRefreshRate
                0x0000000008001ce0       0x30 ./Driver/STM32F4xx_HAL_Driver/Src/stm32f4xx_hal_sdram.o
                0x0000000008001ce0                HAL_SDRAM_ProgramRefreshRate
 .text.HAL_UART_Init
                0x0000000008001d10      0x134 ./Driver/STM32F4xx_HAL_Driver/Src/stm32f4xx_hal_uart.o
                0x0000000008001d10                HAL_UART_Init
 .text.HAL_UART_Transmit
                0x0000000008001e44      0x15c ./Driver/STM32F4xx_HAL_Driver/Src/stm32f4xx_hal_uart.o
                0x0000000008001e44                HAL_UART_Transmit
 .text.HAL_UART_Transmit_IT
                0x0000000008001fa0       0x44 ./Driver/STM32F4xx_HAL_Driver/Src/stm32f4xx_hal_uart.o
                0x0000000008001fa0                HAL_UART_Transmit_IT
 .text.HAL_UART_Receive_IT
                0x0000000008001fe4       0x58 ./Driver/STM32F4xx_HAL_Driver/Src/stm32f4xx_hal_uart.o
                0x0000000008001fe4                HAL_UART_Receive_IT
 .text.HAL_UARTEx_ReceiveToIdle_IT
                0x000000000800203c       0x90 ./Driver/STM32F4xx_HAL_Driver/Src/stm32f4xx_hal_uart.o
                0x000000000800203c                HAL_UARTEx_ReceiveToIdle_IT
 .text.HAL_UART_TxCpltCallback
                0x00000000080020cc        0x4 ./Driver/STM32F4xx_HAL_Driver/Src/stm32f4xx_hal_uart.o
                0x00000000080020cc                HAL_UART_TxCpltCallback
 .text.HAL_UART_RxCpltCallback
                0x00000000080020d0        0x4 ./Driver/STM32F4xx_HAL_Driver/Src/stm32f4xx_hal_uart.o
                0x00000000080020d0                HAL_UART_RxCpltCallback
 .text.HAL_UART_ErrorCallback
                0x00000000080020d4        0x4 ./Driver/STM32F4xx_HAL_Driver/Src/stm32f4xx_hal_uart.o
                0x00000000080020d4                HAL_UART_ErrorCallback
 .text.UART_DMAAbortOnError
                0x00000000080020d8       0x10 ./Driver/STM32F4xx_HAL_Driver/Src/stm32f4xx_hal_uart.o
 .text.UART_Receive_IT.part.0.isra.0
                0x00000000080020e8       0xcc ./Driver/STM32F4xx_HAL_Driver/Src/stm32f4xx_hal_uart.o
 .text.HAL_UART_IRQHandler
                0x00000000080021b4      0x324 ./Driver/STM32F4xx_HAL_Driver/Src/stm32f4xx_hal_uart.o
                0x00000000080021b4                HAL_UART_IRQHandler
 .text.USBD_CDC_EP0_RxReady
                0x00000000080024d8       0x2c ./Middlewares/Class/CDC/Src/usbd_cdc.o
 .text.USBD_CDC_DataOut
                0x0000000008002504       0x30 ./Middlewares/Class/CDC/Src/usbd_cdc.o
 .text.USBD_CDC_GetHSCfgDesc
                0x0000000008002534        0xc ./Middlewares/Class/CDC/Src/usbd_cdc.o
 .text.USBD_CDC_GetDeviceQualifierDescriptor
                0x0000000008002540        0xc ./Middlewares/Class/CDC/Src/usbd_cdc.o
                0x0000000008002540                USBD_CDC_GetDeviceQualifierDescriptor
 .text.USBD_CDC_DataIn
                0x000000000800254c       0x50 ./Middlewares/Class/CDC/Src/usbd_cdc.o
 .text.USBD_CDC_Setup
                0x000000000800259c      0x104 ./Middlewares/Class/CDC/Src/usbd_cdc.o
 .text.USBD_CDC_DeInit
                0x00000000080026a0       0x30 ./Middlewares/Class/CDC/Src/usbd_cdc.o
 .text.USBD_CDC_Init
                0x00000000080026d0       0x74 ./Middlewares/Class/CDC/Src/usbd_cdc.o
 .text.USBD_CDC_GetFSCfgDesc
                0x0000000008002744        0xc ./Middlewares/Class/CDC/Src/usbd_cdc.o
 .text.USBD_CDC_GetOtherSpeedCfgDesc
                0x0000000008002750        0xc ./Middlewares/Class/CDC/Src/usbd_cdc.o
 .text.USBD_CDC_SetTxBuffer
                0x000000000800275c       0x14 ./Middlewares/Class/CDC/Src/usbd_cdc.o
                0x000000000800275c                USBD_CDC_SetTxBuffer
 .text.USBD_CDC_SetRxBuffer
                0x0000000008002770       0x10 ./Middlewares/Class/CDC/Src/usbd_cdc.o
                0x0000000008002770                USBD_CDC_SetRxBuffer
 .text.USBD_CDC_TransmitPacket
                0x0000000008002780       0x30 ./Middlewares/Class/CDC/Src/usbd_cdc.o
                0x0000000008002780                USBD_CDC_TransmitPacket
 .text.USBD_CDC_ReceivePacket
                0x00000000080027b0       0x30 ./Middlewares/Class/CDC/Src/usbd_cdc.o
                0x00000000080027b0                USBD_CDC_ReceivePacket
 .text.USBD_UVC_CDC_EP0_RxReady
                0x00000000080027e0       0x10 ./Middlewares/Class/Composite/Src/usbd_composite.o
 .text.USBD_UVC_CDC_SOF
                0x00000000080027f0        0xc ./Middlewares/Class/Composite/Src/usbd_composite.o
 .text.USBD_UVC_CDC_IsoINIncomplete
                0x00000000080027fc        0x4 ./Middlewares/Class/Composite/Src/usbd_composite.o
 .text.USBD_UVC_CDC_GetCfgDesc
                0x0000000008002800        0xc ./Middlewares/Class/Composite/Src/usbd_composite.o
 .text.USBD_UVC_CDC_GetDeviceQualifierDesc
                0x000000000800280c        0xc ./Middlewares/Class/Composite/Src/usbd_composite.o
 .text.USBD_UVC_CDC_Init
                0x0000000008002818       0x28 ./Middlewares/Class/Composite/Src/usbd_composite.o
 .text.USBD_UVC_CDC_DeInit
                0x0000000008002840       0x28 ./Middlewares/Class/Composite/Src/usbd_composite.o
 .text.USBD_UVC_CDC_Setup
                0x0000000008002868       0x24 ./Middlewares/Class/Composite/Src/usbd_composite.o
 .text.USBD_UVC_CDC_DataIn
                0x000000000800288c       0x24 ./Middlewares/Class/Composite/Src/usbd_composite.o
 .text.USBD_UVC_CDC_DataOut
                0x00000000080028b0       0x14 ./Middlewares/Class/Composite/Src/usbd_composite.o
 .text.USBD_UVC_CDC_IsoOutIncomplete
                0x00000000080028c4        0x4 ./Middlewares/Class/Composite/Src/usbd_composite.o
 .text.USBD_UVC_EP0_RxReady
                0x00000000080028c8        0x4 ./Middlewares/Class/UVC/Src/usbd_uvc.o
 .text.USBD_UVC_DataOut
                0x00000000080028cc        0x4 ./Middlewares/Class/UVC/Src/usbd_uvc.o
 .text.USBD_UVC_GetCfgDesc
                0x00000000080028d0        0xc ./Middlewares/Class/UVC/Src/usbd_uvc.o
 .text.USBD_UVC_GetDeviceQualifierDesc
                0x00000000080028dc        0xc ./Middlewares/Class/UVC/Src/usbd_uvc.o
 .text.USBD_UVC_SOF
                0x00000000080028e8       0x38 ./Middlewares/Class/UVC/Src/usbd_uvc.o
 .text.USBD_UVC_DataIn
                0x0000000008002920       0xd4 ./Middlewares/Class/UVC/Src/usbd_uvc.o
 .text.USBD_UVC_DeInit
                0x00000000080029f4       0x14 ./Middlewares/Class/UVC/Src/usbd_uvc.o
 .text.USBD_UVC_Init
                0x0000000008002a08       0x1c ./Middlewares/Class/UVC/Src/usbd_uvc.o
 .text.USBD_UVC_IsoINIncomplete
                0x0000000008002a24        0x4 ./Middlewares/Class/UVC/Src/usbd_uvc.o
 .text.USBD_UVC_IsoOutIncomplete
                0x0000000008002a28        0x4 ./Middlewares/Class/UVC/Src/usbd_uvc.o
 .text.USBD_UVC_Setup
                0x0000000008002a2c      0x108 ./Middlewares/Class/UVC/Src/usbd_uvc.o
 .text.Reset_Handler
                0x0000000008002b34       0x50 ./Startup/startup_stm32f429iitx.o
                0x0000000008002b34                Reset_Handler
 .text.Default_Handler
                0x0000000008002b84        0x2 ./Startup/startup_stm32f429iitx.o
                0x0000000008002b84                RTC_Alarm_IRQHandler
                0x0000000008002b84                HASH_RNG_IRQHandler
                0x0000000008002b84                EXTI2_IRQHandler
                0x0000000008002b84                TIM8_CC_IRQHandler
                0x0000000008002b84                UART8_IRQHandler
                0x0000000008002b84                SPI4_IRQHandler
                0x0000000008002b84                TIM1_CC_IRQHandler
                0x0000000008002b84                DMA2_Stream5_IRQHandler
                0x0000000008002b84                DMA1_Stream5_IRQHandler
                0x0000000008002b84                PVD_IRQHandler
                0x0000000008002b84                SDIO_IRQHandler
                0x0000000008002b84                TAMP_STAMP_IRQHandler
                0x0000000008002b84                CAN2_RX1_IRQHandler
                0x0000000008002b84                EXTI3_IRQHandler
                0x0000000008002b84                TIM8_TRG_COM_TIM14_IRQHandler
                0x0000000008002b84                TIM1_UP_TIM10_IRQHandler
                0x0000000008002b84                TIM8_UP_TIM13_IRQHandler
                0x0000000008002b84                I2C3_ER_IRQHandler
                0x0000000008002b84                LCD_TFT_IRQHandler
                0x0000000008002b84                EXTI0_IRQHandler
                0x0000000008002b84                I2C2_EV_IRQHandler
                0x0000000008002b84                DMA1_Stream2_IRQHandler
                0x0000000008002b84                CAN1_RX0_IRQHandler
                0x0000000008002b84                FPU_IRQHandler
                0x0000000008002b84                OTG_HS_WKUP_IRQHandler
                0x0000000008002b84                CAN2_SCE_IRQHandler
                0x0000000008002b84                DMA2_Stream2_IRQHandler
                0x0000000008002b84                SPI1_IRQHandler
                0x0000000008002b84                TIM6_DAC_IRQHandler
                0x0000000008002b84                TIM1_BRK_TIM9_IRQHandler
                0x0000000008002b84                CAN2_RX0_IRQHandler
                0x0000000008002b84                DMA2_Stream3_IRQHandler
                0x0000000008002b84                USART6_IRQHandler
                0x0000000008002b84                USART3_IRQHandler
                0x0000000008002b84                CRYP_IRQHandler
                0x0000000008002b84                CAN1_RX1_IRQHandler
                0x0000000008002b84                UART5_IRQHandler
                0x0000000008002b84                DMA2_Stream0_IRQHandler
                0x0000000008002b84                TIM4_IRQHandler
                0x0000000008002b84                I2C1_EV_IRQHandler
                0x0000000008002b84                DMA1_Stream6_IRQHandler
                0x0000000008002b84                DMA1_Stream1_IRQHandler
                0x0000000008002b84                UART4_IRQHandler
                0x0000000008002b84                LCD_TFT_1_IRQHandler
                0x0000000008002b84                TIM3_IRQHandler
                0x0000000008002b84                RCC_IRQHandler
                0x0000000008002b84                TIM8_BRK_TIM12_IRQHandler
                0x0000000008002b84                Default_Handler
                0x0000000008002b84                EXTI15_10_IRQHandler
                0x0000000008002b84                ADC_IRQHandler
                0x0000000008002b84                DMA1_Stream7_IRQHandler
                0x0000000008002b84                SPI5_IRQHandler
                0x0000000008002b84                TIM7_IRQHandler
                0x0000000008002b84                CAN2_TX_IRQHandler
                0x0000000008002b84                TIM5_IRQHandler
                0x0000000008002b84                DMA2_Stream7_IRQHandler
                0x0000000008002b84                I2C3_EV_IRQHandler
                0x0000000008002b84                EXTI9_5_IRQHandler
                0x0000000008002b84                RTC_WKUP_IRQHandler
                0x0000000008002b84                ETH_WKUP_IRQHandler
                0x0000000008002b84                SPI2_IRQHandler
                0x0000000008002b84                OTG_HS_EP1_IN_IRQHandler
                0x0000000008002b84                DMA1_Stream0_IRQHandler
                0x0000000008002b84                CAN1_TX_IRQHandler
                0x0000000008002b84                EXTI4_IRQHandler
                0x0000000008002b84                ETH_IRQHandler
                0x0000000008002b84                OTG_HS_EP1_OUT_IRQHandler
                0x0000000008002b84                WWDG_IRQHandler
                0x0000000008002b84                SPI6_IRQHandler
                0x0000000008002b84                TIM2_IRQHandler
                0x0000000008002b84                OTG_FS_WKUP_IRQHandler
                0x0000000008002b84                TIM1_TRG_COM_TIM11_IRQHandler
                0x0000000008002b84                DMA2D_IRQHandler
                0x0000000008002b84                EXTI1_IRQHandler
                0x0000000008002b84                UART7_IRQHandler
                0x0000000008002b84                I2C2_ER_IRQHandler
                0x0000000008002b84                CAN1_SCE_IRQHandler
                0x0000000008002b84                FLASH_IRQHandler
                0x0000000008002b84                DMA2_Stream4_IRQHandler
                0x0000000008002b84                USART1_IRQHandler
                0x0000000008002b84                OTG_FS_IRQHandler
                0x0000000008002b84                SPI3_IRQHandler
                0x0000000008002b84                DMA1_Stream4_IRQHandler
                0x0000000008002b84                I2C1_ER_IRQHandler
                0x0000000008002b84                FMC_IRQHandler
                0x0000000008002b84                DMA2_Stream6_IRQHandler
                0x0000000008002b84                SAI1_IRQHandler
                0x0000000008002b84                DMA1_Stream3_IRQHandler
 *fill*         0x0000000008002b86        0x2 
 .text.USBD_OTG_ISR_Handler
                0x0000000008002b88      0x55c ./USB_LIB/Inc/usb_dcd_int.o
                0x0000000008002b88                USBD_OTG_ISR_Handler
 .text.USB_OTG_BSP_Init
                0x00000000080030e4      0x120 ./USB_LIB/Src/usb_bsp.o
                0x00000000080030e4                USB_OTG_BSP_Init
 .text.USB_OTG_BSP_uDelay
                0x0000000008003204        0x4 ./USB_LIB/Src/usb_bsp.o
                0x0000000008003204                USB_OTG_BSP_uDelay
 .text.USB_OTG_BSP_mDelay
                0x0000000008003208        0x4 ./USB_LIB/Src/usb_bsp.o
                0x0000000008003208                USB_OTG_BSP_mDelay
 .text.OTG_HS_IRQHandler
                0x000000000800320c        0xc ./USB_LIB/Src/usb_bsp.o
                0x000000000800320c                OTG_HS_IRQHandler
 .text.USB_OTG_WritePacket
                0x0000000008003218       0x28 ./USB_LIB/Src/usb_core.o
                0x0000000008003218                USB_OTG_WritePacket
 .text.USB_OTG_ReadPacket
                0x0000000008003240       0x44 ./USB_LIB/Src/usb_core.o
                0x0000000008003240                USB_OTG_ReadPacket
 .text.USB_OTG_SelectCore
                0x0000000008003284      0x338 ./USB_LIB/Src/usb_core.o
                0x0000000008003284                USB_OTG_SelectCore
 .text.USB_OTG_CoreInit
                0x00000000080035bc      0x19c ./USB_LIB/Src/usb_core.o
                0x00000000080035bc                USB_OTG_CoreInit
 .text.USB_OTG_EnableGlobalInt
                0x0000000008003758       0x10 ./USB_LIB/Src/usb_core.o
                0x0000000008003758                USB_OTG_EnableGlobalInt
 .text.USB_OTG_DisableGlobalInt
                0x0000000008003768       0x10 ./USB_LIB/Src/usb_core.o
                0x0000000008003768                USB_OTG_DisableGlobalInt
 .text.USB_OTG_FlushTxFifo
                0x0000000008003778       0x48 ./USB_LIB/Src/usb_core.o
                0x0000000008003778                USB_OTG_FlushTxFifo
 .text.USB_OTG_FlushRxFifo
                0x00000000080037c0       0x40 ./USB_LIB/Src/usb_core.o
                0x00000000080037c0                USB_OTG_FlushRxFifo
 .text.USB_OTG_SetCurrentMode
                0x0000000008003800       0x30 ./USB_LIB/Src/usb_core.o
                0x0000000008003800                USB_OTG_SetCurrentMode
 .text.USB_OTG_IsDeviceMode
                0x0000000008003830        0xc ./USB_LIB/Src/usb_core.o
                0x0000000008003830                USB_OTG_IsDeviceMode
 .text.USB_OTG_ReadCoreItr
                0x000000000800383c        0xc ./USB_LIB/Src/usb_core.o
                0x000000000800383c                USB_OTG_ReadCoreItr
 .text.USB_OTG_CoreInitDev
                0x0000000008003848      0x4d4 ./USB_LIB/Src/usb_core.o
                0x0000000008003848                USB_OTG_CoreInitDev
 .text.USB_OTG_GetDeviceSpeed
                0x0000000008003d1c       0x1c ./USB_LIB/Src/usb_core.o
                0x0000000008003d1c                USB_OTG_GetDeviceSpeed
 .text.USB_OTG_EP0Activate
                0x0000000008003d38       0x28 ./USB_LIB/Src/usb_core.o
                0x0000000008003d38                USB_OTG_EP0Activate
 .text.USB_OTG_EPActivate
                0x0000000008003d60       0x74 ./USB_LIB/Src/usb_core.o
                0x0000000008003d60                USB_OTG_EPActivate
 .text.USB_OTG_EPDeactivate
                0x0000000008003dd4       0x3c ./USB_LIB/Src/usb_core.o
                0x0000000008003dd4                USB_OTG_EPDeactivate
 .text.USB_OTG_EPStartXfer
                0x0000000008003e10      0x164 ./USB_LIB/Src/usb_core.o
                0x0000000008003e10                USB_OTG_EPStartXfer
 .text.USB_OTG_EP0StartXfer
                0x0000000008003f74       0xdc ./USB_LIB/Src/usb_core.o
                0x0000000008003f74                USB_OTG_EP0StartXfer
 .text.USB_OTG_EPSetStall
                0x0000000008004050       0x48 ./USB_LIB/Src/usb_core.o
                0x0000000008004050                USB_OTG_EPSetStall
 .text.USB_OTG_EPClearStall
                0x0000000008004098       0x34 ./USB_LIB/Src/usb_core.o
                0x0000000008004098                USB_OTG_EPClearStall
 .text.USB_OTG_ReadDevAllOutEp_itr
                0x00000000080040cc        0xc ./USB_LIB/Src/usb_core.o
                0x00000000080040cc                USB_OTG_ReadDevAllOutEp_itr
 .text.USB_OTG_ReadDevOutEP_itr
                0x00000000080040d8       0x10 ./USB_LIB/Src/usb_core.o
                0x00000000080040d8                USB_OTG_ReadDevOutEP_itr
 .text.USB_OTG_ReadDevAllInEPItr
                0x00000000080040e8        0xc ./USB_LIB/Src/usb_core.o
                0x00000000080040e8                USB_OTG_ReadDevAllInEPItr
 .text.USB_OTG_EP0_OutStart
                0x00000000080040f4       0x20 ./USB_LIB/Src/usb_core.o
                0x00000000080040f4                USB_OTG_EP0_OutStart
 .text.USB_OTG_Start
                0x0000000008004114       0x3c ./USB_LIB/Src/usb_core.o
                0x0000000008004114                USB_OTG_Start
 .text.DCD_Init
                0x0000000008004150      0x3f0 ./USB_LIB/Src/usb_dcd.o
                0x0000000008004150                DCD_Init
 .text.DCD_EP_Open
                0x0000000008004540       0x74 ./USB_LIB/Src/usb_dcd.o
                0x0000000008004540                DCD_EP_Open
 .text.DCD_EP_Close
                0x00000000080045b4       0x34 ./USB_LIB/Src/usb_dcd.o
                0x00000000080045b4                DCD_EP_Close
 .text.DCD_EP_PrepareRx
                0x00000000080045e8       0x4c ./USB_LIB/Src/usb_dcd.o
                0x00000000080045e8                DCD_EP_PrepareRx
 .text.DCD_EP_Tx
                0x0000000008004634       0x44 ./USB_LIB/Src/usb_dcd.o
                0x0000000008004634                DCD_EP_Tx
 .text.DCD_EP_Stall
                0x0000000008004678       0x3c ./USB_LIB/Src/usb_dcd.o
                0x0000000008004678                DCD_EP_Stall
 .text.DCD_EP_ClrStall
                0x00000000080046b4       0x38 ./USB_LIB/Src/usb_dcd.o
                0x00000000080046b4                DCD_EP_ClrStall
 .text.DCD_EP_Flush
                0x00000000080046ec       0x1c ./USB_LIB/Src/usb_dcd.o
                0x00000000080046ec                DCD_EP_Flush
 .text.DCD_EP_SetAddress
                0x0000000008004708       0x10 ./USB_LIB/Src/usb_dcd.o
                0x0000000008004708                DCD_EP_SetAddress
 .text.CDC_DeInit_HS
                0x0000000008004718        0x4 ./USB_LIB/Src/usbd_cdc_if.o
 .text.CDC_Control_HS
                0x000000000800471c        0x4 ./USB_LIB/Src/usbd_cdc_if.o
 .text.CDC_TransmitCplt_HS
                0x0000000008004720        0x4 ./USB_LIB/Src/usbd_cdc_if.o
 .text.CDC_Receive_HS
                0x0000000008004724       0x1c ./USB_LIB/Src/usbd_cdc_if.o
 .text.CDC_Init_HS
                0x0000000008004740       0x1c ./USB_LIB/Src/usbd_cdc_if.o
 .text.CDC_Transmit_HS
                0x000000000800475c       0x24 ./USB_LIB/Src/usbd_cdc_if.o
                0x000000000800475c                CDC_Transmit_HS
 .text.USBD_Resume
                0x0000000008004780       0x18 ./USB_LIB/Src/usbd_core.o
 .text.USBD_Suspend
                0x0000000008004798       0x14 ./USB_LIB/Src/usbd_core.o
 .text.USBD_SOF
                0x00000000080047ac       0x10 ./USB_LIB/Src/usbd_core.o
 .text.USBD_IsoINIncomplete
                0x00000000080047bc       0x10 ./USB_LIB/Src/usbd_core.o
 .text.USBD_IsoOUTIncomplete
                0x00000000080047cc       0x10 ./USB_LIB/Src/usbd_core.o
 .text.USBD_DevConnected
                0x00000000080047dc       0x10 ./USB_LIB/Src/usbd_core.o
 .text.USBD_DevDisconnected
                0x00000000080047ec       0x1c ./USB_LIB/Src/usbd_core.o
 .text.USBD_Reset
                0x0000000008004808       0x30 ./USB_LIB/Src/usbd_core.o
 .text.USBD_SetupStage
                0x0000000008004838       0x58 ./USB_LIB/Src/usbd_core.o
 .text.USBD_DataInStage
                0x0000000008004890       0x9c ./USB_LIB/Src/usbd_core.o
 .text.USBD_DataOutStage
                0x000000000800492c       0x78 ./USB_LIB/Src/usbd_core.o
 .text.USBD_Init
                0x00000000080049a4       0x3c ./USB_LIB/Src/usbd_core.o
                0x00000000080049a4                USBD_Init
 .text.USBD_SetCfg
                0x00000000080049e0       0x18 ./USB_LIB/Src/usbd_core.o
                0x00000000080049e0                USBD_SetCfg
 .text.USBD_ClrCfg
                0x00000000080049f8       0x10 ./USB_LIB/Src/usbd_core.o
                0x00000000080049f8                USBD_ClrCfg
 .text.USBD_USR_DeviceDescriptor
                0x0000000008004a08        0xc ./USB_LIB/Src/usbd_desc.o
                0x0000000008004a08                USBD_USR_DeviceDescriptor
 .text.USBD_USR_LangIDStrDescriptor
                0x0000000008004a14        0xc ./USB_LIB/Src/usbd_desc.o
                0x0000000008004a14                USBD_USR_LangIDStrDescriptor
 .text.USBD_USR_ProductStrDescriptor
                0x0000000008004a20       0x1c ./USB_LIB/Src/usbd_desc.o
                0x0000000008004a20                USBD_USR_ProductStrDescriptor
 .text.USBD_USR_ManufacturerStrDescriptor
                0x0000000008004a3c       0x1c ./USB_LIB/Src/usbd_desc.o
                0x0000000008004a3c                USBD_USR_ManufacturerStrDescriptor
 .text.USBD_USR_SerialStrDescriptor
                0x0000000008004a58       0x1c ./USB_LIB/Src/usbd_desc.o
                0x0000000008004a58                USBD_USR_SerialStrDescriptor
 .text.USBD_USR_ConfigStrDescriptor
                0x0000000008004a74       0x1c ./USB_LIB/Src/usbd_desc.o
                0x0000000008004a74                USBD_USR_ConfigStrDescriptor
 .text.USBD_USR_InterfaceStrDescriptor
                0x0000000008004a90       0x1c ./USB_LIB/Src/usbd_desc.o
                0x0000000008004a90                USBD_USR_InterfaceStrDescriptor
 .text.USBD_CtlSendData
                0x0000000008004aac       0x1c ./USB_LIB/Src/usbd_ioreq.o
                0x0000000008004aac                USBD_CtlSendData
 .text.USBD_CtlContinueSendData
                0x0000000008004ac8       0x10 ./USB_LIB/Src/usbd_ioreq.o
                0x0000000008004ac8                USBD_CtlContinueSendData
 .text.USBD_CtlPrepareRx
                0x0000000008004ad8       0x1c ./USB_LIB/Src/usbd_ioreq.o
                0x0000000008004ad8                USBD_CtlPrepareRx
 .text.USBD_CtlContinueRx
                0x0000000008004af4       0x10 ./USB_LIB/Src/usbd_ioreq.o
                0x0000000008004af4                USBD_CtlContinueRx
 .text.USBD_CtlSendStatus
                0x0000000008004b04       0x20 ./USB_LIB/Src/usbd_ioreq.o
                0x0000000008004b04                USBD_CtlSendStatus
 .text.USBD_CtlReceiveStatus
                0x0000000008004b24       0x20 ./USB_LIB/Src/usbd_ioreq.o
                0x0000000008004b24                USBD_CtlReceiveStatus
 .text.USBD_StdDevReq
                0x0000000008004b44      0x368 ./USB_LIB/Src/usbd_req.o
                0x0000000008004b44                USBD_StdDevReq
 .text.USBD_StdItfReq
                0x0000000008004eac       0x54 ./USB_LIB/Src/usbd_req.o
                0x0000000008004eac                USBD_StdItfReq
 .text.USBD_StdEPReq
                0x0000000008004f00       0xe4 ./USB_LIB/Src/usbd_req.o
                0x0000000008004f00                USBD_StdEPReq
 .text.USBD_ParseSetupRequest
                0x0000000008004fe4       0x40 ./USB_LIB/Src/usbd_req.o
                0x0000000008004fe4                USBD_ParseSetupRequest
 .text.USBD_CtlError
                0x0000000008005024       0x34 ./USB_LIB/Src/usbd_req.o
                0x0000000008005024                USBD_CtlError
 .text.USBD_GetString
                0x0000000008005058       0x54 ./USB_LIB/Src/usbd_req.o
                0x0000000008005058                USBD_GetString
 .text.USBD_USR_Init
                0x00000000080050ac        0x4 ./USB_LIB/Src/usbd_usr.o
                0x00000000080050ac                USBD_USR_Init
 .text.USBD_USR_DeviceReset
                0x00000000080050b0        0x4 ./USB_LIB/Src/usbd_usr.o
                0x00000000080050b0                USBD_USR_DeviceReset
 .text.USBD_USR_DeviceResumed
                0x00000000080050b4        0x4 ./USB_LIB/Src/usbd_usr.o
                0x00000000080050b4                USBD_USR_DeviceResumed
 .text.USBD_USR_DeviceConfigured
                0x00000000080050b8        0x4 ./USB_LIB/Src/usbd_usr.o
                0x00000000080050b8                USBD_USR_DeviceConfigured
 .text.USBD_USR_DeviceConnected
                0x00000000080050bc        0x4 ./USB_LIB/Src/usbd_usr.o
                0x00000000080050bc                USBD_USR_DeviceConnected
 .text.USBD_USR_DeviceDisconnected
                0x00000000080050c0        0x4 ./USB_LIB/Src/usbd_usr.o
                0x00000000080050c0                USBD_USR_DeviceDisconnected
 .text.USBD_USR_DeviceSuspended
                0x00000000080050c4        0x4 ./USB_LIB/Src/usbd_usr.o
                0x00000000080050c4                USBD_USR_DeviceSuspended
 .text.CameraStart
                0x00000000080050c8       0x48 ./User/Src/camera.o
                0x00000000080050c8                CameraStart
 .text.CameraInit
                0x0000000008005110       0x24 ./User/Src/camera.o
                0x0000000008005110                CameraInit
 .text.ParseResponseToCmd
                0x0000000008005134      0x238 ./User/Src/camera.o
                0x0000000008005134                ParseResponseToCmd
 .text.GrabCamFrame
                0x000000000800536c       0x58 ./User/Src/camera.o
                0x000000000800536c                GrabCamFrame
 .text.HAL_DCMI_LineEventCallback
                0x00000000080053c4       0x3c ./User/Src/camera.o
                0x00000000080053c4                HAL_DCMI_LineEventCallback
 .text.SendCommandToCameraAndParseResponse
                0x0000000008005400       0x9c ./User/Src/camera.o
                0x0000000008005400                SendCommandToCameraAndParseResponse
 .text.HAL_UARTEx_RxEventCallback
                0x000000000800549c       0x70 ./User/Src/camera.o
                0x000000000800549c                HAL_UARTEx_RxEventCallback
 .text.CDC_ReceiveCallback_HS
                0x000000000800550c       0x50 ./User/Src/camera.o
                0x000000000800550c                CDC_ReceiveCallback_HS
 .text.HAL_DCMI_MspInit
                0x000000000800555c      0x160 ./User/Src/dcmi.o
                0x000000000800555c                HAL_DCMI_MspInit
 .text.MX_DCMI_Init
                0x00000000080056bc       0x54 ./User/Src/dcmi.o
                0x00000000080056bc                MX_DCMI_Init
 .text.MX_DMA_Init
                0x0000000008005710       0x34 ./User/Src/dcmi.o
                0x0000000008005710                MX_DMA_Init
 .text.DMA2_Stream1_IRQHandler
                0x0000000008005744        0xc ./User/Src/dcmi.o
                0x0000000008005744                DMA2_Stream1_IRQHandler
 .text.DCMI_IRQHandler
                0x0000000008005750        0xc ./User/Src/dcmi.o
                0x0000000008005750                DCMI_IRQHandler
 .text.Error_Handler
                0x000000000800575c        0x4 ./User/Src/err.o
                0x000000000800575c                Error_Handler
 .text.MX_GPIO_Init
                0x0000000008005760      0x1b8 ./User/Src/gpio.o
                0x0000000008005760                MX_GPIO_Init
 .text.SystemClock_Config
                0x0000000008005918       0xc0 ./User/Src/main.o
                0x0000000008005918                SystemClock_Config
 .text.startup.main
                0x00000000080059d8       0x40 ./User/Src/main.o
                0x00000000080059d8                main
 .text.HAL_SDRAM_MspInit
                0x0000000008005a18       0xd0 ./User/Src/sdram.o
                0x0000000008005a18                HAL_SDRAM_MspInit
 .text.MX_FMC_Init
                0x0000000008005ae8       0x70 ./User/Src/sdram.o
                0x0000000008005ae8                MX_FMC_Init
 .text.SDRAM_Init
                0x0000000008005b58       0x98 ./User/Src/sdram.o
                0x0000000008005b58                SDRAM_Init
 .text.HAL_MspInit
                0x0000000008005bf0       0x38 ./User/Src/stm32f4xx_hal_msp.o
                0x0000000008005bf0                HAL_MspInit
 .text.NMI_Handler
                0x0000000008005c28        0x4 ./User/Src/stm32f4xx_it.o
                0x0000000008005c28                NMI_Handler
 .text.HardFault_Handler
                0x0000000008005c2c        0x4 ./User/Src/stm32f4xx_it.o
                0x0000000008005c2c                HardFault_Handler
 .text.MemManage_Handler
                0x0000000008005c30        0x4 ./User/Src/stm32f4xx_it.o
                0x0000000008005c30                MemManage_Handler
 .text.BusFault_Handler
                0x0000000008005c34        0x4 ./User/Src/stm32f4xx_it.o
                0x0000000008005c34                BusFault_Handler
 .text.UsageFault_Handler
                0x0000000008005c38        0x4 ./User/Src/stm32f4xx_it.o
                0x0000000008005c38                UsageFault_Handler
 .text.SVC_Handler
                0x0000000008005c3c        0x4 ./User/Src/stm32f4xx_it.o
                0x0000000008005c3c                SVC_Handler
 .text.DebugMon_Handler
                0x0000000008005c40        0x4 ./User/Src/stm32f4xx_it.o
                0x0000000008005c40                DebugMon_Handler
 .text.PendSV_Handler
                0x0000000008005c44        0x4 ./User/Src/stm32f4xx_it.o
                0x0000000008005c44                PendSV_Handler
 .text.SysTick_Handler
                0x0000000008005c48        0x4 ./User/Src/stm32f4xx_it.o
                0x0000000008005c48                SysTick_Handler
 .text.SystemInit
                0x0000000008005c4c       0x14 ./User/Src/system_stm32f4xx.o
                0x0000000008005c4c                SystemInit
 .text.HAL_UART_MspInit
                0x0000000008005c60       0xac ./User/Src/uart.o
                0x0000000008005c60                HAL_UART_MspInit
 .text.MX_USART2_UART_Init
                0x0000000008005d0c       0x44 ./User/Src/uart.o
                0x0000000008005d0c                MX_USART2_UART_Init
 .text.USART_StartIT
                0x0000000008005d50       0x3c ./User/Src/uart.o
                0x0000000008005d50                USART_StartIT
 .text.USART2_IRQHandler
                0x0000000008005d8c        0xc ./User/Src/uart.o
                0x0000000008005d8c                USART2_IRQHandler
 .text.USB_DeviceInit
                0x0000000008005d98       0x2c ./User/Src/usb_device.o
                0x0000000008005d98                USB_DeviceInit
 .text.memset   0x0000000008005dc4       0x10 C:/ST/STM32CubeIDE_1.13.2/STM32CubeIDE/plugins/com.st.stm32cube.ide.mcu.externaltools.gnu-tools-for-stm32.11.3.rel1.win32_1.1.1.202309131626/tools/bin/../lib/gcc/arm-none-eabi/11.3.1/../../../../arm-none-eabi/lib/thumb/v7e-m+fp/hard\libc_nano.a(libc_a-memset.o)
                0x0000000008005dc4                memset
 .text.__libc_init_array
                0x0000000008005dd4       0x48 C:/ST/STM32CubeIDE_1.13.2/STM32CubeIDE/plugins/com.st.stm32cube.ide.mcu.externaltools.gnu-tools-for-stm32.11.3.rel1.win32_1.1.1.202309131626/tools/bin/../lib/gcc/arm-none-eabi/11.3.1/../../../../arm-none-eabi/lib/thumb/v7e-m+fp/hard\libc_nano.a(libc_a-init.o)
                0x0000000008005dd4                __libc_init_array
 .text.memcpy   0x0000000008005e1c       0x1c C:/ST/STM32CubeIDE_1.13.2/STM32CubeIDE/plugins/com.st.stm32cube.ide.mcu.externaltools.gnu-tools-for-stm32.11.3.rel1.win32_1.1.1.202309131626/tools/bin/../lib/gcc/arm-none-eabi/11.3.1/../../../../arm-none-eabi/lib/thumb/v7e-m+fp/hard\libc_nano.a(libc_a-memcpy-stub.o)
                0x0000000008005e1c                memcpy
 *(.glue_7)
 .glue_7        0x0000000008005e38        0x0 linker stubs
 *(.glue_7t)
 .glue_7t       0x0000000008005e38        0x0 linker stubs
 *(.eh_frame)
 .eh_frame      0x0000000008005e38        0x0 C:/ST/STM32CubeIDE_1.13.2/STM32CubeIDE/plugins/com.st.stm32cube.ide.mcu.externaltools.gnu-tools-for-stm32.11.3.rel1.win32_1.1.1.202309131626/tools/bin/../lib/gcc/arm-none-eabi/11.3.1/thumb/v7e-m+fp/hard/crtbegin.o
 *(.init)
 .init          0x0000000008005e38        0x4 C:/ST/STM32CubeIDE_1.13.2/STM32CubeIDE/plugins/com.st.stm32cube.ide.mcu.externaltools.gnu-tools-for-stm32.11.3.rel1.win32_1.1.1.202309131626/tools/bin/../lib/gcc/arm-none-eabi/11.3.1/thumb/v7e-m+fp/hard/crti.o
                0x0000000008005e38                _init
 .init          0x0000000008005e3c        0x8 C:/ST/STM32CubeIDE_1.13.2/STM32CubeIDE/plugins/com.st.stm32cube.ide.mcu.externaltools.gnu-tools-for-stm32.11.3.rel1.win32_1.1.1.202309131626/tools/bin/../lib/gcc/arm-none-eabi/11.3.1/thumb/v7e-m+fp/hard/crtn.o
 *(.fini)
 .fini          0x0000000008005e44        0x4 C:/ST/STM32CubeIDE_1.13.2/STM32CubeIDE/plugins/com.st.stm32cube.ide.mcu.externaltools.gnu-tools-for-stm32.11.3.rel1.win32_1.1.1.202309131626/tools/bin/../lib/gcc/arm-none-eabi/11.3.1/thumb/v7e-m+fp/hard/crti.o
                0x0000000008005e44                _fini
 .fini          0x0000000008005e48        0x8 C:/ST/STM32CubeIDE_1.13.2/STM32CubeIDE/plugins/com.st.stm32cube.ide.mcu.externaltools.gnu-tools-for-stm32.11.3.rel1.win32_1.1.1.202309131626/tools/bin/../lib/gcc/arm-none-eabi/11.3.1/thumb/v7e-m+fp/hard/crtn.o
                0x0000000008005e50                . = ALIGN (0x4)
                0x0000000008005e50                _etext = .

.vfp11_veneer   0x0000000008005e50        0x0
 .vfp11_veneer  0x0000000008005e50        0x0 linker stubs

.v4_bx          0x0000000008005e50        0x0
 .v4_bx         0x0000000008005e50        0x0 linker stubs

.iplt           0x0000000008005e50        0x0
 .iplt          0x0000000008005e50        0x0 C:/ST/STM32CubeIDE_1.13.2/STM32CubeIDE/plugins/com.st.stm32cube.ide.mcu.externaltools.gnu-tools-for-stm32.11.3.rel1.win32_1.1.1.202309131626/tools/bin/../lib/gcc/arm-none-eabi/11.3.1/thumb/v7e-m+fp/hard/crtbegin.o

.rodata         0x0000000008005e50      0x11c
                0x0000000008005e50                . = ALIGN (0x4)
 *(.rodata)
 *(.rodata*)
 .rodata.flagBitshiftOffset.0
                0x0000000008005e50        0x8 ./Driver/STM32F4xx_HAL_Driver/Src/stm32f4xx_hal_dma.o
 .rodata.USBD_USR_ProductStrDescriptor.str1.4
                0x0000000008005e58       0x19 ./USB_LIB/Src/usbd_desc.o
 *fill*         0x0000000008005e71        0x3 
 .rodata.USBD_USR_ManufacturerStrDescriptor.str1.4
                0x0000000008005e74        0xe ./USB_LIB/Src/usbd_desc.o
 *fill*         0x0000000008005e82        0x2 
 .rodata.USBD_USR_SerialStrDescriptor.str1.4
                0x0000000008005e84        0xd ./USB_LIB/Src/usbd_desc.o
 *fill*         0x0000000008005e91        0x3 
 .rodata.USBD_USR_ConfigStrDescriptor.str1.4
                0x0000000008005e94       0x11 ./USB_LIB/Src/usbd_desc.o
 *fill*         0x0000000008005ea5        0x3 
 .rodata.USBD_USR_InterfaceStrDescriptor.str1.4
                0x0000000008005ea8       0x14 ./USB_LIB/Src/usbd_desc.o
 .rodata.ParseResponseToCmd.str1.4
                0x0000000008005ebc        0x6 ./User/Src/camera.o
 *fill*         0x0000000008005ec2        0x2 
 .rodata.str1.4
                0x0000000008005ec4       0x8f ./User/Src/camera.o
 *fill*         0x0000000008005f53        0x1 
 .rodata.AHBPrescTable
                0x0000000008005f54       0x10 ./User/Src/system_stm32f4xx.o
                0x0000000008005f54                AHBPrescTable
 .rodata.APBPrescTable
                0x0000000008005f64        0x8 ./User/Src/system_stm32f4xx.o
                0x0000000008005f64                APBPrescTable
                0x0000000008005f6c                . = ALIGN (0x4)

.ARM.extab      0x0000000008005f6c        0x0
                0x0000000008005f6c                . = ALIGN (0x4)
 *(.ARM.extab* .gnu.linkonce.armextab.*)
                0x0000000008005f6c                . = ALIGN (0x4)

.ARM            0x0000000008005f6c        0x8
                0x0000000008005f6c                . = ALIGN (0x4)
                0x0000000008005f6c                __exidx_start = .
 *(.ARM.exidx*)
 .ARM.exidx     0x0000000008005f6c        0x8 C:/ST/STM32CubeIDE_1.13.2/STM32CubeIDE/plugins/com.st.stm32cube.ide.mcu.externaltools.gnu-tools-for-stm32.11.3.rel1.win32_1.1.1.202309131626/tools/bin/../lib/gcc/arm-none-eabi/11.3.1/thumb/v7e-m+fp/hard\libgcc.a(_udivmoddi4.o)
                0x0000000008005f74                __exidx_end = .
                0x0000000008005f74                . = ALIGN (0x4)

.rel.dyn        0x0000000008005f74        0x0
 .rel.iplt      0x0000000008005f74        0x0 C:/ST/STM32CubeIDE_1.13.2/STM32CubeIDE/plugins/com.st.stm32cube.ide.mcu.externaltools.gnu-tools-for-stm32.11.3.rel1.win32_1.1.1.202309131626/tools/bin/../lib/gcc/arm-none-eabi/11.3.1/thumb/v7e-m+fp/hard/crtbegin.o

.preinit_array  0x0000000008005f74        0x0
                0x0000000008005f74                . = ALIGN (0x4)
                0x0000000008005f74                PROVIDE (__preinit_array_start = .)
 *(.preinit_array*)
                0x0000000008005f74                PROVIDE (__preinit_array_end = .)
                0x0000000008005f74                . = ALIGN (0x4)

.init_array     0x0000000008005f74        0x4
                0x0000000008005f74                . = ALIGN (0x4)
                0x0000000008005f74                PROVIDE (__init_array_start = .)
 *(SORT_BY_NAME(.init_array.*))
 *(.init_array*)
 .init_array    0x0000000008005f74        0x4 C:/ST/STM32CubeIDE_1.13.2/STM32CubeIDE/plugins/com.st.stm32cube.ide.mcu.externaltools.gnu-tools-for-stm32.11.3.rel1.win32_1.1.1.202309131626/tools/bin/../lib/gcc/arm-none-eabi/11.3.1/thumb/v7e-m+fp/hard/crtbegin.o
                0x0000000008005f78                PROVIDE (__init_array_end = .)
                0x0000000008005f78                . = ALIGN (0x4)

.fini_array     0x0000000008005f78        0x4
                0x0000000008005f78                . = ALIGN (0x4)
                [!provide]                        PROVIDE (__fini_array_start = .)
 *(SORT_BY_NAME(.fini_array.*))
 *(.fini_array*)
 .fini_array    0x0000000008005f78        0x4 C:/ST/STM32CubeIDE_1.13.2/STM32CubeIDE/plugins/com.st.stm32cube.ide.mcu.externaltools.gnu-tools-for-stm32.11.3.rel1.win32_1.1.1.202309131626/tools/bin/../lib/gcc/arm-none-eabi/11.3.1/thumb/v7e-m+fp/hard/crtbegin.o
                [!provide]                        PROVIDE (__fini_array_end = .)
                0x0000000008005f7c                . = ALIGN (0x4)
                0x0000000008005f7c                _sidata = LOADADDR (.data)

.data           0x0000000020000000      0x3dc load address 0x0000000008005f7c
                0x0000000020000000                . = ALIGN (0x4)
                0x0000000020000000                _sdata = .
 *(.data)
 *(.data*)
 .data.uwTickFreq
                0x0000000020000000        0x1 ./Driver/STM32F4xx_HAL_Driver/Src/stm32f4xx_hal.o
                0x0000000020000000                uwTickFreq
 *fill*         0x0000000020000001        0x3 
 .data.uwTickPrio
                0x0000000020000004        0x4 ./Driver/STM32F4xx_HAL_Driver/Src/stm32f4xx_hal.o
                0x0000000020000004                uwTickPrio
 .data.USBD_CDC
                0x0000000020000008       0x3c ./Middlewares/Class/CDC/Src/usbd_cdc.o
                0x0000000020000008                USBD_CDC
 .data.USBD_CDC_CfgDesc
                0x0000000020000044       0x43 ./Middlewares/Class/CDC/Src/usbd_cdc.o
 *fill*         0x0000000020000087        0x1 
 .data.USBD_CDC_DeviceQualifierDesc
                0x0000000020000088        0xa ./Middlewares/Class/CDC/Src/usbd_cdc.o
 *fill*         0x0000000020000092        0x2 
 .data.USBD_UVC_CDC_CfgDesc
                0x0000000020000094       0xe9 ./Middlewares/Class/Composite/Src/usbd_composite.o
                0x0000000020000094                USBD_UVC_CDC_CfgDesc
 *fill*         0x000000002000017d        0x3 
 .data.USBD_UVC_CDC_ClassDriver
                0x0000000020000180       0x3c ./Middlewares/Class/Composite/Src/usbd_composite.o
                0x0000000020000180                USBD_UVC_CDC_ClassDriver
 .data.USBD_UVC_CDC_DeviceQualifierDesc
                0x00000000200001bc        0xa ./Middlewares/Class/Composite/Src/usbd_composite.o
                0x00000000200001bc                USBD_UVC_CDC_DeviceQualifierDesc
 *fill*         0x00000000200001c6        0x2 
 .data.USBD_UVC
                0x00000000200001c8       0x3c ./Middlewares/Class/UVC/Src/usbd_uvc.o
                0x00000000200001c8                USBD_UVC
 .data.USBD_UVC_CfgDesc
                0x0000000020000204       0xa7 ./Middlewares/Class/UVC/Src/usbd_uvc.o
                0x0000000020000204                USBD_UVC_CfgDesc
 *fill*         0x00000000200002ab        0x1 
 .data.USBD_UVC_DeviceQualifierDesc
                0x00000000200002ac        0xa ./Middlewares/Class/UVC/Src/usbd_uvc.o
                0x00000000200002ac                USBD_UVC_DeviceQualifierDesc
 *fill*         0x00000000200002b6        0x2 
 .data.ptr      0x00000000200002b8        0x4 ./Middlewares/Class/UVC/Src/usbd_uvc.o
                0x00000000200002b8                ptr
 .data.videoCommitControl
                0x00000000200002bc       0x22 ./Middlewares/Class/UVC/Src/usbd_uvc.o
                0x00000000200002bc                videoCommitControl
 *fill*         0x00000000200002de        0x2 
 .data.videoProbeControl
                0x00000000200002e0       0x22 ./Middlewares/Class/UVC/Src/usbd_uvc.o
                0x00000000200002e0                videoProbeControl
 *fill*         0x0000000020000302        0x2 
 .data.USBD_CDC_Interface_fops_HS
                0x0000000020000304       0x14 ./USB_LIB/Src/usbd_cdc_if.o
                0x0000000020000304                USBD_CDC_Interface_fops_HS
 .data.USBD_DCD_INT_cb
                0x0000000020000318       0x2c ./USB_LIB/Src/usbd_core.o
                0x0000000020000318                USBD_DCD_INT_cb
 .data.USBD_DCD_INT_fops
                0x0000000020000344        0x4 ./USB_LIB/Src/usbd_core.o
                0x0000000020000344                USBD_DCD_INT_fops
 .data.USBD_DeviceDesc
                0x0000000020000348       0x12 ./USB_LIB/Src/usbd_desc.o
                0x0000000020000348                USBD_DeviceDesc
 *fill*         0x000000002000035a        0x2 
 .data.USBD_DeviceQualifierDesc
                0x000000002000035c        0xa ./USB_LIB/Src/usbd_desc.o
                0x000000002000035c                USBD_DeviceQualifierDesc
 *fill*         0x0000000020000366        0x2 
 .data.USBD_LangIDDesc
                0x0000000020000368        0x4 ./USB_LIB/Src/usbd_desc.o
                0x0000000020000368                USBD_LangIDDesc
 .data.USR_desc
                0x000000002000036c       0x1c ./USB_LIB/Src/usbd_desc.o
                0x000000002000036c                USR_desc
 .data.USR_cb   0x0000000020000388       0x1c ./USB_LIB/Src/usbd_usr.o
                0x0000000020000388                USR_cb
 .data.CamTweak
                0x00000000200003a4        0x1 ./User/Src/camera.o
 *fill*         0x00000000200003a5        0x3 
 .data.Cmd      0x00000000200003a8       0x2c ./User/Src/camera.o
                0x00000000200003a8                Cmd
 .data.pcamera  0x00000000200003d4        0x4 ./User/Src/camera.o
                0x00000000200003d4                pcamera
 .data.SystemCoreClock
                0x00000000200003d8        0x4 ./User/Src/system_stm32f4xx.o
                0x00000000200003d8                SystemCoreClock
 *(.RamFunc)
 *(.RamFunc*)
                0x00000000200003dc                . = ALIGN (0x4)
                0x00000000200003dc                _edata = .
                0x0000000008006358                _siccmram = LOADADDR (.ccmram)

.igot.plt       0x00000000200003dc        0x0 load address 0x0000000008006358
 .igot.plt      0x00000000200003dc        0x0 C:/ST/STM32CubeIDE_1.13.2/STM32CubeIDE/plugins/com.st.stm32cube.ide.mcu.externaltools.gnu-tools-for-stm32.11.3.rel1.win32_1.1.1.202309131626/tools/bin/../lib/gcc/arm-none-eabi/11.3.1/thumb/v7e-m+fp/hard/crtbegin.o

.ccmram         0x0000000010000000        0x0 load address 0x0000000008006358
                0x0000000010000000                . = ALIGN (0x4)
                0x0000000010000000                _sccmram = .
 *(.ccmram)
 *(.ccmram*)
                0x0000000010000000                . = ALIGN (0x4)
                0x0000000010000000                _eccmram = .
                0x0000000010000000                . = ALIGN (0x4)

.bss            0x00000000200003e0     0x1ae0
                0x00000000200003e0                _sbss = .
                0x00000000200003e0                __bss_start__ = _sbss
 *(.bss)
 .bss           0x00000000200003e0       0x1c C:/ST/STM32CubeIDE_1.13.2/STM32CubeIDE/plugins/com.st.stm32cube.ide.mcu.externaltools.gnu-tools-for-stm32.11.3.rel1.win32_1.1.1.202309131626/tools/bin/../lib/gcc/arm-none-eabi/11.3.1/thumb/v7e-m+fp/hard/crtbegin.o
 *(.bss*)
 .bss.uwTick    0x00000000200003fc        0x4 ./Driver/STM32F4xx_HAL_Driver/Src/stm32f4xx_hal.o
                0x00000000200003fc                uwTick
 .bss.cdcInstance
                0x0000000020000400      0x21c ./Middlewares/Class/CDC/Src/usbd_cdc.o
                0x0000000020000400                cdcInstance
 .bss.packet_cnt
                0x000000002000061c        0x4 ./Middlewares/Class/UVC/Src/usbd_uvc.o
 .bss.uvcInstance
                0x0000000020000620       0x18 ./Middlewares/Class/UVC/Src/usbd_uvc.o
                0x0000000020000620                uvcInstance
 .bss.UserRxBufferHS
                0x0000000020000638      0x800 ./USB_LIB/Src/usbd_cdc_if.o
                0x0000000020000638                UserRxBufferHS
 .bss.UserTxBufferHS
                0x0000000020000e38      0x800 ./USB_LIB/Src/usbd_cdc_if.o
                0x0000000020000e38                UserTxBufferHS
 .bss.USBD_StrDesc
                0x0000000020001638       0x40 ./USB_LIB/Src/usbd_req.o
                0x0000000020001638                USBD_StrDesc
 .bss.USBD_cfg_status
                0x0000000020001678        0x4 ./USB_LIB/Src/usbd_req.o
                0x0000000020001678                USBD_cfg_status
 .bss.USBD_default_cfg
                0x000000002000167c        0x4 ./USB_LIB/Src/usbd_req.o
                0x000000002000167c                USBD_default_cfg
 .bss.USBD_ep_status
                0x0000000020001680        0x4 ./USB_LIB/Src/usbd_req.o
                0x0000000020001680                USBD_ep_status
 .bss.cfgidx.0  0x0000000020001684        0x1 ./USB_LIB/Src/usbd_req.o
 *fill*         0x0000000020001685        0x3 
 .bss.Camera    0x0000000020001688       0x2c ./User/Src/camera.o
                0x0000000020001688                Camera
 .bss.ReceiveCmdToCam
                0x00000000200016b4       0x32 ./User/Src/camera.o
                0x00000000200016b4                ReceiveCmdToCam
 *fill*         0x00000000200016e6        0x2 
 .bss.ResponseCmdFromCam
                0x00000000200016e8       0x32 ./User/Src/camera.o
                0x00000000200016e8                ResponseCmdFromCam
 .bss.cnt.0     0x000000002000171a        0x1 ./User/Src/camera.o
 *fill*         0x000000002000171b        0x1 
 .bss.vLineCntFrame
                0x000000002000171c        0x2 ./User/Src/camera.o
                0x000000002000171c                vLineCntFrame
 *fill*         0x000000002000171e        0x2 
 .bss.hdcmi     0x0000000020001720       0x40 ./User/Src/dcmi.o
                0x0000000020001720                hdcmi
 .bss.hdma_dcmi
                0x0000000020001760       0x60 ./User/Src/dcmi.o
                0x0000000020001760                hdma_dcmi
 .bss.FMC_Initialized
                0x00000000200017c0        0x4 ./User/Src/sdram.o
 *fill*         0x00000000200017c4        0x4 
 .bss.command   0x00000000200017c8       0x10 ./User/Src/sdram.o
                0x00000000200017c8                command
 .bss.hsdram1   0x00000000200017d8       0x34 ./User/Src/sdram.o
                0x00000000200017d8                hsdram1
 .bss.Uart2ReceiveData
                0x000000002000180c       0x37 ./User/Src/uart.o
                0x000000002000180c                Uart2ReceiveData
 *fill*         0x0000000020001843        0x1 
 .bss.Uart2TransmitData
                0x0000000020001844       0x37 ./User/Src/uart.o
                0x0000000020001844                Uart2TransmitData
 *fill*         0x000000002000187b        0x1 
 .bss.buart2    0x000000002000187c        0x4 ./User/Src/uart.o
                0x000000002000187c                buart2
 .bss.huart2    0x0000000020001880       0x44 ./User/Src/uart.o
                0x0000000020001880                huart2
 .bss.USB_OTG_dev
                0x00000000200018c4      0x5fc ./User/Src/usb_device.o
                0x00000000200018c4                USB_OTG_dev
 *(COMMON)
                0x0000000020001ec0                . = ALIGN (0x4)
                0x0000000020001ec0                _ebss = .
                0x0000000020001ec0                __bss_end__ = _ebss

._user_heap_stack
                0x0000000020001ec0      0x600
                0x0000000020001ec0                . = ALIGN (0x8)
                [!provide]                        PROVIDE (end = .)
                0x0000000020001ec0                PROVIDE (_end = .)
                0x00000000200020c0                . = (. + _Min_Heap_Size)
 *fill*         0x0000000020001ec0      0x200 
                0x00000000200024c0                . = (. + _Min_Stack_Size)
 *fill*         0x00000000200020c0      0x400 
                0x00000000200024c0                . = ALIGN (0x8)

/DISCARD/
 libc.a(*)
 libm.a(*)
 libgcc.a(*)

.ARM.attributes
                0x0000000000000000       0x30
 *(.ARM.attributes)
 .ARM.attributes
                0x0000000000000000       0x1e C:/ST/STM32CubeIDE_1.13.2/STM32CubeIDE/plugins/com.st.stm32cube.ide.mcu.externaltools.gnu-tools-for-stm32.11.3.rel1.win32_1.1.1.202309131626/tools/bin/../lib/gcc/arm-none-eabi/11.3.1/thumb/v7e-m+fp/hard/crti.o
 .ARM.attributes
                0x000000000000001e       0x34 C:/ST/STM32CubeIDE_1.13.2/STM32CubeIDE/plugins/com.st.stm32cube.ide.mcu.externaltools.gnu-tools-for-stm32.11.3.rel1.win32_1.1.1.202309131626/tools/bin/../lib/gcc/arm-none-eabi/11.3.1/thumb/v7e-m+fp/hard/crtbegin.o
 .ARM.attributes
                0x0000000000000052       0x34 ./Driver/STM32F4xx_HAL_Driver/Inc/stm32f4xx_ll_fmc.o
 .ARM.attributes
                0x0000000000000086       0x34 ./Driver/STM32F4xx_HAL_Driver/Src/stm32f4xx_hal.o
 .ARM.attributes
                0x00000000000000ba       0x34 ./Driver/STM32F4xx_HAL_Driver/Src/stm32f4xx_hal_cortex.o
 .ARM.attributes
                0x00000000000000ee       0x34 ./Driver/STM32F4xx_HAL_Driver/Src/stm32f4xx_hal_dcmi.o
 .ARM.attributes
                0x0000000000000122       0x34 ./Driver/STM32F4xx_HAL_Driver/Src/stm32f4xx_hal_dma.o
 .ARM.attributes
                0x0000000000000156       0x34 ./Driver/STM32F4xx_HAL_Driver/Src/stm32f4xx_hal_dma_ex.o
 .ARM.attributes
                0x000000000000018a       0x34 ./Driver/STM32F4xx_HAL_Driver/Src/stm32f4xx_hal_gpio.o
 .ARM.attributes
                0x00000000000001be       0x34 ./Driver/STM32F4xx_HAL_Driver/Src/stm32f4xx_hal_pwr_ex.o
 .ARM.attributes
                0x00000000000001f2       0x34 ./Driver/STM32F4xx_HAL_Driver/Src/stm32f4xx_hal_rcc.o
 .ARM.attributes
                0x0000000000000226       0x34 ./Driver/STM32F4xx_HAL_Driver/Src/stm32f4xx_hal_sdram.o
 .ARM.attributes
                0x000000000000025a       0x34 ./Driver/STM32F4xx_HAL_Driver/Src/stm32f4xx_hal_uart.o
 .ARM.attributes
                0x000000000000028e       0x34 ./Middlewares/Class/CDC/Src/usbd_cdc.o
 .ARM.attributes
                0x00000000000002c2       0x34 ./Middlewares/Class/Composite/Src/usbd_composite.o
 .ARM.attributes
                0x00000000000002f6       0x34 ./Middlewares/Class/UVC/Src/usbd_uvc.o
 .ARM.attributes
                0x000000000000032a       0x21 ./Startup/startup_stm32f429iitx.o
 .ARM.attributes
                0x000000000000034b       0x34 ./USB_LIB/Inc/usb_dcd_int.o
 .ARM.attributes
                0x000000000000037f       0x34 ./USB_LIB/Src/usb_bsp.o
 .ARM.attributes
                0x00000000000003b3       0x34 ./USB_LIB/Src/usb_core.o
 .ARM.attributes
                0x00000000000003e7       0x34 ./USB_LIB/Src/usb_dcd.o
 .ARM.attributes
                0x000000000000041b       0x34 ./USB_LIB/Src/usbd_cdc_if.o
 .ARM.attributes
                0x000000000000044f       0x34 ./USB_LIB/Src/usbd_core.o
 .ARM.attributes
                0x0000000000000483       0x34 ./USB_LIB/Src/usbd_desc.o
 .ARM.attributes
                0x00000000000004b7       0x34 ./USB_LIB/Src/usbd_ioreq.o
 .ARM.attributes
                0x00000000000004eb       0x34 ./USB_LIB/Src/usbd_req.o
 .ARM.attributes
                0x000000000000051f       0x34 ./USB_LIB/Src/usbd_usr.o
 .ARM.attributes
                0x0000000000000553       0x34 ./User/Src/camera.o
 .ARM.attributes
                0x0000000000000587       0x34 ./User/Src/dcmi.o
 .ARM.attributes
                0x00000000000005bb       0x34 ./User/Src/err.o
 .ARM.attributes
                0x00000000000005ef       0x34 ./User/Src/gpio.o
 .ARM.attributes
                0x0000000000000623       0x34 ./User/Src/main.o
 .ARM.attributes
                0x0000000000000657       0x34 ./User/Src/sdram.o
 .ARM.attributes
                0x000000000000068b       0x34 ./User/Src/stm32f4xx_hal_msp.o
 .ARM.attributes
                0x00000000000006bf       0x34 ./User/Src/stm32f4xx_it.o
 .ARM.attributes
                0x00000000000006f3       0x34 ./User/Src/system_stm32f4xx.o
 .ARM.attributes
                0x0000000000000727       0x34 ./User/Src/uart.o
 .ARM.attributes
                0x000000000000075b       0x34 ./User/Src/usb_device.o
 .ARM.attributes
                0x000000000000078f       0x34 C:/ST/STM32CubeIDE_1.13.2/STM32CubeIDE/plugins/com.st.stm32cube.ide.mcu.externaltools.gnu-tools-for-stm32.11.3.rel1.win32_1.1.1.202309131626/tools/bin/../lib/gcc/arm-none-eabi/11.3.1/../../../../arm-none-eabi/lib/thumb/v7e-m+fp/hard\libc_nano.a(libc_a-memset.o)
 .ARM.attributes
                0x00000000000007c3       0x34 C:/ST/STM32CubeIDE_1.13.2/STM32CubeIDE/plugins/com.st.stm32cube.ide.mcu.externaltools.gnu-tools-for-stm32.11.3.rel1.win32_1.1.1.202309131626/tools/bin/../lib/gcc/arm-none-eabi/11.3.1/../../../../arm-none-eabi/lib/thumb/v7e-m+fp/hard\libc_nano.a(libc_a-init.o)
 .ARM.attributes
                0x00000000000007f7       0x1c C:/ST/STM32CubeIDE_1.13.2/STM32CubeIDE/plugins/com.st.stm32cube.ide.mcu.externaltools.gnu-tools-for-stm32.11.3.rel1.win32_1.1.1.202309131626/tools/bin/../lib/gcc/arm-none-eabi/11.3.1/../../../../arm-none-eabi/lib/thumb/v7e-m+fp/hard\libc_nano.a(libc_a-strcmp.o)
 .ARM.attributes
                0x0000000000000813       0x34 C:/ST/STM32CubeIDE_1.13.2/STM32CubeIDE/plugins/com.st.stm32cube.ide.mcu.externaltools.gnu-tools-for-stm32.11.3.rel1.win32_1.1.1.202309131626/tools/bin/../lib/gcc/arm-none-eabi/11.3.1/../../../../arm-none-eabi/lib/thumb/v7e-m+fp/hard\libc_nano.a(libc_a-memcpy-stub.o)
 .ARM.attributes
                0x0000000000000847       0x17 C:/ST/STM32CubeIDE_1.13.2/STM32CubeIDE/plugins/com.st.stm32cube.ide.mcu.externaltools.gnu-tools-for-stm32.11.3.rel1.win32_1.1.1.202309131626/tools/bin/../lib/gcc/arm-none-eabi/11.3.1/../../../../arm-none-eabi/lib/thumb/v7e-m+fp/hard\libc_nano.a(libc_a-strlen.o)
 .ARM.attributes
                0x000000000000085e       0x1e C:/ST/STM32CubeIDE_1.13.2/STM32CubeIDE/plugins/com.st.stm32cube.ide.mcu.externaltools.gnu-tools-for-stm32.11.3.rel1.win32_1.1.1.202309131626/tools/bin/../lib/gcc/arm-none-eabi/11.3.1/thumb/v7e-m+fp/hard\libgcc.a(_aeabi_uldivmod.o)
 .ARM.attributes
                0x000000000000087c       0x34 C:/ST/STM32CubeIDE_1.13.2/STM32CubeIDE/plugins/com.st.stm32cube.ide.mcu.externaltools.gnu-tools-for-stm32.11.3.rel1.win32_1.1.1.202309131626/tools/bin/../lib/gcc/arm-none-eabi/11.3.1/thumb/v7e-m+fp/hard\libgcc.a(_udivmoddi4.o)
 .ARM.attributes
                0x00000000000008b0       0x1e C:/ST/STM32CubeIDE_1.13.2/STM32CubeIDE/plugins/com.st.stm32cube.ide.mcu.externaltools.gnu-tools-for-stm32.11.3.rel1.win32_1.1.1.202309131626/tools/bin/../lib/gcc/arm-none-eabi/11.3.1/thumb/v7e-m+fp/hard\libgcc.a(_dvmd_tls.o)
 .ARM.attributes
                0x00000000000008ce       0x1e C:/ST/STM32CubeIDE_1.13.2/STM32CubeIDE/plugins/com.st.stm32cube.ide.mcu.externaltools.gnu-tools-for-stm32.11.3.rel1.win32_1.1.1.202309131626/tools/bin/../lib/gcc/arm-none-eabi/11.3.1/thumb/v7e-m+fp/hard/crtn.o
OUTPUT(stm32f429_kpvc_m.elf elf32-littlearm)
LOAD linker stubs
LOAD C:/ST/STM32CubeIDE_1.13.2/STM32CubeIDE/plugins/com.st.stm32cube.ide.mcu.externaltools.gnu-tools-for-stm32.11.3.rel1.win32_1.1.1.202309131626/tools/bin/../lib/gcc/arm-none-eabi/11.3.1/../../../../arm-none-eabi/lib/thumb/v7e-m+fp/hard\libc.a
LOAD C:/ST/STM32CubeIDE_1.13.2/STM32CubeIDE/plugins/com.st.stm32cube.ide.mcu.externaltools.gnu-tools-for-stm32.11.3.rel1.win32_1.1.1.202309131626/tools/bin/../lib/gcc/arm-none-eabi/11.3.1/../../../../arm-none-eabi/lib/thumb/v7e-m+fp/hard\libm.a
LOAD C:/ST/STM32CubeIDE_1.13.2/STM32CubeIDE/plugins/com.st.stm32cube.ide.mcu.externaltools.gnu-tools-for-stm32.11.3.rel1.win32_1.1.1.202309131626/tools/bin/../lib/gcc/arm-none-eabi/11.3.1/thumb/v7e-m+fp/hard\libgcc.a

.comment        0x0000000000000000       0x43
 .comment       0x0000000000000000       0x43 C:/ST/STM32CubeIDE_1.13.2/STM32CubeIDE/plugins/com.st.stm32cube.ide.mcu.externaltools.gnu-tools-for-stm32.11.3.rel1.win32_1.1.1.202309131626/tools/bin/../lib/gcc/arm-none-eabi/11.3.1/thumb/v7e-m+fp/hard/crtbegin.o
                                         0x44 (size before relaxing)
 .comment       0x0000000000000043       0x44 ./Driver/STM32F4xx_HAL_Driver/Inc/stm32f4xx_ll_fmc.o
 .comment       0x0000000000000043       0x44 ./Driver/STM32F4xx_HAL_Driver/Src/stm32f4xx_hal.o
 .comment       0x0000000000000043       0x44 ./Driver/STM32F4xx_HAL_Driver/Src/stm32f4xx_hal_cortex.o
 .comment       0x0000000000000043       0x44 ./Driver/STM32F4xx_HAL_Driver/Src/stm32f4xx_hal_dcmi.o
 .comment       0x0000000000000043       0x44 ./Driver/STM32F4xx_HAL_Driver/Src/stm32f4xx_hal_dma.o
 .comment       0x0000000000000043       0x44 ./Driver/STM32F4xx_HAL_Driver/Src/stm32f4xx_hal_dma_ex.o
 .comment       0x0000000000000043       0x44 ./Driver/STM32F4xx_HAL_Driver/Src/stm32f4xx_hal_gpio.o
 .comment       0x0000000000000043       0x44 ./Driver/STM32F4xx_HAL_Driver/Src/stm32f4xx_hal_pwr_ex.o
 .comment       0x0000000000000043       0x44 ./Driver/STM32F4xx_HAL_Driver/Src/stm32f4xx_hal_rcc.o
 .comment       0x0000000000000043       0x44 ./Driver/STM32F4xx_HAL_Driver/Src/stm32f4xx_hal_sdram.o
 .comment       0x0000000000000043       0x44 ./Driver/STM32F4xx_HAL_Driver/Src/stm32f4xx_hal_uart.o
 .comment       0x0000000000000043       0x44 ./Middlewares/Class/CDC/Src/usbd_cdc.o
 .comment       0x0000000000000043       0x44 ./Middlewares/Class/Composite/Src/usbd_composite.o
 .comment       0x0000000000000043       0x44 ./Middlewares/Class/UVC/Src/usbd_uvc.o
 .comment       0x0000000000000043       0x44 ./USB_LIB/Inc/usb_dcd_int.o
 .comment       0x0000000000000043       0x44 ./USB_LIB/Src/usb_bsp.o
 .comment       0x0000000000000043       0x44 ./USB_LIB/Src/usb_core.o
 .comment       0x0000000000000043       0x44 ./USB_LIB/Src/usb_dcd.o
 .comment       0x0000000000000043       0x44 ./USB_LIB/Src/usbd_cdc_if.o
 .comment       0x0000000000000043       0x44 ./USB_LIB/Src/usbd_core.o
 .comment       0x0000000000000043       0x44 ./USB_LIB/Src/usbd_desc.o
 .comment       0x0000000000000043       0x44 ./USB_LIB/Src/usbd_ioreq.o
 .comment       0x0000000000000043       0x44 ./USB_LIB/Src/usbd_req.o
 .comment       0x0000000000000043       0x44 ./USB_LIB/Src/usbd_usr.o
 .comment       0x0000000000000043       0x44 ./User/Src/camera.o
 .comment       0x0000000000000043       0x44 ./User/Src/dcmi.o
 .comment       0x0000000000000043       0x44 ./User/Src/err.o
 .comment       0x0000000000000043       0x44 ./User/Src/gpio.o
 .comment       0x0000000000000043       0x44 ./User/Src/main.o
 .comment       0x0000000000000043       0x44 ./User/Src/sdram.o
 .comment       0x0000000000000043       0x44 ./User/Src/stm32f4xx_hal_msp.o
 .comment       0x0000000000000043       0x44 ./User/Src/stm32f4xx_it.o
 .comment       0x0000000000000043       0x44 ./User/Src/system_stm32f4xx.o
 .comment       0x0000000000000043       0x44 ./User/Src/uart.o
 .comment       0x0000000000000043       0x44 ./User/Src/usb_device.o

.debug_info     0x0000000000000000    0x22a19
 .debug_info    0x0000000000000000      0xf28 ./Driver/STM32F4xx_HAL_Driver/Inc/stm32f4xx_ll_fmc.o
 .debug_info    0x0000000000000f28      0xa96 ./Driver/STM32F4xx_HAL_Driver/Src/stm32f4xx_hal.o
 .debug_info    0x00000000000019be      0xfb8 ./Driver/STM32F4xx_HAL_Driver/Src/stm32f4xx_hal_cortex.o
 .debug_info    0x0000000000002976      0xc6d ./Driver/STM32F4xx_HAL_Driver/Src/stm32f4xx_hal_dcmi.o
 .debug_info    0x00000000000035e3      0xb22 ./Driver/STM32F4xx_HAL_Driver/Src/stm32f4xx_hal_dma.o
 .debug_info    0x0000000000004105      0x585 ./Driver/STM32F4xx_HAL_Driver/Src/stm32f4xx_hal_dma_ex.o
 .debug_info    0x000000000000468a      0x724 ./Driver/STM32F4xx_HAL_Driver/Src/stm32f4xx_hal_gpio.o
 .debug_info    0x0000000000004dae      0x77a ./Driver/STM32F4xx_HAL_Driver/Src/stm32f4xx_hal_pwr_ex.o
 .debug_info    0x0000000000005528      0xaef ./Driver/STM32F4xx_HAL_Driver/Src/stm32f4xx_hal_rcc.o
 .debug_info    0x0000000000006017     0x1103 ./Driver/STM32F4xx_HAL_Driver/Src/stm32f4xx_hal_sdram.o
 .debug_info    0x000000000000711a     0x49da ./Driver/STM32F4xx_HAL_Driver/Src/stm32f4xx_hal_uart.o
 .debug_info    0x000000000000baf4     0x14df ./Middlewares/Class/CDC/Src/usbd_cdc.o
 .debug_info    0x000000000000cfd3      0x759 ./Middlewares/Class/Composite/Src/usbd_composite.o
 .debug_info    0x000000000000d72c     0x16b0 ./Middlewares/Class/UVC/Src/usbd_uvc.o
 .debug_info    0x000000000000eddc       0x23 ./Startup/startup_stm32f429iitx.o
 .debug_info    0x000000000000edff     0x262c ./USB_LIB/Inc/usb_dcd_int.o
 .debug_info    0x000000000001142b     0x1488 ./USB_LIB/Src/usb_bsp.o
 .debug_info    0x00000000000128b3     0x3920 ./USB_LIB/Src/usb_core.o
 .debug_info    0x00000000000161d3     0x154b ./USB_LIB/Src/usb_dcd.o
 .debug_info    0x000000000001771e      0xfea ./USB_LIB/Src/usbd_cdc_if.o
 .debug_info    0x0000000000018708     0x146b ./USB_LIB/Src/usbd_core.o
 .debug_info    0x0000000000019b73      0x44b ./USB_LIB/Src/usbd_desc.o
 .debug_info    0x0000000000019fbe      0xf26 ./USB_LIB/Src/usbd_ioreq.o
 .debug_info    0x000000000001aee4     0x1807 ./USB_LIB/Src/usbd_req.o
 .debug_info    0x000000000001c6eb      0x189 ./USB_LIB/Src/usbd_usr.o
 .debug_info    0x000000000001c874     0x12fb ./User/Src/camera.o
 .debug_info    0x000000000001db6f      0xf45 ./User/Src/dcmi.o
 .debug_info    0x000000000001eab4       0xad ./User/Src/err.o
 .debug_info    0x000000000001eb61      0x5fd ./User/Src/gpio.o
 .debug_info    0x000000000001f15e      0x6d2 ./User/Src/main.o
 .debug_info    0x000000000001f830      0xd7f ./User/Src/sdram.o
 .debug_info    0x00000000000205af      0x27d ./User/Src/stm32f4xx_hal_msp.o
 .debug_info    0x000000000002082c      0x114 ./User/Src/stm32f4xx_it.o
 .debug_info    0x0000000000020940      0x547 ./User/Src/system_stm32f4xx.o
 .debug_info    0x0000000000020e87      0xf37 ./User/Src/uart.o
 .debug_info    0x0000000000021dbe      0xc5b ./User/Src/usb_device.o

.debug_abbrev   0x0000000000000000     0x5a75
 .debug_abbrev  0x0000000000000000      0x1ac ./Driver/STM32F4xx_HAL_Driver/Inc/stm32f4xx_ll_fmc.o
 .debug_abbrev  0x00000000000001ac      0x284 ./Driver/STM32F4xx_HAL_Driver/Src/stm32f4xx_hal.o
 .debug_abbrev  0x0000000000000430      0x383 ./Driver/STM32F4xx_HAL_Driver/Src/stm32f4xx_hal_cortex.o
 .debug_abbrev  0x00000000000007b3      0x2d0 ./Driver/STM32F4xx_HAL_Driver/Src/stm32f4xx_hal_dcmi.o
 .debug_abbrev  0x0000000000000a83      0x337 ./Driver/STM32F4xx_HAL_Driver/Src/stm32f4xx_hal_dma.o
 .debug_abbrev  0x0000000000000dba      0x1b9 ./Driver/STM32F4xx_HAL_Driver/Src/stm32f4xx_hal_dma_ex.o
 .debug_abbrev  0x0000000000000f73      0x215 ./Driver/STM32F4xx_HAL_Driver/Src/stm32f4xx_hal_gpio.o
 .debug_abbrev  0x0000000000001188      0x1e4 ./Driver/STM32F4xx_HAL_Driver/Src/stm32f4xx_hal_pwr_ex.o
 .debug_abbrev  0x000000000000136c      0x350 ./Driver/STM32F4xx_HAL_Driver/Src/stm32f4xx_hal_rcc.o
 .debug_abbrev  0x00000000000016bc      0x266 ./Driver/STM32F4xx_HAL_Driver/Src/stm32f4xx_hal_sdram.o
 .debug_abbrev  0x0000000000001922      0x449 ./Driver/STM32F4xx_HAL_Driver/Src/stm32f4xx_hal_uart.o
 .debug_abbrev  0x0000000000001d6b      0x3a6 ./Middlewares/Class/CDC/Src/usbd_cdc.o
 .debug_abbrev  0x0000000000002111      0x265 ./Middlewares/Class/Composite/Src/usbd_composite.o
 .debug_abbrev  0x0000000000002376      0x399 ./Middlewares/Class/UVC/Src/usbd_uvc.o
 .debug_abbrev  0x000000000000270f       0x12 ./Startup/startup_stm32f429iitx.o
 .debug_abbrev  0x0000000000002721      0x3f2 ./USB_LIB/Inc/usb_dcd_int.o
 .debug_abbrev  0x0000000000002b13      0x324 ./USB_LIB/Src/usb_bsp.o
 .debug_abbrev  0x0000000000002e37      0x5f5 ./USB_LIB/Src/usb_core.o
 .debug_abbrev  0x000000000000342c      0x355 ./USB_LIB/Src/usb_dcd.o
 .debug_abbrev  0x0000000000003781      0x310 ./USB_LIB/Src/usbd_cdc_if.o
 .debug_abbrev  0x0000000000003a91      0x3c5 ./USB_LIB/Src/usbd_core.o
 .debug_abbrev  0x0000000000003e56      0x139 ./USB_LIB/Src/usbd_desc.o
 .debug_abbrev  0x0000000000003f8f      0x20d ./USB_LIB/Src/usbd_ioreq.o
 .debug_abbrev  0x000000000000419c      0x4bb ./USB_LIB/Src/usbd_req.o
 .debug_abbrev  0x0000000000004657      0x103 ./USB_LIB/Src/usbd_usr.o
 .debug_abbrev  0x000000000000475a      0x370 ./User/Src/camera.o
 .debug_abbrev  0x0000000000004aca      0x22e ./User/Src/dcmi.o
 .debug_abbrev  0x0000000000004cf8       0x6e ./User/Src/err.o
 .debug_abbrev  0x0000000000004d66      0x16f ./User/Src/gpio.o
 .debug_abbrev  0x0000000000004ed5      0x1ea ./User/Src/main.o
 .debug_abbrev  0x00000000000050bf      0x2d7 ./User/Src/sdram.o
 .debug_abbrev  0x0000000000005396       0xd6 ./User/Src/stm32f4xx_hal_msp.o
 .debug_abbrev  0x000000000000546c       0xb6 ./User/Src/stm32f4xx_it.o
 .debug_abbrev  0x0000000000005522      0x120 ./User/Src/system_stm32f4xx.o
 .debug_abbrev  0x0000000000005642      0x285 ./User/Src/uart.o
 .debug_abbrev  0x00000000000058c7      0x1ae ./User/Src/usb_device.o

.debug_loclists
                0x0000000000000000     0xad3f
 .debug_loclists
                0x0000000000000000      0x633 ./Driver/STM32F4xx_HAL_Driver/Inc/stm32f4xx_ll_fmc.o
 .debug_loclists
                0x0000000000000633       0xe2 ./Driver/STM32F4xx_HAL_Driver/Src/stm32f4xx_hal.o
 .debug_loclists
                0x0000000000000715      0x4a3 ./Driver/STM32F4xx_HAL_Driver/Src/stm32f4xx_hal_cortex.o
 .debug_loclists
                0x0000000000000bb8      0x423 ./Driver/STM32F4xx_HAL_Driver/Src/stm32f4xx_hal_dcmi.o
 .debug_loclists
                0x0000000000000fdb      0x6c4 ./Driver/STM32F4xx_HAL_Driver/Src/stm32f4xx_hal_dma.o
 .debug_loclists
                0x000000000000169f      0x5c9 ./Driver/STM32F4xx_HAL_Driver/Src/stm32f4xx_hal_dma_ex.o
 .debug_loclists
                0x0000000000001c68      0x390 ./Driver/STM32F4xx_HAL_Driver/Src/stm32f4xx_hal_gpio.o
 .debug_loclists
                0x0000000000001ff8      0x14a ./Driver/STM32F4xx_HAL_Driver/Src/stm32f4xx_hal_pwr_ex.o
 .debug_loclists
                0x0000000000002142      0x356 ./Driver/STM32F4xx_HAL_Driver/Src/stm32f4xx_hal_rcc.o
 .debug_loclists
                0x0000000000002498      0x8d2 ./Driver/STM32F4xx_HAL_Driver/Src/stm32f4xx_hal_sdram.o
 .debug_loclists
                0x0000000000002d6a     0x30af ./Driver/STM32F4xx_HAL_Driver/Src/stm32f4xx_hal_uart.o
 .debug_loclists
                0x0000000000005e19      0x341 ./Middlewares/Class/CDC/Src/usbd_cdc.o
 .debug_loclists
                0x000000000000615a      0x2f0 ./Middlewares/Class/Composite/Src/usbd_composite.o
 .debug_loclists
                0x000000000000644a      0x4dc ./Middlewares/Class/UVC/Src/usbd_uvc.o
 .debug_loclists
                0x0000000000006926      0x787 ./USB_LIB/Inc/usb_dcd_int.o
 .debug_loclists
                0x00000000000070ad       0xd9 ./USB_LIB/Src/usb_bsp.o
 .debug_loclists
                0x0000000000007186     0x1d75 ./USB_LIB/Src/usb_core.o
 .debug_loclists
                0x0000000000008efb      0x848 ./USB_LIB/Src/usb_dcd.o
 .debug_loclists
                0x0000000000009743       0xc4 ./USB_LIB/Src/usbd_cdc_if.o
 .debug_loclists
                0x0000000000009807      0x45b ./USB_LIB/Src/usbd_core.o
 .debug_loclists
                0x0000000000009c62      0x143 ./USB_LIB/Src/usbd_desc.o
 .debug_loclists
                0x0000000000009da5      0x192 ./USB_LIB/Src/usbd_ioreq.o
 .debug_loclists
                0x0000000000009f37      0x96e ./USB_LIB/Src/usbd_req.o
 .debug_loclists
                0x000000000000a8a5      0x242 ./User/Src/camera.o
 .debug_loclists
                0x000000000000aae7       0x41 ./User/Src/dcmi.o
 .debug_loclists
                0x000000000000ab28       0x9f ./User/Src/sdram.o
 .debug_loclists
                0x000000000000abc7       0xcb ./User/Src/system_stm32f4xx.o
 .debug_loclists
                0x000000000000ac92       0xad ./User/Src/uart.o

.debug_aranges  0x0000000000000000      0xf00
 .debug_aranges
                0x0000000000000000       0xf0 ./Driver/STM32F4xx_HAL_Driver/Inc/stm32f4xx_ll_fmc.o
 .debug_aranges
                0x00000000000000f0       0xf8 ./Driver/STM32F4xx_HAL_Driver/Src/stm32f4xx_hal.o
 .debug_aranges
                0x00000000000001e8       0xa8 ./Driver/STM32F4xx_HAL_Driver/Src/stm32f4xx_hal_cortex.o
 .debug_aranges
                0x0000000000000290       0x98 ./Driver/STM32F4xx_HAL_Driver/Src/stm32f4xx_hal_dcmi.o
 .debug_aranges
                0x0000000000000328       0x78 ./Driver/STM32F4xx_HAL_Driver/Src/stm32f4xx_hal_dma.o
 .debug_aranges
                0x00000000000003a0       0x30 ./Driver/STM32F4xx_HAL_Driver/Src/stm32f4xx_hal_dma_ex.o
 .debug_aranges
                0x00000000000003d0       0x58 ./Driver/STM32F4xx_HAL_Driver/Src/stm32f4xx_hal_gpio.o
 .debug_aranges
                0x0000000000000428       0x60 ./Driver/STM32F4xx_HAL_Driver/Src/stm32f4xx_hal_pwr_ex.o
 .debug_aranges
                0x0000000000000488       0x88 ./Driver/STM32F4xx_HAL_Driver/Src/stm32f4xx_hal_rcc.o
 .debug_aranges
                0x0000000000000510       0xc8 ./Driver/STM32F4xx_HAL_Driver/Src/stm32f4xx_hal_sdram.o
 .debug_aranges
                0x00000000000005d8      0x188 ./Driver/STM32F4xx_HAL_Driver/Src/stm32f4xx_hal_uart.o
 .debug_aranges
                0x0000000000000760       0x78 ./Middlewares/Class/CDC/Src/usbd_cdc.o
 .debug_aranges
                0x00000000000007d8       0x68 ./Middlewares/Class/Composite/Src/usbd_composite.o
 .debug_aranges
                0x0000000000000840       0x60 ./Middlewares/Class/UVC/Src/usbd_uvc.o
 .debug_aranges
                0x00000000000008a0       0x28 ./Startup/startup_stm32f429iitx.o
 .debug_aranges
                0x00000000000008c8       0x20 ./USB_LIB/Inc/usb_dcd_int.o
 .debug_aranges
                0x00000000000008e8       0x38 ./USB_LIB/Src/usb_bsp.o
 .debug_aranges
                0x0000000000000920      0x138 ./USB_LIB/Src/usb_core.o
 .debug_aranges
                0x0000000000000a58       0x80 ./USB_LIB/Src/usb_dcd.o
 .debug_aranges
                0x0000000000000ad8       0x48 ./USB_LIB/Src/usbd_cdc_if.o
 .debug_aranges
                0x0000000000000b20       0x90 ./USB_LIB/Src/usbd_core.o
 .debug_aranges
                0x0000000000000bb0       0x50 ./USB_LIB/Src/usbd_desc.o
 .debug_aranges
                0x0000000000000c00       0x50 ./USB_LIB/Src/usbd_ioreq.o
 .debug_aranges
                0x0000000000000c50       0x48 ./USB_LIB/Src/usbd_req.o
 .debug_aranges
                0x0000000000000c98       0x28 ./USB_LIB/Src/usbd_usr.o
 .debug_aranges
                0x0000000000000cc0       0x58 ./User/Src/camera.o
 .debug_aranges
                0x0000000000000d18       0x48 ./User/Src/dcmi.o
 .debug_aranges
                0x0000000000000d60       0x20 ./User/Src/err.o
 .debug_aranges
                0x0000000000000d80       0x20 ./User/Src/gpio.o
 .debug_aranges
                0x0000000000000da0       0x28 ./User/Src/main.o
 .debug_aranges
                0x0000000000000dc8       0x40 ./User/Src/sdram.o
 .debug_aranges
                0x0000000000000e08       0x20 ./User/Src/stm32f4xx_hal_msp.o
 .debug_aranges
                0x0000000000000e28       0x50 ./User/Src/stm32f4xx_it.o
 .debug_aranges
                0x0000000000000e78       0x28 ./User/Src/system_stm32f4xx.o
 .debug_aranges
                0x0000000000000ea0       0x40 ./User/Src/uart.o
 .debug_aranges
                0x0000000000000ee0       0x20 ./User/Src/usb_device.o

.debug_rnglists
                0x0000000000000000     0x1481
 .debug_rnglists
                0x0000000000000000       0xb1 ./Driver/STM32F4xx_HAL_Driver/Inc/stm32f4xx_ll_fmc.o
 .debug_rnglists
                0x00000000000000b1       0xb5 ./Driver/STM32F4xx_HAL_Driver/Src/stm32f4xx_hal.o
 .debug_rnglists
                0x0000000000000166       0xee ./Driver/STM32F4xx_HAL_Driver/Src/stm32f4xx_hal_cortex.o
 .debug_rnglists
                0x0000000000000254       0x71 ./Driver/STM32F4xx_HAL_Driver/Src/stm32f4xx_hal_dcmi.o
 .debug_rnglists
                0x00000000000002c5       0x9f ./Driver/STM32F4xx_HAL_Driver/Src/stm32f4xx_hal_dma.o
 .debug_rnglists
                0x0000000000000364       0x38 ./Driver/STM32F4xx_HAL_Driver/Src/stm32f4xx_hal_dma_ex.o
 .debug_rnglists
                0x000000000000039c       0x4b ./Driver/STM32F4xx_HAL_Driver/Src/stm32f4xx_hal_gpio.o
 .debug_rnglists
                0x00000000000003e7       0x92 ./Driver/STM32F4xx_HAL_Driver/Src/stm32f4xx_hal_pwr_ex.o
 .debug_rnglists
                0x0000000000000479       0xcf ./Driver/STM32F4xx_HAL_Driver/Src/stm32f4xx_hal_rcc.o
 .debug_rnglists
                0x0000000000000548       0x93 ./Driver/STM32F4xx_HAL_Driver/Src/stm32f4xx_hal_sdram.o
 .debug_rnglists
                0x00000000000005db      0x267 ./Driver/STM32F4xx_HAL_Driver/Src/stm32f4xx_hal_uart.o
 .debug_rnglists
                0x0000000000000842       0x56 ./Middlewares/Class/CDC/Src/usbd_cdc.o
 .debug_rnglists
                0x0000000000000898       0x61 ./Middlewares/Class/Composite/Src/usbd_composite.o
 .debug_rnglists
                0x00000000000008f9       0x88 ./Middlewares/Class/UVC/Src/usbd_uvc.o
 .debug_rnglists
                0x0000000000000981       0x19 ./Startup/startup_stm32f429iitx.o
 .debug_rnglists
                0x000000000000099a      0x12e ./USB_LIB/Inc/usb_dcd_int.o
 .debug_rnglists
                0x0000000000000ac8       0x6e ./USB_LIB/Src/usb_bsp.o
 .debug_rnglists
                0x0000000000000b36      0x47c ./USB_LIB/Src/usb_core.o
 .debug_rnglists
                0x0000000000000fb2       0x83 ./USB_LIB/Src/usb_dcd.o
 .debug_rnglists
                0x0000000000001035       0x31 ./USB_LIB/Src/usbd_cdc_if.o
 .debug_rnglists
                0x0000000000001066       0x68 ./USB_LIB/Src/usbd_core.o
 .debug_rnglists
                0x00000000000010ce       0x37 ./USB_LIB/Src/usbd_desc.o
 .debug_rnglists
                0x0000000000001105       0x37 ./USB_LIB/Src/usbd_ioreq.o
 .debug_rnglists
                0x000000000000113c       0xc9 ./USB_LIB/Src/usbd_req.o
 .debug_rnglists
                0x0000000000001205       0x19 ./USB_LIB/Src/usbd_usr.o
 .debug_rnglists
                0x000000000000121e       0x4b ./User/Src/camera.o
 .debug_rnglists
                0x0000000000001269       0x5c ./User/Src/dcmi.o
 .debug_rnglists
                0x00000000000012c5       0x13 ./User/Src/err.o
 .debug_rnglists
                0x00000000000012d8       0x2f ./User/Src/gpio.o
 .debug_rnglists
                0x0000000000001307       0x3e ./User/Src/main.o
 .debug_rnglists
                0x0000000000001345       0x76 ./User/Src/sdram.o
 .debug_rnglists
                0x00000000000013bb       0x1f ./User/Src/stm32f4xx_hal_msp.o
 .debug_rnglists
                0x00000000000013da       0x37 ./User/Src/stm32f4xx_it.o
 .debug_rnglists
                0x0000000000001411       0x19 ./User/Src/system_stm32f4xx.o
 .debug_rnglists
                0x000000000000142a       0x44 ./User/Src/uart.o
 .debug_rnglists
                0x000000000000146e       0x13 ./User/Src/usb_device.o

.debug_macro    0x0000000000000000    0x27dae
 .debug_macro   0x0000000000000000      0x237 ./Driver/STM32F4xx_HAL_Driver/Inc/stm32f4xx_ll_fmc.o
 .debug_macro   0x0000000000000237      0xaa8 ./Driver/STM32F4xx_HAL_Driver/Inc/stm32f4xx_ll_fmc.o
 .debug_macro   0x0000000000000cdf      0x1b1 ./Driver/STM32F4xx_HAL_Driver/Inc/stm32f4xx_ll_fmc.o
 .debug_macro   0x0000000000000e90       0x2e ./Driver/STM32F4xx_HAL_Driver/Inc/stm32f4xx_ll_fmc.o
 .debug_macro   0x0000000000000ebe       0x28 ./Driver/STM32F4xx_HAL_Driver/Inc/stm32f4xx_ll_fmc.o
 .debug_macro   0x0000000000000ee6       0x22 ./Driver/STM32F4xx_HAL_Driver/Inc/stm32f4xx_ll_fmc.o