../USB_LIB/Src/usb_core.c:76:13:USB_OTG_WritePacket	8	static
../USB_LIB/Src/usb_core.c:99:7:USB_OTG_ReadPacket	12	static
../USB_LIB/Src/usb_core.c:132:13:USB_OTG_SelectCore	16	static
../USB_LIB/Src/usb_core.c:203:13:USB_OTG_CoreInit	24	static
../USB_LIB/Src/usb_core.c:331:13:USB_OTG_EnableGlobalInt	0	static
../USB_LIB/Src/usb_core.c:344:13:USB_OTG_DisableGlobalInt	0	static
../USB_LIB/Src/usb_core.c:356:13:USB_OTG_FlushTxFifo	16	static
../USB_LIB/Src/usb_core.c:383:13:USB_OTG_FlushRxFifo	16	static
../USB_LIB/Src/usb_core.c:409:13:USB_OTG_SetCurrentMode	8	static
../USB_LIB/Src/usb_core.c:435:10:USB_OTG_GetMode	0	static
../USB_LIB/Src/usb_core.c:442:9:USB_OTG_IsDeviceMode	0	static
../USB_LIB/Src/usb_core.c:449:9:USB_OTG_IsHostMode	0	static
../USB_LIB/Src/usb_core.c:456:10:USB_OTG_ReadCoreItr	0	static
../USB_LIB/Src/usb_core.c:466:10:USB_OTG_ReadOtgItr	0	static
../USB_LIB/Src/usb_core.c:474:6:USB_OTG_InitDevSpeed	0	static
../USB_LIB/Src/usb_core.c:485:13:USB_OTG_CoreInitDev	24	static
../USB_LIB/Src/usb_core.c:680:13:USB_OTG_EnableDevInt	4	static
../USB_LIB/Src/usb_core.c:724:20:USB_OTG_GetDeviceSpeed	0	static
../USB_LIB/Src/usb_core.c:752:14:USB_OTG_EP0Activate	0	static
../USB_LIB/Src/usb_core.c:783:13:USB_OTG_EPActivate	8	static
../USB_LIB/Src/usb_core.c:824:13:USB_OTG_EPDeactivate	0	static
../USB_LIB/Src/usb_core.c:855:13:USB_OTG_EPStartXfer	28	static
../USB_LIB/Src/usb_core.c:982:13:USB_OTG_EP0StartXfer	16	static
../USB_LIB/Src/usb_core.c:1077:13:USB_OTG_EPSetStall	0	static
../USB_LIB/Src/usb_core.c:1109:13:USB_OTG_EPClearStall	0	static
../USB_LIB/Src/usb_core.c:1138:10:USB_OTG_ReadDevAllOutEp_itr	0	static
../USB_LIB/Src/usb_core.c:1149:10:USB_OTG_ReadDevOutEP_itr	0	static
../USB_LIB/Src/usb_core.c:1160:10:USB_OTG_ReadDevAllInEPItr	0	static
../USB_LIB/Src/usb_core.c:1170:6:USB_OTG_EP0_OutStart	0	static
../USB_LIB/Src/usb_core.c:1195:6:USB_OTG_ActiveRemoteWakeup	8	static
../USB_LIB/Src/usb_core.c:1227:6:USB_OTG_UngateClock	0	static
../USB_LIB/Src/usb_core.c:1250:6:USB_OTG_StopDevice	16	static
../USB_LIB/Src/usb_core.c:1274:10:USB_OTG_GetEPStatus	0	static
../USB_LIB/Src/usb_core.c:1311:6:USB_OTG_SetEPStatus	8	static
../USB_LIB/Src/usb_core.c:1376:14:USB_OTG_DevConnect	0	static
../USB_LIB/Src/usb_core.c:1386:13:USB_OTG_Start	0	static
