../USB_LIB/Src/usb_dcd.c:12:6:DCD_Init	8	static
../USB_LIB/Src/usb_dcd.c:71:10:DCD_EP_Open	8	static
../USB_LIB/Src/usb_dcd.c:106:10:DCD_EP_Close	8	static
../USB_LIB/Src/usb_dcd.c:126:12:DCD_EP_PrepareRx	8	static
../USB_LIB/Src/usb_dcd.c:159:11:DCD_EP_Tx	8	static
../USB_LIB/Src/usb_dcd.c:189:11:DCD_EP_Stall	8	static
../USB_LIB/Src/usb_dcd.c:211:11:DCD_EP_ClrStall	8	static
../USB_LIB/Src/usb_dcd.c:233:11:DCD_EP_Flush	8	static
../USB_LIB/Src/usb_dcd.c:250:7:DCD_EP_SetAddress	0	static
../USB_LIB/Src/usb_dcd.c:259:7:DCD_DevConnect	0	static
../USB_LIB/Src/usb_dcd.c:273:7:DCD_DevDisconnect	0	static
../USB_LIB/Src/usb_dcd.c:287:10:DCD_GetEPStatus	0	static
../USB_LIB/Src/usb_dcd.c:308:6:DCD_SetEPStatus	0	static
