../Middlewares/Class/UVC/Src/usbd_uvc.c:383:16:USBD_UVC_EP0_RxReady	0	static
../Middlewares/Class/UVC/Src/usbd_uvc.c:433:16:USBD_UVC_DataOut	0	static
../Middlewares/Class/UVC/Src/usbd_uvc.c:467:17:USBD_UVC_GetCfgDesc	0	static
../Middlewares/Class/UVC/Src/usbd_uvc.c:474:17:USBD_UVC_GetDeviceQualifierDesc	0	static
../Middlewares/Class/UVC/Src/usbd_uvc.c:439:16:USBD_UVC_SOF	24	static
../Middlewares/Class/UVC/Src/usbd_uvc.c:391:16:USBD_UVC_DataIn	504	static
../Middlewares/Class/UVC/Src/usbd_uvc.c:307:16:USBD_UVC_DeInit	8	static
../Middlewares/Class/UVC/Src/usbd_uvc.c:287:16:USBD_UVC_Init	8	static
../Middlewares/Class/UVC/Src/usbd_uvc.c:501:13:UVC_Req_SetCurrent	16	static
../Middlewares/Class/UVC/Src/usbd_uvc.c:318:16:USBD_UVC_Setup	24	static
../Middlewares/Class/UVC/Src/usbd_uvc.c:460:16:USBD_UVC_IsoOutIncomplete	0	static
../Middlewares/Class/UVC/Src/usbd_uvc.c:454:16:USBD_UVC_IsoINIncomplete	0	static
