Archive member included to satisfy reference by file (symbol)

C:/ST/STM32CubeIDE_1.13.2/STM32CubeIDE/plugins/com.st.stm32cube.ide.mcu.externaltools.gnu-tools-for-stm32.11.3.rel1.win32_1.1.1.202309131626/tools/bin/../lib/gcc/arm-none-eabi/11.3.1/../../../../arm-none-eabi/lib/thumb/v7e-m+fp/hard\libc_nano.a(libc_a-exit.o)
                              C:/ST/STM32CubeIDE_1.13.2/STM32CubeIDE/plugins/com.st.stm32cube.ide.mcu.externaltools.gnu-tools-for-stm32.11.3.rel1.win32_1.1.1.202309131626/tools/bin/../lib/gcc/arm-none-eabi/11.3.1/../../../../arm-none-eabi/lib/thumb/v7e-m+fp/hard/crt0.o (exit)
C:/ST/STM32CubeIDE_1.13.2/STM32CubeIDE/plugins/com.st.stm32cube.ide.mcu.externaltools.gnu-tools-for-stm32.11.3.rel1.win32_1.1.1.202309131626/tools/bin/../lib/gcc/arm-none-eabi/11.3.1/../../../../arm-none-eabi/lib/thumb/v7e-m+fp/hard\libc_nano.a(libc_a-findfp.o)
                              C:/ST/STM32CubeIDE_1.13.2/STM32CubeIDE/plugins/com.st.stm32cube.ide.mcu.externaltools.gnu-tools-for-stm32.11.3.rel1.win32_1.1.1.202309131626/tools/bin/../lib/gcc/arm-none-eabi/11.3.1/../../../../arm-none-eabi/lib/thumb/v7e-m+fp/hard\libc_nano.a(libc_a-exit.o) (__stdio_exit_handler)
C:/ST/STM32CubeIDE_1.13.2/STM32CubeIDE/plugins/com.st.stm32cube.ide.mcu.externaltools.gnu-tools-for-stm32.11.3.rel1.win32_1.1.1.202309131626/tools/bin/../lib/gcc/arm-none-eabi/11.3.1/../../../../arm-none-eabi/lib/thumb/v7e-m+fp/hard\libc_nano.a(libc_a-fwalk.o)
                              C:/ST/STM32CubeIDE_1.13.2/STM32CubeIDE/plugins/com.st.stm32cube.ide.mcu.externaltools.gnu-tools-for-stm32.11.3.rel1.win32_1.1.1.202309131626/tools/bin/../lib/gcc/arm-none-eabi/11.3.1/../../../../arm-none-eabi/lib/thumb/v7e-m+fp/hard\libc_nano.a(libc_a-findfp.o) (_fwalk_sglue)
C:/ST/STM32CubeIDE_1.13.2/STM32CubeIDE/plugins/com.st.stm32cube.ide.mcu.externaltools.gnu-tools-for-stm32.11.3.rel1.win32_1.1.1.202309131626/tools/bin/../lib/gcc/arm-none-eabi/11.3.1/../../../../arm-none-eabi/lib/thumb/v7e-m+fp/hard\libc_nano.a(libc_a-stdio.o)
                              C:/ST/STM32CubeIDE_1.13.2/STM32CubeIDE/plugins/com.st.stm32cube.ide.mcu.externaltools.gnu-tools-for-stm32.11.3.rel1.win32_1.1.1.202309131626/tools/bin/../lib/gcc/arm-none-eabi/11.3.1/../../../../arm-none-eabi/lib/thumb/v7e-m+fp/hard\libc_nano.a(libc_a-findfp.o) (__sread)
C:/ST/STM32CubeIDE_1.13.2/STM32CubeIDE/plugins/com.st.stm32cube.ide.mcu.externaltools.gnu-tools-for-stm32.11.3.rel1.win32_1.1.1.202309131626/tools/bin/../lib/gcc/arm-none-eabi/11.3.1/../../../../arm-none-eabi/lib/thumb/v7e-m+fp/hard\libc_nano.a(libc_a-memset.o)
                              C:/ST/STM32CubeIDE_1.13.2/STM32CubeIDE/plugins/com.st.stm32cube.ide.mcu.externaltools.gnu-tools-for-stm32.11.3.rel1.win32_1.1.1.202309131626/tools/bin/../lib/gcc/arm-none-eabi/11.3.1/../../../../arm-none-eabi/lib/thumb/v7e-m+fp/hard/crt0.o (memset)
C:/ST/STM32CubeIDE_1.13.2/STM32CubeIDE/plugins/com.st.stm32cube.ide.mcu.externaltools.gnu-tools-for-stm32.11.3.rel1.win32_1.1.1.202309131626/tools/bin/../lib/gcc/arm-none-eabi/11.3.1/../../../../arm-none-eabi/lib/thumb/v7e-m+fp/hard\libc_nano.a(libc_a-closer.o)
                              C:/ST/STM32CubeIDE_1.13.2/STM32CubeIDE/plugins/com.st.stm32cube.ide.mcu.externaltools.gnu-tools-for-stm32.11.3.rel1.win32_1.1.1.202309131626/tools/bin/../lib/gcc/arm-none-eabi/11.3.1/../../../../arm-none-eabi/lib/thumb/v7e-m+fp/hard\libc_nano.a(libc_a-stdio.o) (_close_r)
C:/ST/STM32CubeIDE_1.13.2/STM32CubeIDE/plugins/com.st.stm32cube.ide.mcu.externaltools.gnu-tools-for-stm32.11.3.rel1.win32_1.1.1.202309131626/tools/bin/../lib/gcc/arm-none-eabi/11.3.1/../../../../arm-none-eabi/lib/thumb/v7e-m+fp/hard\libc_nano.a(libc_a-reent.o)
                              C:/ST/STM32CubeIDE_1.13.2/STM32CubeIDE/plugins/com.st.stm32cube.ide.mcu.externaltools.gnu-tools-for-stm32.11.3.rel1.win32_1.1.1.202309131626/tools/bin/../lib/gcc/arm-none-eabi/11.3.1/../../../../arm-none-eabi/lib/thumb/v7e-m+fp/hard\libc_nano.a(libc_a-closer.o) (errno)
C:/ST/STM32CubeIDE_1.13.2/STM32CubeIDE/plugins/com.st.stm32cube.ide.mcu.externaltools.gnu-tools-for-stm32.11.3.rel1.win32_1.1.1.202309131626/tools/bin/../lib/gcc/arm-none-eabi/11.3.1/../../../../arm-none-eabi/lib/thumb/v7e-m+fp/hard\libc_nano.a(libc_a-impure.o)
                              C:/ST/STM32CubeIDE_1.13.2/STM32CubeIDE/plugins/com.st.stm32cube.ide.mcu.externaltools.gnu-tools-for-stm32.11.3.rel1.win32_1.1.1.202309131626/tools/bin/../lib/gcc/arm-none-eabi/11.3.1/../../../../arm-none-eabi/lib/thumb/v7e-m+fp/hard\libc_nano.a(libc_a-reent.o) (_impure_ptr)
C:/ST/STM32CubeIDE_1.13.2/STM32CubeIDE/plugins/com.st.stm32cube.ide.mcu.externaltools.gnu-tools-for-stm32.11.3.rel1.win32_1.1.1.202309131626/tools/bin/../lib/gcc/arm-none-eabi/11.3.1/../../../../arm-none-eabi/lib/thumb/v7e-m+fp/hard\libc_nano.a(libc_a-lseekr.o)
[...]
Memory Configuration

Name             Origin             Length             Attributes
CCMRAM           0x0000000010000000 0x0000000000010000 xrw
RAM              0x0000000020000000 0x0000000000030000 xrw
FLASH            0x0000000008000000 0x0000000000200000 xr
*default*        0x0000000000000000 0xffffffffffffffff

Linker script and memory map

LOAD C:/ST/STM32CubeIDE_1.13.2/STM32CubeIDE/plugins/com.st.stm32cube.ide.mcu.externaltools.gnu-tools-for-stm32.11.3.rel1.win32_1.1.1.202309131626/tools/bin/../lib/gcc/arm-none-eabi/11.3.1/thumb/v7e-m+fp/hard/crti.o
LOAD C:/ST/STM32CubeIDE_1.13.2/STM32CubeIDE/plugins/com.st.stm32cube.ide.mcu.externaltools.gnu-tools-for-stm32.11.3.rel1.win32_1.1.1.202309131626/tools/bin/../lib/gcc/arm-none-eabi/11.3.1/thumb/v7e-m+fp/hard/crtbegin.o
LOAD C:/ST/STM32CubeIDE_1.13.2/STM32CubeIDE/plugins/com.st.stm32cube.ide.mcu.externaltools.gnu-tools-for-stm32.11.3.rel1.win32_1.1.1.202309131626/tools/bin/../lib/gcc/arm-none-eabi/11.3.1/../../../../arm-none-eabi/lib/thumb/v7e-m+fp/hard/crt0.o
LOAD ./Driver/STM32F4xx_HAL_Driver/Inc/stm32f4xx_ll_fmc.o
LOAD ./Driver/STM32F4xx_HAL_Driver/Src/stm32f4xx_hal.o
LOAD ./Driver/STM32F4xx_HAL_Driver/Src/stm32f4xx_hal_cortex.o
LOAD ./Driver/STM32F4xx_HAL_Driver/Src/stm32f4xx_hal_dcmi.o
LOAD ./Driver/STM32F4xx_HAL_Driver/Src/stm32f4xx_hal_dma.o
LOAD ./Driver/STM32F4xx_HAL_Driver/Src/stm32f4xx_hal_dma_ex.o
LOAD ./Driver/STM32F4xx_HAL_Driver/Src/stm32f4xx_hal_exti.o
LOAD ./Driver/STM32F4xx_HAL_Driver/Src/stm32f4xx_hal_flash.o
LOAD ./Driver/STM32F4xx_HAL_Driver/Src/stm32f4xx_hal_flash_ex.o
LOAD ./Driver/STM32F4xx_HAL_Driver/Src/stm32f4xx_hal_flash_ramfunc.o
LOAD ./Driver/STM32F4xx_HAL_Driver/Src/stm32f4xx_hal_gpio.o
LOAD ./Driver/STM32F4xx_HAL_Driver/Src/stm32f4xx_hal_pwr.o
LOAD ./Driver/STM32F4xx_HAL_Driver/Src/stm32f4xx_hal_pwr_ex.o
LOAD ./Driver/STM32F4xx_HAL_Driver/Src/stm32f4xx_hal_rcc.o
LOAD ./Driver/STM32F4xx_HAL_Driver/Src/stm32f4xx_hal_rcc_ex.o
LOAD ./Driver/STM32F4xx_HAL_Driver/Src/stm32f4xx_hal_sdram.o
LOAD ./Driver/STM32F4xx_HAL_Driver/Src/stm32f4xx_hal_tim.o
LOAD ./Driver/STM32F4xx_HAL_Driver/Src/stm32f4xx_hal_tim_ex.o
LOAD ./Driver/STM32F4xx_HAL_Driver/Src/stm32f4xx_hal_uart.o
LOAD ./Middlewares/Class/CDC/Src/usbd_cdc.o
LOAD ./Middlewares/Class/Composite/Src/usbd_composite.o
LOAD ./Middlewares/Class/UVC/Src/usbd_uvc.o
LOAD ./Startup/startup_stm32f429iitx.o
LOAD ./USB_LIB/Inc/usb_dcd_int.o
LOAD ./USB_LIB/Src/usb_bsp.o
LOAD ./USB_LIB/Src/usb_core.o
LOAD ./USB_LIB/Src/usb_dcd.o
LOAD ./USB_LIB/Src/usbd_cdc_if.o
LOAD ./USB_LIB/Src/usbd_core.o
LOAD ./USB_LIB/Src/usbd_desc.o
LOAD ./USB_LIB/Src/usbd_ioreq.o
LOAD ./USB_LIB/Src/usbd_req.o
LOAD ./USB_LIB/Src/usbd_usr.o
LOAD ./User/Src/dcmi.o
LOAD ./User/Src/err.o
LOAD ./User/Src/gpio.o
LOAD ./User/Src/main.o
LOAD ./User/Src/sdram.o
LOAD ./User/Src/stm32f4xx_hal_msp.o
LOAD ./User/Src/stm32f4xx_it.o
LOAD ./User/Src/syscalls.o
LOAD ./User/Src/sysmem.o
LOAD ./User/Src/system_stm32f4xx.o
LOAD ./User/Src/uart.o
LOAD ./User/Src/usb_device.o
START GROUP
LOAD C:/ST/STM32CubeIDE_1.13.2/STM32CubeIDE/plugins/com.st.stm32cube.ide.mcu.externaltools.gnu-tools-for-stm32.11.3.rel1.win32_1.1.1.202309131626/tools/bin/../lib/gcc/arm-none-eabi/11.3.1/../../../../arm-none-eabi/lib/thumb/v7e-m+fp/hard\libc_nano.a
LOAD C:/ST/STM32CubeIDE_1.13.2/STM32CubeIDE/plugins/com.st.stm32cube.ide.mcu.externaltools.gnu-tools-for-stm32.11.3.rel1.win32_1.1.1.202309131626/tools/bin/../lib/gcc/arm-none-eabi/11.3.1/../../../../arm-none-eabi/lib/thumb/v7e-m+fp/hard\libm.a
END GROUP
START GROUP
LOAD C:/ST/STM32CubeIDE_1.13.2/STM32CubeIDE/plugins/com.st.stm32cube.ide.mcu.externaltools.gnu-tools-for-stm32.11.3.rel1.win32_1.1.1.202309131626/tools/bin/../lib/gcc/arm-none-eabi/11.3.1/thumb/v7e-m+fp/hard\libgcc.a
LOAD C:/ST/STM32CubeIDE_1.13.2/STM32CubeIDE/plugins/com.st.stm32cube.ide.mcu.externaltools.gnu-tools-for-stm32.11.3.rel1.win32_1.1.1.202309131626/tools/bin/../lib/gcc/arm-none-eabi/11.3.1/../../../../arm-none-eabi/lib/thumb/v7e-m+fp/hard\libc_nano.a
END GROUP
START GROUP
LOAD C:/ST/STM32CubeIDE_1.13.2/STM32CubeIDE/plugins/com.st.stm32cube.ide.mcu.externaltools.gnu-tools-for-stm32.11.3.rel1.win32_1.1.1.202309131626/tools/bin/../lib/gcc/arm-none-eabi/11.3.1/thumb/v7e-m+fp/hard\libgcc.a
LOAD C:/ST/STM32CubeIDE_1.13.2/STM32CubeIDE/plugins/com.st.stm32cube.ide.mcu.externaltools.gnu-tools-for-stm32.11.3.rel1.win32_1.1.1.202309131626/tools/bin/../lib/gcc/arm-none-eabi/11.3.1/../../../../arm-none-eabi/lib/thumb/v7e-m+fp/hard\libc_nano.a
LOAD C:/ST/STM32CubeIDE_1.13.2/STM32CubeIDE/plugins/com.st.stm32cube.ide.mcu.externaltools.gnu-tools-for-stm32.11.3.rel1.win32_1.1.1.202309131626/tools/bin/../lib/gcc/arm-none-eabi/11.3.1/../../../../arm-none-eabi/lib/thumb/v7e-m+fp/hard\libnosys.a
END GROUP
START GROUP
LOAD C:/ST/STM32CubeIDE_1.13.2/STM32CubeIDE/plugins/com.st.stm32cube.ide.mcu.externaltools.gnu-tools-for-stm32.11.3.rel1.win32_1.1.1.202309131626/tools/bin/../lib/gcc/arm-none-eabi/11.3.1/thumb/v7e-m+fp/hard\libgcc.a
LOAD C:/ST/STM32CubeIDE_1.13.2/STM32CubeIDE/plugins/com.st.stm32cube.ide.mcu.externaltools.gnu-tools-for-stm32.11.3.rel1.win32_1.1.1.202309131626/tools/bin/../lib/gcc/arm-none-eabi/11.3.1/../../../../arm-none-eabi/lib/thumb/v7e-m+fp/hard\libc_nano.a
LOAD C:/ST/STM32CubeIDE_1.13.2/STM32CubeIDE/plugins/com.st.stm32cube.ide.mcu.externaltools.gnu-tools-for-stm32.11.3.rel1.win32_1.1.1.202309131626/tools/bin/../lib/gcc/arm-none-eabi/11.3.1/../../../../arm-none-eabi/lib/thumb/v7e-m+fp/hard\libnosys.a
END GROUP
LOAD C:/ST/STM32CubeIDE_1.13.2/STM32CubeIDE/plugins/com.st.stm32cube.ide.mcu.externaltools.gnu-tools-for-stm32.11.3.rel1.win32_1.1.1.202309131626/tools/bin/../lib/gcc/arm-none-eabi/11.3.1/thumb/v7e-m+fp/hard/crtend.o
LOAD C:/ST/STM32CubeIDE_1.13.2/STM32CubeIDE/plugins/com.st.stm32cube.ide.mcu.externaltools.gnu-tools-for-stm32.11.3.rel1.win32_1.1.1.202309131626/tools/bin/../lib/gcc/arm-none-eabi/11.3.1/thumb/v7e-m+fp/hard/crtn.o
                0x0000000020030000                _estack = (ORIGIN (RAM) + LENGTH (RAM))
                0x0000000000000200                _Min_Heap_Size = 0x200
                0x0000000000000400                _Min_Stack_Size = 0x400

.isr_vector     0x0000000008000000      0x1ac
                0x0000000008000000                . = ALIGN (0x4)
 *(.isr_vector)
 .isr_vector    0x0000000008000000      0x1ac ./Startup/startup_stm32f429iitx.o
                0x0000000008000000                g_pfnVectors
                0x00000000080001ac                . = ALIGN (0x4)

.text           0x00000000080001ac     0x2ce0
                0x00000000080001ac                . = ALIGN (0x4)
 *(.text)
 .text          0x00000000080001ac       0x40 C:/ST/STM32CubeIDE_1.13.2/STM32CubeIDE/plugins/com.st.stm32cube.ide.mcu.externaltools.gnu-tools-for-stm32.11.3.rel1.win32_1.1.1.202309131626/tools/bin/../lib/gcc/arm-none-eabi/11.3.1/thumb/v7e-m+fp/hard/crtbegin.o
 .text          0x00000000080001ec       0x30 C:/ST/STM32CubeIDE_1.13.2/STM32CubeIDE/plugins/com.st.stm32cube.ide.mcu.externaltools.gnu-tools-for-stm32.11.3.rel1.win32_1.1.1.202309131626/tools/bin/../lib/gcc/arm-none-eabi/11.3.1/thumb/v7e-m+fp/hard\libgcc.a(_aeabi_uldivmod.o)
                0x00000000080001ec                __aeabi_uldivmod
 .text          0x000000000800021c      0x2c8 C:/ST/STM32CubeIDE_1.13.2/STM32CubeIDE/plugins/com.st.stm32cube.ide.mcu.externaltools.gnu-tools-for-stm32.11.3.rel1.win32_1.1.1.202309131626/tools/bin/../lib/gcc/arm-none-eabi/11.3.1/thumb/v7e-m+fp/hard\libgcc.a(_udivmoddi4.o)
                0x000000000800021c                __udivmoddi4
 .text          0x00000000080004e4        0x4 C:/ST/STM32CubeIDE_1.13.2/STM32CubeIDE/plugins/com.st.stm32cube.ide.mcu.externaltools.gnu-tools-for-stm32.11.3.rel1.win32_1.1.1.202309131626/tools/bin/../lib/gcc/arm-none-eabi/11.3.1/thumb/v7e-m+fp/hard\libgcc.a(_dvmd_tls.o)
                0x00000000080004e4                __aeabi_idiv0
                0x00000000080004e4                __aeabi_ldiv0
 *(.text*)
 .text.HAL_InitTick
                0x00000000080004e8       0x48 ./Driver/STM32F4xx_HAL_Driver/Src/stm32f4xx_hal.o
                0x00000000080004e8                HAL_InitTick
 .text.HAL_Init
                0x0000000008000530       0x34 ./Driver/STM32F4xx_HAL_Driver/Src/stm32f4xx_hal.o
                0x0000000008000530                HAL_Init
 .text.HAL_IncTick
                0x0000000008000564       0x18 ./Driver/STM32F4xx_HAL_Driver/Src/stm32f4xx_hal.o
                0x0000000008000564                HAL_IncTick
 .text.HAL_GetTick
                0x000000000800057c        0xc ./Driver/STM32F4xx_HAL_Driver/Src/stm32f4xx_hal.o
                0x000000000800057c                HAL_GetTick
 .text.HAL_Delay
                0x0000000008000588       0x28 ./Driver/STM32F4xx_HAL_Driver/Src/stm32f4xx_hal.o
                0x0000000008000588                HAL_Delay
 .text.HAL_NVIC_SetPriorityGrouping
                0x00000000080005b0       0x24 ./Driver/STM32F4xx_HAL_Driver/Src/stm32f4xx_hal_cortex.o
                0x00000000080005b0                HAL_NVIC_SetPriorityGrouping
 .text.HAL_NVIC_SetPriority
                0x00000000080005d4       0x64 ./Driver/STM32F4xx_HAL_Driver/Src/stm32f4xx_hal_cortex.o
                0x00000000080005d4                HAL_NVIC_SetPriority
 .text.HAL_NVIC_EnableIRQ
                0x0000000008000638       0x1c ./Driver/STM32F4xx_HAL_Driver/Src/stm32f4xx_hal_cortex.o
                0x0000000008000638                HAL_NVIC_EnableIRQ
 .text.HAL_SYSTICK_Config
                0x0000000008000654       0x28 ./Driver/STM32F4xx_HAL_Driver/Src/stm32f4xx_hal_cortex.o
                0x0000000008000654                HAL_SYSTICK_Config
 .text.HAL_GPIO_Init
                0x000000000800067c      0x1cc ./Driver/STM32F4xx_HAL_Driver/Src/stm32f4xx_hal_gpio.o
                0x000000000800067c                HAL_GPIO_Init
 .text.HAL_GPIO_WritePin
                0x0000000008000848        0xa ./Driver/STM32F4xx_HAL_Driver/Src/stm32f4xx_hal_gpio.o
                0x0000000008000848                HAL_GPIO_WritePin
 *fill*         0x0000000008000852        0x2 
 .text.HAL_PWREx_EnableOverDrive
                0x0000000008000854       0x74 ./Driver/STM32F4xx_HAL_Driver/Src/stm32f4xx_hal_pwr_ex.o
                0x0000000008000854                HAL_PWREx_EnableOverDrive
 .text.HAL_RCC_OscConfig
                0x00000000080008c8      0x358 ./Driver/STM32F4xx_HAL_Driver/Src/stm32f4xx_hal_rcc.o
                0x00000000080008c8                HAL_RCC_OscConfig
 .text.HAL_RCC_GetSysClockFreq
                0x0000000008000c20       0x5c ./Driver/STM32F4xx_HAL_Driver/Src/stm32f4xx_hal_rcc.o
                0x0000000008000c20                HAL_RCC_GetSysClockFreq
 .text.HAL_RCC_ClockConfig
                0x0000000008000c7c      0x134 ./Driver/STM32F4xx_HAL_Driver/Src/stm32f4xx_hal_rcc.o
                0x0000000008000c7c                HAL_RCC_ClockConfig
 .text.USBD_CDC_EP0_RxReady
                0x0000000008000db0       0x2c ./Middlewares/Class/CDC/Src/usbd_cdc.o
 .text.USBD_CDC_DataOut
                0x0000000008000ddc       0x2c ./Middlewares/Class/CDC/Src/usbd_cdc.o
 .text.USBD_CDC_GetHSCfgDesc
                0x0000000008000e08        0xc ./Middlewares/Class/CDC/Src/usbd_cdc.o
 .text.USBD_CDC_GetDeviceQualifierDescriptor
                0x0000000008000e14        0xc ./Middlewares/Class/CDC/Src/usbd_cdc.o
                0x0000000008000e14                USBD_CDC_GetDeviceQualifierDescriptor
 .text.USBD_CDC_DataIn
                0x0000000008000e20       0x50 ./Middlewares/Class/CDC/Src/usbd_cdc.o
 .text.USBD_CDC_Setup
                0x0000000008000e70       0xf0 ./Middlewares/Class/CDC/Src/usbd_cdc.o
 .text.USBD_CDC_DeInit
                0x0000000008000f60       0x30 ./Middlewares/Class/CDC/Src/usbd_cdc.o
 .text.USBD_CDC_Init
                0x0000000008000f90       0x70 ./Middlewares/Class/CDC/Src/usbd_cdc.o
 .text.USBD_CDC_GetOtherSpeedCfgDesc
                0x0000000008001000        0xc ./Middlewares/Class/CDC/Src/usbd_cdc.o
 .text.USBD_CDC_GetFSCfgDesc
                0x000000000800100c        0xc ./Middlewares/Class/CDC/Src/usbd_cdc.o
 .text.USBD_CDC_SetTxBuffer
                0x0000000008001018       0x14 ./Middlewares/Class/CDC/Src/usbd_cdc.o
                0x0000000008001018                USBD_CDC_SetTxBuffer
 .text.USBD_CDC_SetRxBuffer
                0x000000000800102c       0x10 ./Middlewares/Class/CDC/Src/usbd_cdc.o
                0x000000000800102c                USBD_CDC_SetRxBuffer
 .text.USBD_CDC_ReceivePacket
                0x000000000800103c       0x24 ./Middlewares/Class/CDC/Src/usbd_cdc.o
                0x000000000800103c                USBD_CDC_ReceivePacket
 .text.USBD_UVC_CDC_EP0_RxReady
                0x0000000008001060       0x10 ./Middlewares/Class/Composite/Src/usbd_composite.o
 .text.USBD_UVC_CDC_SOF
                0x0000000008001070        0xc ./Middlewares/Class/Composite/Src/usbd_composite.o
 .text.USBD_UVC_CDC_IsoINIncomplete
                0x000000000800107c        0x4 ./Middlewares/Class/Composite/Src/usbd_composite.o
 .text.USBD_UVC_CDC_GetCfgDesc
                0x0000000008001080        0xc ./Middlewares/Class/Composite/Src/usbd_composite.o
 .text.USBD_UVC_CDC_GetDeviceQualifierDesc
                0x000000000800108c        0xc ./Middlewares/Class/Composite/Src/usbd_composite.o
 .text.USBD_UVC_CDC_Init
                0x0000000008001098       0x28 ./Middlewares/Class/Composite/Src/usbd_composite.o
 .text.USBD_UVC_CDC_DeInit
                0x00000000080010c0       0x28 ./Middlewares/Class/Composite/Src/usbd_composite.o
 .text.USBD_UVC_CDC_Setup
                0x00000000080010e8       0x24 ./Middlewares/Class/Composite/Src/usbd_composite.o
 .text.USBD_UVC_CDC_DataIn
                0x000000000800110c       0x20 ./Middlewares/Class/Composite/Src/usbd_composite.o
 .text.USBD_UVC_CDC_DataOut
                0x000000000800112c       0x14 ./Middlewares/Class/Composite/Src/usbd_composite.o
 .text.USBD_UVC_CDC_IsoOutIncomplete
                0x0000000008001140        0x4 ./Middlewares/Class/Composite/Src/usbd_composite.o
 .text.USBD_UVC_EP0_RxReady
                0x0000000008001144        0x4 ./Middlewares/Class/UVC/Src/usbd_uvc.o
 .text.USBD_UVC_DataOut
                0x0000000008001148        0x4 ./Middlewares/Class/UVC/Src/usbd_uvc.o
 .text.USBD_UVC_GetCfgDesc
                0x000000000800114c        0xc ./Middlewares/Class/UVC/Src/usbd_uvc.o
 .text.USBD_UVC_GetDeviceQualifierDesc
                0x0000000008001158        0xc ./Middlewares/Class/UVC/Src/usbd_uvc.o
 .text.USBD_UVC_SOF
                0x0000000008001164       0x30 ./Middlewares/Class/UVC/Src/usbd_uvc.o
 .text.USBD_UVC_DataIn
                0x0000000008001194       0x7c ./Middlewares/Class/UVC/Src/usbd_uvc.o
 .text.USBD_UVC_DeInit
                0x0000000008001210       0x12 ./Middlewares/Class/UVC/Src/usbd_uvc.o
 *fill*         0x0000000008001222        0x2 
 .text.USBD_UVC_Init
                0x0000000008001224       0x1c ./Middlewares/Class/UVC/Src/usbd_uvc.o
 .text.UVC_Req_SetCurrent
                0x0000000008001240       0x38 ./Middlewares/Class/UVC/Src/usbd_uvc.o
 .text.USBD_UVC_Setup
                0x0000000008001278       0xc4 ./Middlewares/Class/UVC/Src/usbd_uvc.o
 .text.USBD_UVC_IsoOutIncomplete
                0x000000000800133c        0x4 ./Middlewares/Class/UVC/Src/usbd_uvc.o
 .text.USBD_UVC_IsoINIncomplete
                0x0000000008001340        0x4 ./Middlewares/Class/UVC/Src/usbd_uvc.o
 .text.Reset_Handler
                0x0000000008001344       0x50 ./Startup/startup_stm32f429iitx.o
                0x0000000008001344                Reset_Handler
 .text.Default_Handler
                0x0000000008001394        0x2 ./Startup/startup_stm32f429iitx.o
                0x0000000008001394                RTC_Alarm_IRQHandler
                0x0000000008001394                HASH_RNG_IRQHandler
                0x0000000008001394                EXTI2_IRQHandler
                0x0000000008001394                TIM8_CC_IRQHandler
                0x0000000008001394                UART8_IRQHandler
                0x0000000008001394                SPI4_IRQHandler
                0x0000000008001394                TIM1_CC_IRQHandler
                0x0000000008001394                DMA2_Stream5_IRQHandler
                0x0000000008001394                DMA1_Stream5_IRQHandler
                0x0000000008001394                PVD_IRQHandler
                0x0000000008001394                SDIO_IRQHandler
                0x0000000008001394                TAMP_STAMP_IRQHandler
                0x0000000008001394                CAN2_RX1_IRQHandler
                0x0000000008001394                EXTI3_IRQHandler
                0x0000000008001394                TIM8_TRG_COM_TIM14_IRQHandler
                0x0000000008001394                TIM1_UP_TIM10_IRQHandler
                0x0000000008001394                TIM8_UP_TIM13_IRQHandler
                0x0000000008001394                I2C3_ER_IRQHandler
                0x0000000008001394                LCD_TFT_IRQHandler
                0x0000000008001394                EXTI0_IRQHandler
                0x0000000008001394                I2C2_EV_IRQHandler
                0x0000000008001394                DMA1_Stream2_IRQHandler
                0x0000000008001394                CAN1_RX0_IRQHandler
                0x0000000008001394                FPU_IRQHandler
                0x0000000008001394                OTG_HS_WKUP_IRQHandler
                0x0000000008001394                CAN2_SCE_IRQHandler
                0x0000000008001394                DMA2_Stream2_IRQHandler
                0x0000000008001394                SPI1_IRQHandler
                0x0000000008001394                TIM6_DAC_IRQHandler
                0x0000000008001394                TIM1_BRK_TIM9_IRQHandler
                0x0000000008001394                DCMI_IRQHandler
                0x0000000008001394                CAN2_RX0_IRQHandler
                0x0000000008001394                DMA2_Stream3_IRQHandler
                0x0000000008001394                USART6_IRQHandler
                0x0000000008001394                USART3_IRQHandler
                0x0000000008001394                CRYP_IRQHandler
                0x0000000008001394                CAN1_RX1_IRQHandler
                0x0000000008001394                UART5_IRQHandler
                0x0000000008001394                DMA2_Stream0_IRQHandler
                0x0000000008001394                TIM4_IRQHandler
                0x0000000008001394                I2C1_EV_IRQHandler
                0x0000000008001394                DMA1_Stream6_IRQHandler
                0x0000000008001394                DMA1_Stream1_IRQHandler
                0x0000000008001394                UART4_IRQHandler
                0x0000000008001394                LCD_TFT_1_IRQHandler
                0x0000000008001394                TIM3_IRQHandler
                0x0000000008001394                RCC_IRQHandler
                0x0000000008001394                TIM8_BRK_TIM12_IRQHandler
                0x0000000008001394                Default_Handler
                0x0000000008001394                EXTI15_10_IRQHandler
                0x0000000008001394                ADC_IRQHandler
                0x0000000008001394                DMA1_Stream7_IRQHandler
                0x0000000008001394                SPI5_IRQHandler
                0x0000000008001394                TIM7_IRQHandler
                0x0000000008001394                CAN2_TX_IRQHandler
                0x0000000008001394                TIM5_IRQHandler
                0x0000000008001394                DMA2_Stream7_IRQHandler
                0x0000000008001394                I2C3_EV_IRQHandler
                0x0000000008001394                EXTI9_5_IRQHandler
                0x0000000008001394                RTC_WKUP_IRQHandler
                0x0000000008001394                ETH_WKUP_IRQHandler
                0x0000000008001394                SPI2_IRQHandler
                0x0000000008001394                OTG_HS_EP1_IN_IRQHandler
                0x0000000008001394                DMA1_Stream0_IRQHandler
                0x0000000008001394                CAN1_TX_IRQHandler
                0x0000000008001394                EXTI4_IRQHandler
                0x0000000008001394                ETH_IRQHandler
                0x0000000008001394                OTG_HS_EP1_OUT_IRQHandler
                0x0000000008001394                WWDG_IRQHandler
                0x0000000008001394                SPI6_IRQHandler
                0x0000000008001394                TIM2_IRQHandler
                0x0000000008001394                OTG_FS_WKUP_IRQHandler
                0x0000000008001394                TIM1_TRG_COM_TIM11_IRQHandler
                0x0000000008001394                DMA2D_IRQHandler
                0x0000000008001394                EXTI1_IRQHandler
                0x0000000008001394                UART7_IRQHandler
                0x0000000008001394                USART2_IRQHandler
                0x0000000008001394                I2C2_ER_IRQHandler
                0x0000000008001394                DMA2_Stream1_IRQHandler
                0x0000000008001394                CAN1_SCE_IRQHandler
                0x0000000008001394                FLASH_IRQHandler
                0x0000000008001394                DMA2_Stream4_IRQHandler
                0x0000000008001394                USART1_IRQHandler
                0x0000000008001394                OTG_FS_IRQHandler
                0x0000000008001394                SPI3_IRQHandler
                0x0000000008001394                DMA1_Stream4_IRQHandler
                0x0000000008001394                I2C1_ER_IRQHandler
                0x0000000008001394                FMC_IRQHandler
                0x0000000008001394                DMA2_Stream6_IRQHandler
                0x0000000008001394                SAI1_IRQHandler
                0x0000000008001394                DMA1_Stream3_IRQHandler
 *fill*         0x0000000008001396        0x2 
 .text.USBD_OTG_ISR_Handler
                0x0000000008001398      0x458 ./USB_LIB/Inc/usb_dcd_int.o
                0x0000000008001398                USBD_OTG_ISR_Handler
 .text.USB_OTG_BSP_EnableInterrupt.part.0
                0x00000000080017f0       0x16 ./USB_LIB/Src/usb_bsp.o
 *fill*         0x0000000008001806        0x2 
 .text.USB_OTG_BSP_Init
                0x0000000008001808      0x10c ./USB_LIB/Src/usb_bsp.o
                0x0000000008001808                USB_OTG_BSP_Init
 .text.USB_OTG_BSP_uDelay
                0x0000000008001914        0x2 ./USB_LIB/Src/usb_bsp.o
                0x0000000008001914                USB_OTG_BSP_uDelay
 .text.USB_OTG_BSP_mDelay
                0x0000000008001916        0x2 ./USB_LIB/Src/usb_bsp.o
                0x0000000008001916                USB_OTG_BSP_mDelay
 .text.OTG_HS_IRQHandler
                0x0000000008001918        0xc ./USB_LIB/Src/usb_bsp.o
                0x0000000008001918                OTG_HS_IRQHandler
 .text.USB_OTG_CoreReset.isra.0
                0x0000000008001924       0x50 ./USB_LIB/Src/usb_core.o
 .text.USB_OTG_WritePacket
                0x0000000008001974       0x26 ./USB_LIB/Src/usb_core.o
                0x0000000008001974                USB_OTG_WritePacket
 .text.USB_OTG_ReadPacket
                0x000000000800199a       0x34 ./USB_LIB/Src/usb_core.o
                0x000000000800199a                USB_OTG_ReadPacket
 *fill*         0x00000000080019ce        0x2 
 .text.USB_OTG_SelectCore
                0x00000000080019d0       0xb8 ./USB_LIB/Src/usb_core.o
                0x00000000080019d0                USB_OTG_SelectCore
 .text.USB_OTG_CoreInit
                0x0000000008001a88       0xe8 ./USB_LIB/Src/usb_core.o
                0x0000000008001a88                USB_OTG_CoreInit
 .text.USB_OTG_EnableGlobalInt
                0x0000000008001b70        0xe ./USB_LIB/Src/usb_core.o
                0x0000000008001b70                USB_OTG_EnableGlobalInt
 .text.USB_OTG_DisableGlobalInt
                0x0000000008001b7e        0xe ./USB_LIB/Src/usb_core.o
                0x0000000008001b7e                USB_OTG_DisableGlobalInt
 .text.USB_OTG_FlushTxFifo
                0x0000000008001b8c       0x40 ./USB_LIB/Src/usb_core.o
                0x0000000008001b8c                USB_OTG_FlushTxFifo
 .text.USB_OTG_FlushRxFifo
                0x0000000008001bcc       0x38 ./USB_LIB/Src/usb_core.o
                0x0000000008001bcc                USB_OTG_FlushRxFifo
 .text.USB_OTG_SetCurrentMode
                0x0000000008001c04       0x30 ./USB_LIB/Src/usb_core.o
                0x0000000008001c04                USB_OTG_SetCurrentMode
 .text.USB_OTG_IsDeviceMode
                0x0000000008001c34        0xc ./USB_LIB/Src/usb_core.o
                0x0000000008001c34                USB_OTG_IsDeviceMode
 .text.USB_OTG_ReadCoreItr
                0x0000000008001c40        0xa ./USB_LIB/Src/usb_core.o
                0x0000000008001c40                USB_OTG_ReadCoreItr
 .text.USB_OTG_InitDevSpeed
                0x0000000008001c4a        0xc ./USB_LIB/Src/usb_core.o
                0x0000000008001c4a                USB_OTG_InitDevSpeed
 *fill*         0x0000000008001c56        0x2 
 .text.USB_OTG_EnableDevInt
                0x0000000008001c58       0x44 ./USB_LIB/Src/usb_core.o
                0x0000000008001c58                USB_OTG_EnableDevInt
 .text.USB_OTG_CoreInitDev
                0x0000000008001c9c      0x130 ./USB_LIB/Src/usb_core.o
                0x0000000008001c9c                USB_OTG_CoreInitDev
 .text.USB_OTG_GetDeviceSpeed
                0x0000000008001dcc       0x1a ./USB_LIB/Src/usb_core.o
                0x0000000008001dcc                USB_OTG_GetDeviceSpeed
 .text.USB_OTG_EP0Activate
                0x0000000008001de6       0x26 ./USB_LIB/Src/usb_core.o
                0x0000000008001de6                USB_OTG_EP0Activate
 .text.USB_OTG_EPActivate
                0x0000000008001e0c       0x70 ./USB_LIB/Src/usb_core.o
                0x0000000008001e0c                USB_OTG_EPActivate
 .text.USB_OTG_EPDeactivate
                0x0000000008001e7c       0x3e ./USB_LIB/Src/usb_core.o
                0x0000000008001e7c                USB_OTG_EPDeactivate
 *fill*         0x0000000008001eba        0x2 
 .text.USB_OTG_EPStartXfer
                0x0000000008001ebc      0x110 ./USB_LIB/Src/usb_core.o
                0x0000000008001ebc                USB_OTG_EPStartXfer
 .text.USB_OTG_EP0StartXfer
                0x0000000008001fcc       0xc4 ./USB_LIB/Src/usb_core.o
                0x0000000008001fcc                USB_OTG_EP0StartXfer
 .text.USB_OTG_EPSetStall
                0x0000000008002090       0x44 ./USB_LIB/Src/usb_core.o
                0x0000000008002090                USB_OTG_EPSetStall
 .text.USB_OTG_EPClearStall
                0x00000000080020d4       0x32 ./USB_LIB/Src/usb_core.o
                0x00000000080020d4                USB_OTG_EPClearStall
 .text.USB_OTG_ReadDevAllOutEp_itr
                0x0000000008002106        0xc ./USB_LIB/Src/usb_core.o
                0x0000000008002106                USB_OTG_ReadDevAllOutEp_itr
 .text.USB_OTG_ReadDevOutEP_itr
                0x0000000008002112       0x10 ./USB_LIB/Src/usb_core.o
                0x0000000008002112                USB_OTG_ReadDevOutEP_itr
 .text.USB_OTG_ReadDevAllInEPItr
                0x0000000008002122        0xc ./USB_LIB/Src/usb_core.o
                0x0000000008002122                USB_OTG_ReadDevAllInEPItr
 *fill*         0x000000000800212e        0x2 
 .text.USB_OTG_EP0_OutStart
                0x0000000008002130       0x20 ./USB_LIB/Src/usb_core.o
                0x0000000008002130                USB_OTG_EP0_OutStart
 .text.USB_OTG_DevConnect
                0x0000000008002150       0x1a ./USB_LIB/Src/usb_core.o
                0x0000000008002150                USB_OTG_DevConnect
 .text.USB_OTG_Start
                0x000000000800216a       0x2a ./USB_LIB/Src/usb_core.o
                0x000000000800216a                USB_OTG_Start
 .text.DCD_Init
                0x0000000008002194       0x90 ./USB_LIB/Src/usb_dcd.o
                0x0000000008002194                DCD_Init
 .text.DCD_EP_Open
                0x0000000008002224       0x44 ./USB_LIB/Src/usb_dcd.o
                0x0000000008002224                DCD_EP_Open
 .text.DCD_EP_Close
                0x0000000008002268       0x2e ./USB_LIB/Src/usb_dcd.o
                0x0000000008002268                DCD_EP_Close
 .text.DCD_EP_PrepareRx
                0x0000000008002296       0x44 ./USB_LIB/Src/usb_dcd.o
                0x0000000008002296                DCD_EP_PrepareRx
 .text.DCD_EP_Tx
                0x00000000080022da       0x38 ./USB_LIB/Src/usb_dcd.o
                0x00000000080022da                DCD_EP_Tx
 .text.DCD_EP_Stall
                0x0000000008002312       0x32 ./USB_LIB/Src/usb_dcd.o
                0x0000000008002312                DCD_EP_Stall
 .text.DCD_EP_ClrStall
                0x0000000008002344       0x32 ./USB_LIB/Src/usb_dcd.o
                0x0000000008002344                DCD_EP_ClrStall
 .text.DCD_EP_Flush
                0x0000000008002376       0x18 ./USB_LIB/Src/usb_dcd.o
                0x0000000008002376                DCD_EP_Flush
 .text.DCD_EP_SetAddress
                0x000000000800238e       0x10 ./USB_LIB/Src/usb_dcd.o
                0x000000000800238e                DCD_EP_SetAddress
 .text.CDC_DeInit_HS
                0x000000000800239e        0x4 ./USB_LIB/Src/usbd_cdc_if.o
 .text.CDC_Control_HS
                0x00000000080023a2        0x4 ./USB_LIB/Src/usbd_cdc_if.o
 .text.CDC_TransmitCplt_HS
                0x00000000080023a6        0x4 ./USB_LIB/Src/usbd_cdc_if.o
 *fill*         0x00000000080023aa        0x2 
 .text.CDC_Receive_HS
                0x00000000080023ac       0x30 ./USB_LIB/Src/usbd_cdc_if.o
 .text.CDC_Init_HS
                0x00000000080023dc       0x1c ./USB_LIB/Src/usbd_cdc_if.o
 .text.USBD_Resume
                0x00000000080023f8       0x16 ./USB_LIB/Src/usbd_core.o
 .text.USBD_Suspend
                0x000000000800240e       0x14 ./USB_LIB/Src/usbd_core.o
 .text.USBD_SOF
                0x0000000008002422       0x10 ./USB_LIB/Src/usbd_core.o
 .text.USBD_IsoINIncomplete
                0x0000000008002432        0xe ./USB_LIB/Src/usbd_core.o
 .text.USBD_IsoOUTIncomplete
                0x0000000008002440        0xe ./USB_LIB/Src/usbd_core.o
 .text.USBD_DevConnected
                0x000000000800244e        0xe ./USB_LIB/Src/usbd_core.o
 .text.USBD_DevDisconnected
                0x000000000800245c       0x1c ./USB_LIB/Src/usbd_core.o
 .text.USBD_Reset
                0x0000000008002478       0x2e ./USB_LIB/Src/usbd_core.o
 .text.USBD_SetupStage
                0x00000000080024a6       0x4a ./USB_LIB/Src/usbd_core.o
 .text.USBD_DataInStage
                0x00000000080024f0       0x9c ./USB_LIB/Src/usbd_core.o
 .text.USBD_DataOutStage
                0x000000000800258c       0x78 ./USB_LIB/Src/usbd_core.o
 .text.USBD_Init
                0x0000000008002604       0x3a ./USB_LIB/Src/usbd_core.o
                0x0000000008002604                USBD_Init
 .text.USBD_SetCfg
                0x000000000800263e       0x18 ./USB_LIB/Src/usbd_core.o
                0x000000000800263e                USBD_SetCfg
 .text.USBD_ClrCfg
                0x0000000008002656        0xe ./USB_LIB/Src/usbd_core.o
                0x0000000008002656                USBD_ClrCfg
 .text.USBD_USR_DeviceDescriptor
                0x0000000008002664        0xc ./USB_LIB/Src/usbd_desc.o
                0x0000000008002664                USBD_USR_DeviceDescriptor
 .text.USBD_USR_LangIDStrDescriptor
                0x0000000008002670        0xc ./USB_LIB/Src/usbd_desc.o
                0x0000000008002670                USBD_USR_LangIDStrDescriptor
 .text.USBD_USR_ProductStrDescriptor
                0x000000000800267c       0x1c ./USB_LIB/Src/usbd_desc.o
                0x000000000800267c                USBD_USR_ProductStrDescriptor
 .text.USBD_USR_ManufacturerStrDescriptor
                0x0000000008002698       0x1c ./USB_LIB/Src/usbd_desc.o
                0x0000000008002698                USBD_USR_ManufacturerStrDescriptor
 .text.USBD_USR_SerialStrDescriptor
                0x00000000080026b4       0x1c ./USB_LIB/Src/usbd_desc.o
                0x00000000080026b4                USBD_USR_SerialStrDescriptor
 .text.USBD_USR_ConfigStrDescriptor
                0x00000000080026d0       0x1c ./USB_LIB/Src/usbd_desc.o
                0x00000000080026d0                USBD_USR_ConfigStrDescriptor
 .text.USBD_USR_InterfaceStrDescriptor
                0x00000000080026ec       0x1c ./USB_LIB/Src/usbd_desc.o
                0x00000000080026ec                USBD_USR_InterfaceStrDescriptor
 .text.USBD_CtlSendData
                0x0000000008002708       0x1a ./USB_LIB/Src/usbd_ioreq.o
                0x0000000008002708                USBD_CtlSendData
 .text.USBD_CtlContinueSendData
                0x0000000008002722       0x10 ./USB_LIB/Src/usbd_ioreq.o
                0x0000000008002722                USBD_CtlContinueSendData
 .text.USBD_CtlPrepareRx
                0x0000000008002732       0x1a ./USB_LIB/Src/usbd_ioreq.o
                0x0000000008002732                USBD_CtlPrepareRx
 .text.USBD_CtlContinueRx
                0x000000000800274c       0x10 ./USB_LIB/Src/usbd_ioreq.o
                0x000000000800274c                USBD_CtlContinueRx
 .text.USBD_CtlSendStatus
                0x000000000800275c       0x1e ./USB_LIB/Src/usbd_ioreq.o
                0x000000000800275c                USBD_CtlSendStatus
 .text.USBD_CtlReceiveStatus
                0x000000000800277a       0x1e ./USB_LIB/Src/usbd_ioreq.o
                0x000000000800277a                USBD_CtlReceiveStatus
 .text.USBD_ParseSetupRequest
                0x0000000008002798       0x44 ./USB_LIB/Src/usbd_req.o
                0x0000000008002798                USBD_ParseSetupRequest
 .text.USBD_CtlError
                0x00000000080027dc       0x28 ./USB_LIB/Src/usbd_req.o
                0x00000000080027dc                USBD_CtlError
 .text.USBD_StdDevReq
                0x0000000008002804      0x288 ./USB_LIB/Src/usbd_req.o
                0x0000000008002804                USBD_StdDevReq
 .text.USBD_StdItfReq
                0x0000000008002a8c       0x30 ./USB_LIB/Src/usbd_req.o
                0x0000000008002a8c                USBD_StdItfReq
 .text.USBD_StdEPReq
                0x0000000008002abc       0xb8 ./USB_LIB/Src/usbd_req.o
                0x0000000008002abc                USBD_StdEPReq
 .text.USBD_GetString
                0x0000000008002b74       0x38 ./USB_LIB/Src/usbd_req.o
                0x0000000008002b74                USBD_GetString
 .text.USBD_USR_Init
                0x0000000008002bac        0x2 ./USB_LIB/Src/usbd_usr.o
                0x0000000008002bac                USBD_USR_Init
 .text.USBD_USR_DeviceReset
                0x0000000008002bae        0x2 ./USB_LIB/Src/usbd_usr.o
                0x0000000008002bae                USBD_USR_DeviceReset
 .text.USBD_USR_DeviceResumed
                0x0000000008002bb0        0x2 ./USB_LIB/Src/usbd_usr.o
                0x0000000008002bb0                USBD_USR_DeviceResumed
 .text.USBD_USR_DeviceConfigured
                0x0000000008002bb2        0x2 ./USB_LIB/Src/usbd_usr.o
                0x0000000008002bb2                USBD_USR_DeviceConfigured
 .text.USBD_USR_DeviceConnected
                0x0000000008002bb4        0x2 ./USB_LIB/Src/usbd_usr.o
                0x0000000008002bb4                USBD_USR_DeviceConnected
 .text.USBD_USR_DeviceDisconnected
                0x0000000008002bb6        0x2 ./USB_LIB/Src/usbd_usr.o
                0x0000000008002bb6                USBD_USR_DeviceDisconnected
 .text.USBD_USR_DeviceSuspended
                0x0000000008002bb8        0x2 ./USB_LIB/Src/usbd_usr.o
                0x0000000008002bb8                USBD_USR_DeviceSuspended
 .text.Error_Handler
                0x0000000008002bba        0x4 ./User/Src/err.o
                0x0000000008002bba                Error_Handler
 *fill*         0x0000000008002bbe        0x2 
 .text.MX_GPIO_Init
                0x0000000008002bc0       0xf8 ./User/Src/gpio.o
                0x0000000008002bc0                MX_GPIO_Init
 .text.SystemClock_Config
                0x0000000008002cb8       0xb4 ./User/Src/main.o
                0x0000000008002cb8                SystemClock_Config
 .text.startup.main
                0x0000000008002d6c       0x28 ./User/Src/main.o
                0x0000000008002d6c                main
 .text.HAL_MspInit
                0x0000000008002d94       0x38 ./User/Src/stm32f4xx_hal_msp.o
                0x0000000008002d94                HAL_MspInit
 .text.NMI_Handler
                0x0000000008002dcc        0x2 ./User/Src/stm32f4xx_it.o
                0x0000000008002dcc                NMI_Handler
 .text.HardFault_Handler
                0x0000000008002dce        0x2 ./User/Src/stm32f4xx_it.o
                0x0000000008002dce                HardFault_Handler
 .text.MemManage_Handler
                0x0000000008002dd0        0x2 ./User/Src/stm32f4xx_it.o
                0x0000000008002dd0                MemManage_Handler
 .text.BusFault_Handler
                0x0000000008002dd2        0x2 ./User/Src/stm32f4xx_it.o
                0x0000000008002dd2                BusFault_Handler
 .text.UsageFault_Handler
                0x0000000008002dd4        0x2 ./User/Src/stm32f4xx_it.o
                0x0000000008002dd4                UsageFault_Handler
 .text.SVC_Handler
                0x0000000008002dd6        0x2 ./User/Src/stm32f4xx_it.o
                0x0000000008002dd6                SVC_Handler
 .text.DebugMon_Handler
                0x0000000008002dd8        0x2 ./User/Src/stm32f4xx_it.o
                0x0000000008002dd8                DebugMon_Handler
 .text.PendSV_Handler
                0x0000000008002dda        0x2 ./User/Src/stm32f4xx_it.o
                0x0000000008002dda                PendSV_Handler
 .text.SysTick_Handler
                0x0000000008002ddc        0x4 ./User/Src/stm32f4xx_it.o
                0x0000000008002ddc                SysTick_Handler
 .text.SystemInit
                0x0000000008002de0       0x14 ./User/Src/system_stm32f4xx.o
                0x0000000008002de0                SystemInit
 .text.USB_Device_Init
                0x0000000008002df4       0x28 ./User/Src/usb_device.o
                0x0000000008002df4                USB_Device_Init
 .text.memset   0x0000000008002e1c       0x10 C:/ST/STM32CubeIDE_1.13.2/STM32CubeIDE/plugins/com.st.stm32cube.ide.mcu.externaltools.gnu-tools-for-stm32.11.3.rel1.win32_1.1.1.202309131626/tools/bin/../lib/gcc/arm-none-eabi/11.3.1/../../../../arm-none-eabi/lib/thumb/v7e-m+fp/hard\libc_nano.a(libc_a-memset.o)
                0x0000000008002e1c                memset
 .text.__libc_init_array
                0x0000000008002e2c       0x48 C:/ST/STM32CubeIDE_1.13.2/STM32CubeIDE/plugins/com.st.stm32cube.ide.mcu.externaltools.gnu-tools-for-stm32.11.3.rel1.win32_1.1.1.202309131626/tools/bin/../lib/gcc/arm-none-eabi/11.3.1/../../../../arm-none-eabi/lib/thumb/v7e-m+fp/hard\libc_nano.a(libc_a-init.o)
                0x0000000008002e2c                __libc_init_array
 *(.glue_7)
 .glue_7        0x0000000008002e74        0x0 linker stubs
 *(.glue_7t)
 .glue_7t       0x0000000008002e74        0x0 linker stubs
 *(.eh_frame)
 .eh_frame      0x0000000008002e74        0x0 C:/ST/STM32CubeIDE_1.13.2/STM32CubeIDE/plugins/com.st.stm32cube.ide.mcu.externaltools.gnu-tools-for-stm32.11.3.rel1.win32_1.1.1.202309131626/tools/bin/../lib/gcc/arm-none-eabi/11.3.1/thumb/v7e-m+fp/hard/crtbegin.o
 *(.init)
 .init          0x0000000008002e74        0x4 C:/ST/STM32CubeIDE_1.13.2/STM32CubeIDE/plugins/com.st.stm32cube.ide.mcu.externaltools.gnu-tools-for-stm32.11.3.rel1.win32_1.1.1.202309131626/tools/bin/../lib/gcc/arm-none-eabi/11.3.1/thumb/v7e-m+fp/hard/crti.o
                0x0000000008002e74                _init
 .init          0x0000000008002e78        0x8 C:/ST/STM32CubeIDE_1.13.2/STM32CubeIDE/plugins/com.st.stm32cube.ide.mcu.externaltools.gnu-tools-for-stm32.11.3.rel1.win32_1.1.1.202309131626/tools/bin/../lib/gcc/arm-none-eabi/11.3.1/thumb/v7e-m+fp/hard/crtn.o
 *(.fini)
 .fini          0x0000000008002e80        0x4 C:/ST/STM32CubeIDE_1.13.2/STM32CubeIDE/plugins/com.st.stm32cube.ide.mcu.externaltools.gnu-tools-for-stm32.11.3.rel1.win32_1.1.1.202309131626/tools/bin/../lib/gcc/arm-none-eabi/11.3.1/thumb/v7e-m+fp/hard/crti.o
                0x0000000008002e80                _fini
 .fini          0x0000000008002e84        0x8 C:/ST/STM32CubeIDE_1.13.2/STM32CubeIDE/plugins/com.st.stm32cube.ide.mcu.externaltools.gnu-tools-for-stm32.11.3.rel1.win32_1.1.1.202309131626/tools/bin/../lib/gcc/arm-none-eabi/11.3.1/thumb/v7e-m+fp/hard/crtn.o
                0x0000000008002e8c                . = ALIGN (0x4)
                0x0000000008002e8c                _etext = .

.vfp11_veneer   0x0000000008002e8c        0x0
 .vfp11_veneer  0x0000000008002e8c        0x0 linker stubs

.v4_bx          0x0000000008002e8c        0x0
 .v4_bx         0x0000000008002e8c        0x0 linker stubs

.iplt           0x0000000008002e8c        0x0
 .iplt          0x0000000008002e8c        0x0 C:/ST/STM32CubeIDE_1.13.2/STM32CubeIDE/plugins/com.st.stm32cube.ide.mcu.externaltools.gnu-tools-for-stm32.11.3.rel1.win32_1.1.1.202309131626/tools/bin/../lib/gcc/arm-none-eabi/11.3.1/thumb/v7e-m+fp/hard/crtbegin.o

.rodata         0x0000000008002e8c       0x6c
                0x0000000008002e8c                . = ALIGN (0x4)
 *(.rodata)
 *(.rodata*)
 .rodata.USBD_USR_ProductStrDescriptor.str1.1
                0x0000000008002e8c       0x19 ./USB_LIB/Src/usbd_desc.o
 .rodata.USBD_USR_ManufacturerStrDescriptor.str1.1
                0x0000000008002ea5        0xe ./USB_LIB/Src/usbd_desc.o
 .rodata.USBD_USR_SerialStrDescriptor.str1.1
                0x0000000008002eb3        0xd ./USB_LIB/Src/usbd_desc.o
 .rodata.USBD_USR_ConfigStrDescriptor.str1.1
                0x0000000008002ec0       0x11 ./USB_LIB/Src/usbd_desc.o
 .rodata.USBD_USR_InterfaceStrDescriptor.str1.1
                0x0000000008002ed1       0x14 ./USB_LIB/Src/usbd_desc.o
 .rodata.AHBPrescTable
                0x0000000008002ee5       0x10 ./User/Src/system_stm32f4xx.o
                0x0000000008002ee5                AHBPrescTable
                0x0000000008002ef8                . = ALIGN (0x4)
 *fill*         0x0000000008002ef5        0x3 

.ARM.extab      0x0000000008002ef8        0x0
                0x0000000008002ef8                . = ALIGN (0x4)
 *(.ARM.extab* .gnu.linkonce.armextab.*)
                0x0000000008002ef8                . = ALIGN (0x4)

.ARM            0x0000000008002ef8        0x8
                0x0000000008002ef8                . = ALIGN (0x4)
                0x0000000008002ef8                __exidx_start = .
 *(.ARM.exidx*)
 .ARM.exidx     0x0000000008002ef8        0x8 C:/ST/STM32CubeIDE_1.13.2/STM32CubeIDE/plugins/com.st.stm32cube.ide.mcu.externaltools.gnu-tools-for-stm32.11.3.rel1.win32_1.1.1.202309131626/tools/bin/../lib/gcc/arm-none-eabi/11.3.1/thumb/v7e-m+fp/hard\libgcc.a(_udivmoddi4.o)
                0x0000000008002f00                __exidx_end = .
                0x0000000008002f00                . = ALIGN (0x4)

.rel.dyn        0x0000000008002f00        0x0
 .rel.iplt      0x0000000008002f00        0x0 C:/ST/STM32CubeIDE_1.13.2/STM32CubeIDE/plugins/com.st.stm32cube.ide.mcu.externaltools.gnu-tools-for-stm32.11.3.rel1.win32_1.1.1.202309131626/tools/bin/../lib/gcc/arm-none-eabi/11.3.1/thumb/v7e-m+fp/hard/crtbegin.o

.preinit_array  0x0000000008002f00        0x0
                0x0000000008002f00                . = ALIGN (0x4)
                0x0000000008002f00                PROVIDE (__preinit_array_start = .)
 *(.preinit_array*)
                0x0000000008002f00                PROVIDE (__preinit_array_end = .)
                0x0000000008002f00                . = ALIGN (0x4)

.init_array     0x0000000008002f00        0x4
                0x0000000008002f00                . = ALIGN (0x4)
                0x0000000008002f00                PROVIDE (__init_array_start = .)
 *(SORT_BY_NAME(.init_array.*))
 *(.init_array*)
 .init_array    0x0000000008002f00        0x4 C:/ST/STM32CubeIDE_1.13.2/STM32CubeIDE/plugins/com.st.stm32cube.ide.mcu.externaltools.gnu-tools-for-stm32.11.3.rel1.win32_1.1.1.202309131626/tools/bin/../lib/gcc/arm-none-eabi/11.3.1/thumb/v7e-m+fp/hard/crtbegin.o
                0x0000000008002f04                PROVIDE (__init_array_end = .)
                0x0000000008002f04                . = ALIGN (0x4)

.fini_array     0x0000000008002f04        0x4
                0x0000000008002f04                . = ALIGN (0x4)
                [!provide]                        PROVIDE (__fini_array_start = .)
 *(SORT_BY_NAME(.fini_array.*))
 *(.fini_array*)
 .fini_array    0x0000000008002f04        0x4 C:/ST/STM32CubeIDE_1.13.2/STM32CubeIDE/plugins/com.st.stm32cube.ide.mcu.externaltools.gnu-tools-for-stm32.11.3.rel1.win32_1.1.1.202309131626/tools/bin/../lib/gcc/arm-none-eabi/11.3.1/thumb/v7e-m+fp/hard/crtbegin.o
                [!provide]                        PROVIDE (__fini_array_end = .)
                0x0000000008002f08                . = ALIGN (0x4)
                0x0000000008002f08                _sidata = LOADADDR (.data)

.data           0x0000000020000000      0x3a4 load address 0x0000000008002f08
                0x0000000020000000                . = ALIGN (0x4)
                0x0000000020000000                _sdata = .
 *(.data)
 *(.data*)
 .data.uwTickFreq
                0x0000000020000000        0x1 ./Driver/STM32F4xx_HAL_Driver/Src/stm32f4xx_hal.o
                0x0000000020000000                uwTickFreq
 *fill*         0x0000000020000001        0x3 
 .data.uwTickPrio
                0x0000000020000004        0x4 ./Driver/STM32F4xx_HAL_Driver/Src/stm32f4xx_hal.o
                0x0000000020000004                uwTickPrio
 .data.USBD_CDC
                0x0000000020000008       0x3c ./Middlewares/Class/CDC/Src/usbd_cdc.o
                0x0000000020000008                USBD_CDC
 .data.USBD_CDC_CfgDesc
                0x0000000020000044       0x43 ./Middlewares/Class/CDC/Src/usbd_cdc.o
 *fill*         0x0000000020000087        0x1 
 .data.USBD_CDC_DeviceQualifierDesc
                0x0000000020000088        0xa ./Middlewares/Class/CDC/Src/usbd_cdc.o
 *fill*         0x0000000020000092        0x2 
 .data.USBD_UVC_CDC_CfgDesc
                0x0000000020000094       0xe9 ./Middlewares/Class/Composite/Src/usbd_composite.o
                0x0000000020000094                USBD_UVC_CDC_CfgDesc
 *fill*         0x000000002000017d        0x3 
 .data.USBD_UVC_CDC_ClassDriver
                0x0000000020000180       0x3c ./Middlewares/Class/Composite/Src/usbd_composite.o
                0x0000000020000180                USBD_UVC_CDC_ClassDriver
 .data.USBD_UVC_CDC_DeviceQualifierDesc
                0x00000000200001bc        0xa ./Middlewares/Class/Composite/Src/usbd_composite.o
                0x00000000200001bc                USBD_UVC_CDC_DeviceQualifierDesc
 *fill*         0x00000000200001c6        0x2 
 .data.USBD_UVC
                0x00000000200001c8       0x3c ./Middlewares/Class/UVC/Src/usbd_uvc.o
                0x00000000200001c8                USBD_UVC
 .data.USBD_UVC_CfgDesc
                0x0000000020000204       0xa7 ./Middlewares/Class/UVC/Src/usbd_uvc.o
                0x0000000020000204                USBD_UVC_CfgDesc
 *fill*         0x00000000200002ab        0x1 
 .data.USBD_UVC_DeviceQualifierDesc
                0x00000000200002ac        0xa ./Middlewares/Class/UVC/Src/usbd_uvc.o
                0x00000000200002ac                USBD_UVC_DeviceQualifierDesc
 .data.videoCommitControl
                0x00000000200002b6       0x22 ./Middlewares/Class/UVC/Src/usbd_uvc.o
                0x00000000200002b6                videoCommitControl
 .data.videoProbeControl
                0x00000000200002d8       0x22 ./Middlewares/Class/UVC/Src/usbd_uvc.o
                0x00000000200002d8                videoProbeControl
 *fill*         0x00000000200002fa        0x2 
 .data.USBD_CDC_Interface_fops_HS
                0x00000000200002fc       0x14 ./USB_LIB/Src/usbd_cdc_if.o
                0x00000000200002fc                USBD_CDC_Interface_fops_HS
 .data.USBD_DCD_INT_cb
                0x0000000020000310       0x2c ./USB_LIB/Src/usbd_core.o
                0x0000000020000310                USBD_DCD_INT_cb
 .data.USBD_DCD_INT_fops
                0x000000002000033c        0x4 ./USB_LIB/Src/usbd_core.o
                0x000000002000033c                USBD_DCD_INT_fops
 .data.USBD_DeviceDesc
                0x0000000020000340       0x12 ./USB_LIB/Src/usbd_desc.o
                0x0000000020000340                USBD_DeviceDesc
 *fill*         0x0000000020000352        0x2 
 .data.USBD_DeviceQualifierDesc
                0x0000000020000354        0xa ./USB_LIB/Src/usbd_desc.o
                0x0000000020000354                USBD_DeviceQualifierDesc
 *fill*         0x000000002000035e        0x2 
 .data.USBD_LangIDDesc
                0x0000000020000360        0x4 ./USB_LIB/Src/usbd_desc.o
                0x0000000020000360                USBD_LangIDDesc
 .data.USR_desc
                0x0000000020000364       0x1c ./USB_LIB/Src/usbd_desc.o
                0x0000000020000364                USR_desc
 .data.USR_cb   0x0000000020000380       0x1c ./USB_LIB/Src/usbd_usr.o
                0x0000000020000380                USR_cb
 .data.ColorImage
                0x000000002000039c        0x1 ./User/Src/main.o
                0x000000002000039c                ColorImage
 *fill*         0x000000002000039d        0x3 
 .data.SystemCoreClock
                0x00000000200003a0        0x4 ./User/Src/system_stm32f4xx.o
                0x00000000200003a0                SystemCoreClock
 *(.RamFunc)
 *(.RamFunc*)
                0x00000000200003a4                . = ALIGN (0x4)
                0x00000000200003a4                _edata = .
                0x00000000080032ac                _siccmram = LOADADDR (.ccmram)

.igot.plt       0x00000000200003a4        0x0 load address 0x00000000080032ac
 .igot.plt      0x00000000200003a4        0x0 C:/ST/STM32CubeIDE_1.13.2/STM32CubeIDE/plugins/com.st.stm32cube.ide.mcu.externaltools.gnu-tools-for-stm32.11.3.rel1.win32_1.1.1.202309131626/tools/bin/../lib/gcc/arm-none-eabi/11.3.1/thumb/v7e-m+fp/hard/crtbegin.o

.ccmram         0x0000000010000000        0x0 load address 0x00000000080032ac
                0x0000000010000000                . = ALIGN (0x4)
                0x0000000010000000                _sccmram = .
 *(.ccmram)
 *(.ccmram*)
                0x0000000010000000                . = ALIGN (0x4)
                0x0000000010000000                _eccmram = .
                0x0000000010000000                . = ALIGN (0x4)

.bss            0x00000000200003a4     0x18a4
                0x00000000200003a4                _sbss = .
                0x00000000200003a4                __bss_start__ = _sbss
 *(.bss)
 .bss           0x00000000200003a4       0x1c C:/ST/STM32CubeIDE_1.13.2/STM32CubeIDE/plugins/com.st.stm32cube.ide.mcu.externaltools.gnu-tools-for-stm32.11.3.rel1.win32_1.1.1.202309131626/tools/bin/../lib/gcc/arm-none-eabi/11.3.1/thumb/v7e-m+fp/hard/crtbegin.o
 *(.bss*)
 .bss.uwTick    0x00000000200003c0        0x4 ./Driver/STM32F4xx_HAL_Driver/Src/stm32f4xx_hal.o
                0x00000000200003c0                uwTick
 .bss.cdcInstance
                0x00000000200003c4      0x21c ./Middlewares/Class/CDC/Src/usbd_cdc.o
                0x00000000200003c4                cdcInstance
 .bss.packet_cnt
                0x00000000200005e0        0x4 ./Middlewares/Class/UVC/Src/usbd_uvc.o
 .bss.uvcInstance
                0x00000000200005e4       0x18 ./Middlewares/Class/UVC/Src/usbd_uvc.o
                0x00000000200005e4                uvcInstance
 .bss.UserRxBufferHS
                0x00000000200005fc      0x800 ./USB_LIB/Src/usbd_cdc_if.o
                0x00000000200005fc                UserRxBufferHS
 .bss.UserTxBufferHS
                0x0000000020000dfc      0x800 ./USB_LIB/Src/usbd_cdc_if.o
                0x0000000020000dfc                UserTxBufferHS
 .bss.USBD_StrDesc
                0x00000000200015fc       0x40 ./USB_LIB/Src/usbd_req.o
                0x00000000200015fc                USBD_StrDesc
 .bss.USBD_cfg_status
                0x000000002000163c        0x4 ./USB_LIB/Src/usbd_req.o
                0x000000002000163c                USBD_cfg_status
 .bss.USBD_default_cfg
                0x0000000020001640        0x4 ./USB_LIB/Src/usbd_req.o
                0x0000000020001640                USBD_default_cfg
 .bss.USBD_ep_status
                0x0000000020001644        0x4 ./USB_LIB/Src/usbd_req.o
                0x0000000020001644                USBD_ep_status
 .bss.cfgidx.0  0x0000000020001648        0x1 ./USB_LIB/Src/usbd_req.o
 *fill*         0x0000000020001649        0x3 
 .bss.USB_OTG_dev
                0x000000002000164c      0x5fc ./User/Src/usb_device.o
                0x000000002000164c                USB_OTG_dev
 *(COMMON)
                0x0000000020001c48                . = ALIGN (0x4)
                0x0000000020001c48                _ebss = .
                0x0000000020001c48                __bss_end__ = _ebss

._user_heap_stack
                0x0000000020001c48      0x600
                0x0000000020001c48                . = ALIGN (0x8)
                [!provide]                        PROVIDE (end = .)
                0x0000000020001c48                PROVIDE (_end = .)
                0x0000000020001e48                . = (. + _Min_Heap_Size)
 *fill*         0x0000000020001c48      0x200 
                0x0000000020002248                . = (. + _Min_Stack_Size)
 *fill*         0x0000000020001e48      0x400 
                0x0000000020002248                . = ALIGN (0x8)

/DISCARD/
 libc.a(*)
 libm.a(*)
 libgcc.a(*)

.ARM.attributes
                0x0000000000000000       0x30
 *(.ARM.attributes)
 .ARM.attributes
                0x0000000000000000       0x1e C:/ST/STM32CubeIDE_1.13.2/STM32CubeIDE/plugins/com.st.stm32cube.ide.mcu.externaltools.gnu-tools-for-stm32.11.3.rel1.win32_1.1.1.202309131626/tools/bin/../lib/gcc/arm-none-eabi/11.3.1/thumb/v7e-m+fp/hard/crti.o
 .ARM.attributes
                0x000000000000001e       0x34 C:/ST/STM32CubeIDE_1.13.2/STM32CubeIDE/plugins/com.st.stm32cube.ide.mcu.externaltools.gnu-tools-for-stm32.11.3.rel1.win32_1.1.1.202309131626/tools/bin/../lib/gcc/arm-none-eabi/11.3.1/thumb/v7e-m+fp/hard/crtbegin.o
 .ARM.attributes
                0x0000000000000052       0x34 ./Driver/STM32F4xx_HAL_Driver/Src/stm32f4xx_hal.o
 .ARM.attributes
                0x0000000000000086       0x34 ./Driver/STM32F4xx_HAL_Driver/Src/stm32f4xx_hal_cortex.o
 .ARM.attributes
                0x00000000000000ba       0x34 ./Driver/STM32F4xx_HAL_Driver/Src/stm32f4xx_hal_gpio.o
 .ARM.attributes
                0x00000000000000ee       0x34 ./Driver/STM32F4xx_HAL_Driver/Src/stm32f4xx_hal_pwr_ex.o
 .ARM.attributes
                0x0000000000000122       0x34 ./Driver/STM32F4xx_HAL_Driver/Src/stm32f4xx_hal_rcc.o
 .ARM.attributes
                0x0000000000000156       0x34 ./Middlewares/Class/CDC/Src/usbd_cdc.o
 .ARM.attributes
                0x000000000000018a       0x34 ./Middlewares/Class/Composite/Src/usbd_composite.o
 .ARM.attributes
                0x00000000000001be       0x34 ./Middlewares/Class/UVC/Src/usbd_uvc.o
 .ARM.attributes
                0x00000000000001f2       0x21 ./Startup/startup_stm32f429iitx.o
 .ARM.attributes
                0x0000000000000213       0x34 ./USB_LIB/Inc/usb_dcd_int.o
 .ARM.attributes
                0x0000000000000247       0x34 ./USB_LIB/Src/usb_bsp.o
 .ARM.attributes
                0x000000000000027b       0x34 ./USB_LIB/Src/usb_core.o
 .ARM.attributes
                0x00000000000002af       0x34 ./USB_LIB/Src/usb_dcd.o
 .ARM.attributes
                0x00000000000002e3       0x34 ./USB_LIB/Src/usbd_cdc_if.o
 .ARM.attributes
                0x0000000000000317       0x34 ./USB_LIB/Src/usbd_core.o
 .ARM.attributes
                0x000000000000034b       0x34 ./USB_LIB/Src/usbd_desc.o
 .ARM.attributes
                0x000000000000037f       0x34 ./USB_LIB/Src/usbd_ioreq.o
 .ARM.attributes
                0x00000000000003b3       0x34 ./USB_LIB/Src/usbd_req.o
 .ARM.attributes
                0x00000000000003e7       0x34 ./USB_LIB/Src/usbd_usr.o
 .ARM.attributes
                0x000000000000041b       0x34 ./User/Src/err.o
 .ARM.attributes
                0x000000000000044f       0x34 ./User/Src/gpio.o
 .ARM.attributes
                0x0000000000000483       0x34 ./User/Src/main.o
 .ARM.attributes
                0x00000000000004b7       0x34 ./User/Src/stm32f4xx_hal_msp.o
 .ARM.attributes
                0x00000000000004eb       0x34 ./User/Src/stm32f4xx_it.o
 .ARM.attributes
                0x000000000000051f       0x34 ./User/Src/system_stm32f4xx.o
 .ARM.attributes
                0x0000000000000553       0x34 ./User/Src/usb_device.o
 .ARM.attributes
                0x0000000000000587       0x34 C:/ST/STM32CubeIDE_1.13.2/STM32CubeIDE/plugins/com.st.stm32cube.ide.mcu.externaltools.gnu-tools-for-stm32.11.3.rel1.win32_1.1.1.202309131626/tools/bin/../lib/gcc/arm-none-eabi/11.3.1/../../../../arm-none-eabi/lib/thumb/v7e-m+fp/hard\libc_nano.a(libc_a-memset.o)
 .ARM.attributes
                0x00000000000005bb       0x34 C:/ST/STM32CubeIDE_1.13.2/STM32CubeIDE/plugins/com.st.stm32cube.ide.mcu.externaltools.gnu-tools-for-stm32.11.3.rel1.win32_1.1.1.202309131626/tools/bin/../lib/gcc/arm-none-eabi/11.3.1/../../../../arm-none-eabi/lib/thumb/v7e-m+fp/hard\libc_nano.a(libc_a-init.o)
 .ARM.attributes
                0x00000000000005ef       0x1e C:/ST/STM32CubeIDE_1.13.2/STM32CubeIDE/plugins/com.st.stm32cube.ide.mcu.externaltools.gnu-tools-for-stm32.11.3.rel1.win32_1.1.1.202309131626/tools/bin/../lib/gcc/arm-none-eabi/11.3.1/thumb/v7e-m+fp/hard\libgcc.a(_aeabi_uldivmod.o)
 .ARM.attributes
                0x000000000000060d       0x34 C:/ST/STM32CubeIDE_1.13.2/STM32CubeIDE/plugins/com.st.stm32cube.ide.mcu.externaltools.gnu-tools-for-stm32.11.3.rel1.win32_1.1.1.202309131626/tools/bin/../lib/gcc/arm-none-eabi/11.3.1/thumb/v7e-m+fp/hard\libgcc.a(_udivmoddi4.o)
 .ARM.attributes
                0x0000000000000641       0x1e C:/ST/STM32CubeIDE_1.13.2/STM32CubeIDE/plugins/com.st.stm32cube.ide.mcu.externaltools.gnu-tools-for-stm32.11.3.rel1.win32_1.1.1.202309131626/tools/bin/../lib/gcc/arm-none-eabi/11.3.1/thumb/v7e-m+fp/hard\libgcc.a(_dvmd_tls.o)
 .ARM.attributes
                0x000000000000065f       0x1e C:/ST/STM32CubeIDE_1.13.2/STM32CubeIDE/plugins/com.st.stm32cube.ide.mcu.externaltools.gnu-tools-for-stm32.11.3.rel1.win32_1.1.1.202309131626/tools/bin/../lib/gcc/arm-none-eabi/11.3.1/thumb/v7e-m+fp/hard/crtn.o
OUTPUT(stm32f429_kpvc_m.elf elf32-littlearm)
LOAD linker stubs
LOAD C:/ST/STM32CubeIDE_1.13.2/STM32CubeIDE/plugins/com.st.stm32cube.ide.mcu.externaltools.gnu-tools-for-stm32.11.3.rel1.win32_1.1.1.202309131626/tools/bin/../lib/gcc/arm-none-eabi/11.3.1/../../../../arm-none-eabi/lib/thumb/v7e-m+fp/hard\libc.a
LOAD C:/ST/STM32CubeIDE_1.13.2/STM32CubeIDE/plugins/com.st.stm32cube.ide.mcu.externaltools.gnu-tools-for-stm32.11.3.rel1.win32_1.1.1.202309131626/tools/bin/../lib/gcc/arm-none-eabi/11.3.1/../../../../arm-none-eabi/lib/thumb/v7e-m+fp/hard\libm.a
LOAD C:/ST/STM32CubeIDE_1.13.2/STM32CubeIDE/plugins/com.st.stm32cube.ide.mcu.externaltools.gnu-tools-for-stm32.11.3.rel1.win32_1.1.1.202309131626/tools/bin/../lib/gcc/arm-none-eabi/11.3.1/thumb/v7e-m+fp/hard\libgcc.a

.comment        0x0000000000000000       0x43
 .comment       0x0000000000000000       0x43 C:/ST/STM32CubeIDE_1.13.2/STM32CubeIDE/plugins/com.st.stm32cube.ide.mcu.externaltools.gnu-tools-for-stm32.11.3.rel1.win32_1.1.1.202309131626/tools/bin/../lib/gcc/arm-none-eabi/11.3.1/thumb/v7e-m+fp/hard/crtbegin.o
                                         0x44 (size before relaxing)
 .comment       0x0000000000000043       0x44 ./Driver/STM32F4xx_HAL_Driver/Src/stm32f4xx_hal.o
 .comment       0x0000000000000043       0x44 ./Driver/STM32F4xx_HAL_Driver/Src/stm32f4xx_hal_cortex.o
 .comment       0x0000000000000043       0x44 ./Driver/STM32F4xx_HAL_Driver/Src/stm32f4xx_hal_gpio.o
 .comment       0x0000000000000043       0x44 ./Driver/STM32F4xx_HAL_Driver/Src/stm32f4xx_hal_pwr_ex.o
 .comment       0x0000000000000043       0x44 ./Driver/STM32F4xx_HAL_Driver/Src/stm32f4xx_hal_rcc.o
 .comment       0x0000000000000043       0x44 ./Middlewares/Class/CDC/Src/usbd_cdc.o
 .comment       0x0000000000000043       0x44 ./Middlewares/Class/Composite/Src/usbd_composite.o
 .comment       0x0000000000000043       0x44 ./Middlewares/Class/UVC/Src/usbd_uvc.o
 .comment       0x0000000000000043       0x44 ./USB_LIB/Inc/usb_dcd_int.o
 .comment       0x0000000000000043       0x44 ./USB_LIB/Src/usb_bsp.o
 .comment       0x0000000000000043       0x44 ./USB_LIB/Src/usb_core.o
 .comment       0x0000000000000043       0x44 ./USB_LIB/Src/usb_dcd.o
 .comment       0x0000000000000043       0x44 ./USB_LIB/Src/usbd_cdc_if.o
 .comment       0x0000000000000043       0x44 ./USB_LIB/Src/usbd_core.o
 .comment       0x0000000000000043       0x44 ./USB_LIB/Src/usbd_desc.o
 .comment       0x0000000000000043       0x44 ./USB_LIB/Src/usbd_ioreq.o
 .comment       0x0000000000000043       0x44 ./USB_LIB/Src/usbd_req.o
 .comment       0x0000000000000043       0x44 ./USB_LIB/Src/usbd_usr.o
 .comment       0x0000000000000043       0x44 ./User/Src/err.o
 .comment       0x0000000000000043       0x44 ./User/Src/gpio.o
 .comment       0x0000000000000043       0x44 ./User/Src/main.o
 .comment       0x0000000000000043       0x44 ./User/Src/stm32f4xx_hal_msp.o
 .comment       0x0000000000000043       0x44 ./User/Src/stm32f4xx_it.o
 .comment       0x0000000000000043       0x44 ./User/Src/system_stm32f4xx.o
 .comment       0x0000000000000043       0x44 ./User/Src/usb_device.o

.debug_frame    0x0000000000000000       0xac
 .debug_frame   0x0000000000000000       0x20 C:/ST/STM32CubeIDE_1.13.2/STM32CubeIDE/plugins/com.st.stm32cube.ide.mcu.externaltools.gnu-tools-for-stm32.11.3.rel1.win32_1.1.1.202309131626/tools/bin/../lib/gcc/arm-none-eabi/11.3.1/../../../../arm-none-eabi/lib/thumb/v7e-m+fp/hard\libc_nano.a(libc_a-memset.o)
 .debug_frame   0x0000000000000020       0x2c C:/ST/STM32CubeIDE_1.13.2/STM32CubeIDE/plugins/com.st.stm32cube.ide.mcu.externaltools.gnu-tools-for-stm32.11.3.rel1.win32_1.1.1.202309131626/tools/bin/../lib/gcc/arm-none-eabi/11.3.1/../../../../arm-none-eabi/lib/thumb/v7e-m+fp/hard\libc_nano.a(libc_a-init.o)
 .debug_frame   0x000000000000004c       0x2c C:/ST/STM32CubeIDE_1.13.2/STM32CubeIDE/plugins/com.st.stm32cube.ide.mcu.externaltools.gnu-tools-for-stm32.11.3.rel1.win32_1.1.1.202309131626/tools/bin/../lib/gcc/arm-none-eabi/11.3.1/thumb/v7e-m+fp/hard\libgcc.a(_aeabi_uldivmod.o)
 .debug_frame   0x0000000000000078       0x34 C:/ST/STM32CubeIDE_1.13.2/STM32CubeIDE/plugins/com.st.stm32cube.ide.mcu.externaltools.gnu-tools-for-stm32.11.3.rel1.win32_1.1.1.202309131626/tools/bin/../lib/gcc/arm-none-eabi/11.3.1/thumb/v7e-m+fp/hard\libgcc.a(_udivmoddi4.o)
