../Driver/STM32F4xx_HAL_Driver/Src/stm32f4xx_hal_dcmi.c:1081:13:DCMI_DMAXferCplt	8	static
../Driver/STM32F4xx_HAL_Driver/Src/stm32f4xx_hal_dcmi.c:177:19:HAL_DCMI_Init	16	static
../Driver/STM32F4xx_HAL_Driver/Src/stm32f4xx_hal_dcmi.c:276:19:HAL_DCMI_DeInit	8	static
../Driver/STM32F4xx_HAL_Driver/Src/stm32f4xx_hal_dcmi.c:361:19:HAL_DCMI_Start_DMA	32	static
../Driver/STM32F4xx_HAL_Driver/Src/stm32f4xx_hal_dcmi.c:444:19:HAL_DCMI_Stop	24	static
../Driver/STM32F4xx_HAL_Driver/Src/stm32f4xx_hal_dcmi.c:497:19:HAL_DCMI_Suspend	8	static
../Driver/STM32F4xx_HAL_Driver/Src/stm32f4xx_hal_dcmi.c:543:19:HAL_DCMI_Resume	0	static
../Driver/STM32F4xx_HAL_Driver/Src/stm32f4xx_hal_dcmi.c:666:13:HAL_DCMI_ErrorCallback	0	static
../Driver/STM32F4xx_HAL_Driver/Src/stm32f4xx_hal_dcmi.c:1138:13:DCMI_DMAError	8	static
../Driver/STM32F4xx_HAL_Driver/Src/stm32f4xx_hal_dcmi.c:681:13:HAL_DCMI_LineEventCallback	0	static
../Driver/STM32F4xx_HAL_Driver/Src/stm32f4xx_hal_dcmi.c:696:13:HAL_DCMI_VsyncEventCallback	0	static
../Driver/STM32F4xx_HAL_Driver/Src/stm32f4xx_hal_dcmi.c:711:13:HAL_DCMI_FrameEventCallback	0	static
../Driver/STM32F4xx_HAL_Driver/Src/stm32f4xx_hal_dcmi.c:569:6:HAL_DCMI_IRQHandler	16	static
../Driver/STM32F4xx_HAL_Driver/Src/stm32f4xx_hal_dcmi.c:749:19:HAL_DCMI_ConfigCrop	12	static
../Driver/STM32F4xx_HAL_Driver/Src/stm32f4xx_hal_dcmi.c:782:19:HAL_DCMI_DisableCrop	0	static
../Driver/STM32F4xx_HAL_Driver/Src/stm32f4xx_hal_dcmi.c:808:19:HAL_DCMI_EnableCrop	0	static
../Driver/STM32F4xx_HAL_Driver/Src/stm32f4xx_hal_dcmi.c:836:20:HAL_DCMI_ConfigSyncUnmask	0	static
../Driver/STM32F4xx_HAL_Driver/Src/stm32f4xx_hal_dcmi.c:885:23:HAL_DCMI_GetState	0	static
../Driver/STM32F4xx_HAL_Driver/Src/stm32f4xx_hal_dcmi.c:896:10:HAL_DCMI_GetError	0	static
