../Driver/STM32F4xx_HAL_Driver/Src/stm32f4xx_hal_dcmi.c:1131:13:DCMI_DMAXferCplt	8	static
../Driver/STM32F4xx_HAL_Driver/Src/stm32f4xx_hal_dcmi.c:177:19:HAL_DCMI_Init	16	static
../Driver/STM32F4xx_HAL_Driver/Src/stm32f4xx_hal_dcmi.c:276:19:HAL_DCMI_DeInit	8	static
../Driver/STM32F4xx_HAL_Driver/Src/stm32f4xx_hal_dcmi.c:361:19:HAL_DCMI_Start_DMA	32	static
../Driver/STM32F4xx_HAL_Driver/Src/stm32f4xx_hal_dcmi.c:491:19:HAL_DCMI_Stop	24	static
../Driver/STM32F4xx_HAL_Driver/Src/stm32f4xx_hal_dcmi.c:545:19:HAL_DCMI_Suspend	8	static
../Driver/STM32F4xx_HAL_Driver/Src/stm32f4xx_hal_dcmi.c:591:19:HAL_DCMI_Resume	0	static
../Driver/STM32F4xx_HAL_Driver/Src/stm32f4xx_hal_dcmi.c:716:13:HAL_DCMI_ErrorCallback	0	static
../Driver/STM32F4xx_HAL_Driver/Src/stm32f4xx_hal_dcmi.c:1188:13:DCMI_DMAError	8	static
../Driver/STM32F4xx_HAL_Driver/Src/stm32f4xx_hal_dcmi.c:731:13:HAL_DCMI_LineEventCallback	0	static
../Driver/STM32F4xx_HAL_Driver/Src/stm32f4xx_hal_dcmi.c:746:13:HAL_DCMI_VsyncEventCallback	0	static
../Driver/STM32F4xx_HAL_Driver/Src/stm32f4xx_hal_dcmi.c:761:13:HAL_DCMI_FrameEventCallback	0	static
../Driver/STM32F4xx_HAL_Driver/Src/stm32f4xx_hal_dcmi.c:617:6:HAL_DCMI_IRQHandler	16	static
../Driver/STM32F4xx_HAL_Driver/Src/stm32f4xx_hal_dcmi.c:799:19:HAL_DCMI_ConfigCrop	8	static
../Driver/STM32F4xx_HAL_Driver/Src/stm32f4xx_hal_dcmi.c:832:19:HAL_DCMI_DisableCrop	0	static
../Driver/STM32F4xx_HAL_Driver/Src/stm32f4xx_hal_dcmi.c:858:19:HAL_DCMI_EnableCrop	0	static
../Driver/STM32F4xx_HAL_Driver/Src/stm32f4xx_hal_dcmi.c:886:20:HAL_DCMI_ConfigSyncUnmask	4	static
../Driver/STM32F4xx_HAL_Driver/Src/stm32f4xx_hal_dcmi.c:935:23:HAL_DCMI_GetState	0	static
../Driver/STM32F4xx_HAL_Driver/Src/stm32f4xx_hal_dcmi.c:946:10:HAL_DCMI_GetError	0	static
